Component: Arm Compiler for Embedded 6.22 Tool: armlink [5ee90200]

==============================================================================

Section Cross References

    startup_stm32h743xx.o(STACK) refers (Special) to heapauxi.o(.text) for __use_two_region_memory
    startup_stm32h743xx.o(HEAP) refers (Special) to heapauxi.o(.text) for __use_two_region_memory
    startup_stm32h743xx.o(RESET) refers (Special) to heapauxi.o(.text) for __use_two_region_memory
    startup_stm32h743xx.o(RESET) refers to startup_stm32h743xx.o(STACK) for __initial_sp
    startup_stm32h743xx.o(RESET) refers to startup_stm32h743xx.o(.text) for Reset_Handler
    startup_stm32h743xx.o(RESET) refers to stm32h7xx_it.o(.text.NMI_Handler) for NMI_Handler
    startup_stm32h743xx.o(RESET) refers to stm32h7xx_it.o(.text.HardFault_Handler) for HardFault_Handler
    startup_stm32h743xx.o(RESET) refers to stm32h7xx_it.o(.text.MemManage_Handler) for MemManage_Handler
    startup_stm32h743xx.o(RESET) refers to stm32h7xx_it.o(.text.BusFault_Handler) for BusFault_Handler
    startup_stm32h743xx.o(RESET) refers to stm32h7xx_it.o(.text.UsageFault_Handler) for UsageFault_Handler
    startup_stm32h743xx.o(RESET) refers to stm32h7xx_it.o(.text.SVC_Handler) for SVC_Handler
    startup_stm32h743xx.o(RESET) refers to stm32h7xx_it.o(.text.DebugMon_Handler) for DebugMon_Handler
    startup_stm32h743xx.o(RESET) refers to stm32h7xx_it.o(.text.PendSV_Handler) for PendSV_Handler
    startup_stm32h743xx.o(RESET) refers to stm32h7xx_it.o(.text.SysTick_Handler) for SysTick_Handler
    startup_stm32h743xx.o(RESET) refers to usart.o(.text.USART1_IRQHandler) for USART1_IRQHandler
    startup_stm32h743xx.o(RESET) refers to atk_mc5640_dcmi.o(.text.DMA2_Stream1_IRQHandler) for DMA2_Stream1_IRQHandler
    startup_stm32h743xx.o(RESET) refers to atk_mc5640_dcmi.o(.text.DCMI_IRQHandler) for DCMI_IRQHandler
    startup_stm32h743xx.o(.text) refers (Special) to heapauxi.o(.text) for __use_two_region_memory
    startup_stm32h743xx.o(.text) refers to system_stm32h7xx.o(.text.SystemInit) for SystemInit
    startup_stm32h743xx.o(.text) refers to __main.o(!!!main) for __main
    startup_stm32h743xx.o(.text) refers to startup_stm32h743xx.o(HEAP) for Heap_Mem
    startup_stm32h743xx.o(.text) refers to startup_stm32h743xx.o(STACK) for Stack_Mem
    main.o(.text.show_mesg) refers to lcd.o(.text.lcd_show_string) for lcd_show_string
    main.o(.text.show_mesg) refers to putchar.o(.text) for putchar
    main.o(.text.show_mesg) refers to main.o(.rodata.str1.1) for .Lstr.12
    main.o(.text.show_mesg) refers to puts.o(.text) for puts
    main.o(.ARM.exidx.text.show_mesg) refers to main.o(.text.show_mesg) for [Anonymous Symbol]
    main.o(.text.main) refers to sys.o(.text.sys_cache_enable) for sys_cache_enable
    main.o(.text.main) refers to stm32h7xx_hal.o(.text.HAL_Init) for HAL_Init
    main.o(.text.main) refers to sys.o(.text.sys_stm32_clock_init) for sys_stm32_clock_init
    main.o(.text.main) refers to delay.o(.text.delay_init) for delay_init
    main.o(.text.main) refers to usart.o(.text.usart_init) for usart_init
    main.o(.text.main) refers to mpu.o(.text.mpu_memory_protection) for mpu_memory_protection
    main.o(.text.main) refers to led.o(.text.led_init) for led_init
    main.o(.text.main) refers to key.o(.text.key_init) for key_init
    main.o(.text.main) refers to sdram.o(.text.sdram_init) for sdram_init
    main.o(.text.main) refers to lcd.o(.text.lcd_init) for lcd_init
    main.o(.text.main) refers to pcf8574.o(.text.pcf8574_init) for pcf8574_init
    main.o(.text.main) refers to main.o(.text.show_mesg) for show_mesg
    main.o(.text.main) refers to demo.o(.text.demo_run) for demo_run
    main.o(.ARM.exidx.text.main) refers to main.o(.text.main) for [Anonymous Symbol]
    stm32h7xx_it.o(.ARM.exidx.text.NMI_Handler) refers to stm32h7xx_it.o(.text.NMI_Handler) for [Anonymous Symbol]
    stm32h7xx_it.o(.ARM.exidx.text.HardFault_Handler) refers to stm32h7xx_it.o(.text.HardFault_Handler) for [Anonymous Symbol]
    stm32h7xx_it.o(.ARM.exidx.text.MemManage_Handler) refers to stm32h7xx_it.o(.text.MemManage_Handler) for [Anonymous Symbol]
    stm32h7xx_it.o(.ARM.exidx.text.BusFault_Handler) refers to stm32h7xx_it.o(.text.BusFault_Handler) for [Anonymous Symbol]
    stm32h7xx_it.o(.ARM.exidx.text.UsageFault_Handler) refers to stm32h7xx_it.o(.text.UsageFault_Handler) for [Anonymous Symbol]
    stm32h7xx_it.o(.ARM.exidx.text.SVC_Handler) refers to stm32h7xx_it.o(.text.SVC_Handler) for [Anonymous Symbol]
    stm32h7xx_it.o(.ARM.exidx.text.DebugMon_Handler) refers to stm32h7xx_it.o(.text.DebugMon_Handler) for [Anonymous Symbol]
    stm32h7xx_it.o(.ARM.exidx.text.PendSV_Handler) refers to stm32h7xx_it.o(.text.PendSV_Handler) for [Anonymous Symbol]
    stm32h7xx_it.o(.text.SysTick_Handler) refers to stm32h7xx_hal.o(.text.HAL_IncTick) for HAL_IncTick
    stm32h7xx_it.o(.ARM.exidx.text.SysTick_Handler) refers to stm32h7xx_it.o(.text.SysTick_Handler) for [Anonymous Symbol]
[...]
    [Anonymous Symbol]                       0x08008b80   Section        0  key.o(.text.key_init)
    [Anonymous Symbol]                       0x08008c40   Section        0  lcd.o(.text.lcd_display_dir)
    [Anonymous Symbol]                       0x08008d68   Section        0  lcd.o(.text.lcd_ex_ili9341_reginit)
    [Anonymous Symbol]                       0x08009490   Section        0  lcd.o(.text.lcd_ex_ili9806_reginit)
    [Anonymous Symbol]                       0x08009f00   Section        0  lcd.o(.text.lcd_ex_nt35310_reginit)
    [Anonymous Symbol]                       0x0800ce28   Section        0  lcd.o(.text.lcd_ex_nt35510_reginit)
    [Anonymous Symbol]                       0x0800dbd8   Section        0  lcd.o(.text.lcd_ex_ssd1963_reginit)
    [Anonymous Symbol]                       0x0800e048   Section        0  lcd.o(.text.lcd_ex_st7789_reginit)
    [Anonymous Symbol]                       0x0800e5c8   Section        0  lcd.o(.text.lcd_ex_st7796_reginit)
    [Anonymous Symbol]                       0x0800eba8   Section        0  lcd.o(.text.lcd_init)
    [Anonymous Symbol]                       0x0800f240   Section        0  lcd.o(.text.lcd_scan_dir)
    [Anonymous Symbol]                       0x0800f528   Section        0  lcd.o(.text.lcd_set_cursor)
    [Anonymous Symbol]                       0x0800f7b0   Section        0  lcd.o(.text.lcd_show_char)
    [Anonymous Symbol]                       0x0800f928   Section        0  lcd.o(.text.lcd_show_string)
    [Anonymous Symbol]                       0x0800f9a0   Section        0  led.o(.text.led_init)
    [Anonymous Symbol]                       0x0800fa10   Section        0  ltdc.o(.text.ltdc_clear)
    [Anonymous Symbol]                       0x0800fa40   Section        0  ltdc.o(.text.ltdc_display_dir)
    [Anonymous Symbol]                       0x0800fa68   Section        0  ltdc.o(.text.ltdc_draw_point)
    [Anonymous Symbol]                       0x0800fab0   Section        0  ltdc.o(.text.ltdc_fill)
    [Anonymous Symbol]                       0x0800fb98   Section        0  ltdc.o(.text.ltdc_init)
    [Anonymous Symbol]                       0x0800fe50   Section        0  ltdc.o(.text.ltdc_panelid_read)
    [Anonymous Symbol]                       0x0800fef8   Section        0  main.o(.text.main)
    [Anonymous Symbol]                       0x0800ff48   Section        0  mpu.o(.text.mpu_memory_protection)
    [Anonymous Symbol]                       0x080100b0   Section        0  pcf8574.o(.text.pcf8574_init)
    [Anonymous Symbol]                       0x08010130   Section        0  pcf8574.o(.text.pcf8574_write_bit)
    [Anonymous Symbol]                       0x08010188   Section        0  sdram.o(.text.sdram_init)
    [Anonymous Symbol]                       0x08010260   Section        0  main.o(.text.show_mesg)
    [Anonymous Symbol]                       0x08010330   Section        0  sys.o(.text.sys_cache_enable)
    [Anonymous Symbol]                       0x080103d0   Section        0  sys.o(.text.sys_stm32_clock_init)
    [Anonymous Symbol]                       0x080104b0   Section        0  usart.o(.text.usart_init)
    $v0                                      0x080104ee   Number         0  fpinit.o(x$fpl$fpinit)
    x$fpl$fpinit                             0x080104ee   Section       26  fpinit.o(x$fpl$fpinit)
    uc_hextab                                0x08010508   Data          20  _printf_hex_int.o(.constdata)
    .constdata                               0x08010508   Section       40  _printf_hex_int.o(.constdata)
    lc_hextab                                0x0801051c   Data          20  _printf_hex_int.o(.constdata)
    .Lswitch.table.UART_SetConfig.5          0x08010530   Data           6  stm32h7xx_hal_uart.o(.rodata..Lswitch.table.UART_SetConfig.5)
    .Lswitch.table.UART_SetConfig.7          0x08010536   Data           6  stm32h7xx_hal_uart.o(.rodata..Lswitch.table.UART_SetConfig.7)
    .Lswitch.table.lcd_scan_dir.1            0x0801053c   Data          14  lcd.o(.rodata..Lswitch.table.lcd_scan_dir.1)
    .Lswitch.table.HAL_LTDC_SetPitch_NoReload 0x08014974   Data          32  stm32h7xx_hal_ltdc.o(.rodata.cst32)
    .Lstr.12                                 0x08014994   Data          34  main.o(.rodata.str1.1)
    [Anonymous Symbol]                       0x08014994   Section        0  main.o(.rodata.str1.1)
    .bss                                     0x24000018   Section       96  libspace.o(.bss)
    HAL_DCMI_MspInit.dma_handle              0x24000078   Data         120  atk_mc5640_dcmi.o(.bss.HAL_DCMI_MspInit.dma_handle)
    [Anonymous Symbol]                       0x24000078   Section        0  atk_mc5640_dcmi.o(.bss.HAL_DCMI_MspInit.dma_handle)
    g_atk_mc5640_dcmi_sta                    0x24000144   Data          84  atk_mc5640_dcmi.o(.bss.g_atk_mc5640_dcmi_sta)
    [Anonymous Symbol]                       0x24000144   Section        0  atk_mc5640_dcmi.o(.bss.g_atk_mc5640_dcmi_sta)
    g_atk_mc5640_sta.4                       0x24000198   Data           2  atk_mc5640.o(.bss.g_atk_mc5640_sta.4)
    [Anonymous Symbol]                       0x24000198   Section        0  atk_mc5640.o(.bss.g_atk_mc5640_sta.4)
    g_atk_mc5640_sta.5                       0x2400019a   Data           2  atk_mc5640.o(.bss.g_atk_mc5640_sta.5)
    [Anonymous Symbol]                       0x2400019a   Section        0  atk_mc5640.o(.bss.g_atk_mc5640_sta.5)
    g_fac_us                                 0x2400019c   Data           2  delay.o(.bss.g_fac_us)
    [Anonymous Symbol]                       0x2400019c   Section        0  delay.o(.bss.g_fac_us)
    Heap_Mem                                 0x24009060   Data           0  startup_stm32h743xx.o(HEAP)
    Stack_Mem                                0x24009060   Data        2048  startup_stm32h743xx.o(STACK)
    HEAP                                     0x24009060   Section        0  startup_stm32h743xx.o(HEAP)
    STACK                                    0x24009060   Section     2048  startup_stm32h743xx.o(STACK)
    __initial_sp                             0x24009860   Data           0  startup_stm32h743xx.o(STACK)

    Global Symbols

    Symbol Name                              Value     Ov Type        Size  Object(Section)

    BuildAttributes$$THM_ISAv4$E$P$D$K$B$S$7EM$VFPv5_D16$PE$PLD8$A:L22UL41UL21$X:L11$S22US41US21$IEEE1$IW$~IW$USESV6$~STKCKD$USESV7$~SHL$OTIME$ROPI$EBA8$UX$STANDARDLIB$REQ8$PRES8$EABIv2 0x00000000   Number         0  anon$$obj.o ABSOLUTE
    __ARM_exceptions_init                     - Undefined Weak Reference
    __alloca_initialize                       - Undefined Weak Reference
    __arm_preinit_                            - Undefined Weak Reference
    __arm_relocate_pie_                       - Undefined Weak Reference
    __cpp_initialize__aeabi_                  - Undefined Weak Reference
    __cxa_finalize                            - Undefined Weak Reference
    __rt_locale                               - Undefined Weak Reference
    __sigvec_lookup                           - Undefined Weak Reference
    _atexit_init                              - Undefined Weak Reference
    _call_atexit_fns                          - Undefined Weak Reference
    _clock_init                               - Undefined Weak Reference
    _fp_trap_init                             - Undefined Weak Reference
    _fp_trap_shutdown                         - Undefined Weak Reference
    _get_lc_collate                           - Undefined Weak Reference
    _get_lc_ctype                             - Undefined Weak Reference
    _get_lc_monetary                          - Undefined Weak Reference
    _get_lc_numeric                           - Undefined Weak Reference
    _get_lc_time                              - Undefined Weak Reference
    _getenv_init                              - Undefined Weak Reference
    _handle_redirection                       - Undefined Weak Reference
    _init_alloc                               - Undefined Weak Reference
    _init_user_alloc                          - Undefined Weak Reference
    _initio                                   - Undefined Weak Reference
    _mutex_acquire                            - Undefined Weak Reference
    _mutex_release                            - Undefined Weak Reference
    _printf_post_padding                      - Undefined Weak Reference
    _printf_pre_padding                       - Undefined Weak Reference
    _printf_truncate_unsigned                 - Undefined Weak Reference
    _rand_init                                - Undefined Weak Reference
    _signal_finish                            - Undefined Weak Reference
    _signal_init                              - Undefined Weak Reference
    _terminate_alloc                          - Undefined Weak Reference
    _terminate_user_alloc                     - Undefined Weak Reference
    _terminateio                              - Undefined Weak Reference
    __Vectors_Size                           0x00000298   Number         0  startup_stm32h743xx.o ABSOLUTE
    __Vectors                                0x08000000   Data           4  startup_stm32h743xx.o(RESET)
    __Vectors_End                            0x08000298   Data           0  startup_stm32h743xx.o(RESET)
    __main                                   0x08000299   Thumb Code     8  __main.o(!!!main)
    __scatterload                            0x080002a1   Thumb Code     0  __scatter.o(!!!scatter)
    __scatterload_rt2                        0x080002a1   Thumb Code    84  __scatter.o(!!!scatter)
    __scatterload_rt2_thumb_only             0x080002a1   Thumb Code     0  __scatter.o(!!!scatter)
    __scatterload_loop                       0x080002ab   Thumb Code     0  __scatter.o(!!!scatter)
    __scatterload_copy                       0x080002fd   Thumb Code    26  __scatter_copy.o(!!handler_copy)
    __scatterload_null                       0x08000319   Thumb Code     2  __scatter.o(!!handler_null)
    __scatterload_zeroinit                   0x0800031d   Thumb Code    28  __scatter_zi.o(!!handler_zi)
    _printf_percent                          0x08000339   Thumb Code     0  _printf_percent.o(.ARM.Collect$$_printf_percent$$00000000)
    _printf_x                                0x08000339   Thumb Code     0  _printf_x.o(.ARM.Collect$$_printf_percent$$0000000C)
    _printf_percent_end                      0x0800033f   Thumb Code     0  _printf_percent_end.o(.ARM.Collect$$_printf_percent$$00000017)
    __rt_lib_init                            0x08000343   Thumb Code     0  libinit.o(.ARM.Collect$$libinit$$00000000)
    __rt_lib_init_fp_1                       0x08000345   Thumb Code     0  libinit2.o(.ARM.Collect$$libinit$$00000001)
    __rt_lib_init_alloca_1                   0x08000349   Thumb Code     0  libinit2.o(.ARM.Collect$$libinit$$00000030)
    __rt_lib_init_argv_1                     0x08000349   Thumb Code     0  libinit2.o(.ARM.Collect$$libinit$$0000002E)
    __rt_lib_init_atexit_1                   0x08000349   Thumb Code     0  libinit2.o(.ARM.Collect$$libinit$$0000001D)
    __rt_lib_init_clock_1                    0x08000349   Thumb Code     0  libinit2.o(.ARM.Collect$$libinit$$00000023)
    __rt_lib_init_cpp_1                      0x08000349   Thumb Code     0  libinit2.o(.ARM.Collect$$libinit$$00000034)
    __rt_lib_init_exceptions_1               0x08000349   Thumb Code     0  libinit2.o(.ARM.Collect$$libinit$$00000032)
    __rt_lib_init_fp_trap_1                  0x08000349   Thumb Code     0  libinit2.o(.ARM.Collect$$libinit$$00000021)
    __rt_lib_init_getenv_1                   0x08000349   Thumb Code     0  libinit2.o(.ARM.Collect$$libinit$$00000025)
    __rt_lib_init_heap_1                     0x08000349   Thumb Code     0  libinit2.o(.ARM.Collect$$libinit$$0000000C)
    __rt_lib_init_lc_collate_1               0x08000349   Thumb Code     0  libinit2.o(.ARM.Collect$$libinit$$00000013)
    __rt_lib_init_lc_ctype_1                 0x08000349   Thumb Code     0  libinit2.o(.ARM.Collect$$libinit$$00000015)
    __rt_lib_init_lc_monetary_1              0x08000349   Thumb Code     0  libinit2.o(.ARM.Collect$$libinit$$00000017)
    __rt_lib_init_lc_numeric_1               0x08000349   Thumb Code     0  libinit2.o(.ARM.Collect$$libinit$$00000019)
    __rt_lib_init_lc_time_1                  0x08000349   Thumb Code     0  libinit2.o(.ARM.Collect$$libinit$$0000001B)
    __rt_lib_init_preinit_1                  0x08000349   Thumb Code     0  libinit2.o(.ARM.Collect$$libinit$$00000006)
    __rt_lib_init_rand_1                     0x08000349   Thumb Code     0  libinit2.o(.ARM.Collect$$libinit$$00000010)
    __rt_lib_init_relocate_pie_1             0x08000349   Thumb Code     0  libinit2.o(.ARM.Collect$$libinit$$00000004)
    __rt_lib_init_return                     0x08000349   Thumb Code     0  libinit2.o(.ARM.Collect$$libinit$$00000035)
    __rt_lib_init_signal_1                   0x08000349   Thumb Code     0  libinit2.o(.ARM.Collect$$libinit$$0000001F)
    __rt_lib_init_stdio_1                    0x08000349   Thumb Code     0  libinit2.o(.ARM.Collect$$libinit$$00000027)
    __rt_lib_init_user_alloc_1               0x08000349   Thumb Code     0  libinit2.o(.ARM.Collect$$libinit$$0000000E)
    __rt_lib_shutdown                        0x0800034b   Thumb Code     0  libshutdown.o(.ARM.Collect$$libshutdown$$00000000)
    __rt_lib_shutdown_cpp_1                  0x0800034d   Thumb Code     0  libshutdown2.o(.ARM.Collect$$libshutdown$$00000002)
    __rt_lib_shutdown_fp_trap_1              0x0800034d   Thumb Code     0  libshutdown2.o(.ARM.Collect$$libshutdown$$00000007)
    __rt_lib_shutdown_heap_1                 0x0800034d   Thumb Code     0  libshutdown2.o(.ARM.Collect$$libshutdown$$0000000F)
    __rt_lib_shutdown_return                 0x0800034d   Thumb Code     0  libshutdown2.o(.ARM.Collect$$libshutdown$$00000010)
    __rt_lib_shutdown_signal_1               0x0800034d   Thumb Code     0  libshutdown2.o(.ARM.Collect$$libshutdown$$0000000A)
    __rt_lib_shutdown_stdio_1                0x0800034d   Thumb Code     0  libshutdown2.o(.ARM.Collect$$libshutdown$$00000004)
    __rt_lib_shutdown_user_alloc_1           0x0800034d   Thumb Code     0  libshutdown2.o(.ARM.Collect$$libshutdown$$0000000C)
    __rt_entry                               0x0800034f   Thumb Code     0  __rtentry.o(.ARM.Collect$$rtentry$$00000000)
    __rt_entry_presh_1                       0x0800034f   Thumb Code     0  __rtentry2.o(.ARM.Collect$$rtentry$$00000002)
    __rt_entry_sh                            0x0800034f   Thumb Code     0  __rtentry4.o(.ARM.Collect$$rtentry$$00000004)
    __rt_entry_li                            0x08000355   Thumb Code     0  __rtentry2.o(.ARM.Collect$$rtentry$$0000000A)
    __rt_entry_postsh_1                      0x08000355   Thumb Code     0  __rtentry2.o(.ARM.Collect$$rtentry$$00000009)
    __rt_entry_main                          0x08000359   Thumb Code     0  __rtentry2.o(.ARM.Collect$$rtentry$$0000000D)
    __rt_entry_postli_1                      0x08000359   Thumb Code     0  __rtentry2.o(.ARM.Collect$$rtentry$$0000000C)
    __rt_exit                                0x08000361   Thumb Code     0  rtexit.o(.ARM.Collect$$rtexit$$00000000)
    __rt_exit_ls                             0x08000363   Thumb Code     0  rtexit2.o(.ARM.Collect$$rtexit$$00000003)
    __rt_exit_prels_1                        0x08000363   Thumb Code     0  rtexit2.o(.ARM.Collect$$rtexit$$00000002)
    __rt_exit_exit                           0x08000367   Thumb Code     0  rtexit2.o(.ARM.Collect$$rtexit$$00000004)
    Reset_Handler                            0x0800036d   Thumb Code    20  startup_stm32h743xx.o(.text)
    ADC3_IRQHandler                          0x08000393   Thumb Code     0  startup_stm32h743xx.o(.text)
    ADC_IRQHandler                           0x08000393   Thumb Code     0  startup_stm32h743xx.o(.text)
    BDMA_Channel0_IRQHandler                 0x08000393   Thumb Code     0  startup_stm32h743xx.o(.text)
    BDMA_Channel1_IRQHandler                 0x08000393   Thumb Code     0  startup_stm32h743xx.o(.text)
    BDMA_Channel2_IRQHandler                 0x08000393   Thumb Code     0  startup_stm32h743xx.o(.text)
    BDMA_Channel3_IRQHandler                 0x08000393   Thumb Code     0  startup_stm32h743xx.o(.text)
    BDMA_Channel4_IRQHandler                 0x08000393   Thumb Code     0  startup_stm32h743xx.o(.text)
    BDMA_Channel5_IRQHandler                 0x08000393   Thumb Code     0  startup_stm32h743xx.o(.text)
    BDMA_Channel6_IRQHandler                 0x08000393   Thumb Code     0  startup_stm32h743xx.o(.text)
    BDMA_Channel7_IRQHandler                 0x08000393   Thumb Code     0  startup_stm32h743xx.o(.text)
    CEC_IRQHandler                           0x08000393   Thumb Code     0  startup_stm32h743xx.o(.text)
    COMP1_IRQHandler                         0x08000393   Thumb Code     0  startup_stm32h743xx.o(.text)
    CRS_IRQHandler                           0x08000393   Thumb Code     0  startup_stm32h743xx.o(.text)
    DFSDM1_FLT0_IRQHandler                   0x08000393   Thumb Code     0  startup_stm32h743xx.o(.text)
    DFSDM1_FLT1_IRQHandler                   0x08000393   Thumb Code     0  startup_stm32h743xx.o(.text)
    DFSDM1_FLT2_IRQHandler                   0x08000393   Thumb Code     0  startup_stm32h743xx.o(.text)
    DFSDM1_FLT3_IRQHandler                   0x08000393   Thumb Code     0  startup_stm32h743xx.o(.text)
    DMA1_Stream0_IRQHandler                  0x08000393   Thumb Code     0  startup_stm32h743xx.o(.text)
    DMA1_Stream1_IRQHandler                  0x08000393   Thumb Code     0  startup_stm32h743xx.o(.text)
    DMA1_Stream2_IRQHandler                  0x08000393   Thumb Code     0  startup_stm32h743xx.o(.text)
    DMA1_Stream3_IRQHandler                  0x08000393   Thumb Code     0  startup_stm32h743xx.o(.text)
    DMA1_Stream4_IRQHandler                  0x08000393   Thumb Code     0  startup_stm32h743xx.o(.text)
    DMA1_Stream5_IRQHandler                  0x08000393   Thumb Code     0  startup_stm32h743xx.o(.text)
    DMA1_Stream6_IRQHandler                  0x08000393   Thumb Code     0  startup_stm32h743xx.o(.text)
    DMA1_Stream7_IRQHandler                  0x08000393   Thumb Code     0  startup_stm32h743xx.o(.text)
    DMA2D_IRQHandler                         0x08000393   Thumb Code     0  startup_stm32h743xx.o(.text)
    DMA2_Stream0_IRQHandler                  0x08000393   Thumb Code     0  startup_stm32h743xx.o(.text)
    DMA2_Stream2_IRQHandler                  0x08000393   Thumb Code     0  startup_stm32h743xx.o(.text)
    DMA2_Stream3_IRQHandler                  0x08000393   Thumb Code     0  startup_stm32h743xx.o(.text)
    DMA2_Stream4_IRQHandler                  0x08000393   Thumb Code     0  startup_stm32h743xx.o(.text)
    DMA2_Stream5_IRQHandler                  0x08000393   Thumb Code     0  startup_stm32h743xx.o(.text)
    DMA2_Stream6_IRQHandler                  0x08000393   Thumb Code     0  startup_stm32h743xx.o(.text)
    DMA2_Stream7_IRQHandler                  0x08000393   Thumb Code     0  startup_stm32h743xx.o(.text)
    DMAMUX1_OVR_IRQHandler                   0x08000393   Thumb Code     0  startup_stm32h743xx.o(.text)
    DMAMUX2_OVR_IRQHandler                   0x08000393   Thumb Code     0  startup_stm32h743xx.o(.text)
    ECC_IRQHandler                           0x08000393   Thumb Code     0  startup_stm32h743xx.o(.text)
    ETH_IRQHandler                           0x08000393   Thumb Code     0  startup_stm32h743xx.o(.text)
    ETH_WKUP_IRQHandler                      0x08000393   Thumb Code     0  startup_stm32h743xx.o(.text)
    EXTI0_IRQHandler                         0x08000393   Thumb Code     0  startup_stm32h743xx.o(.text)
    EXTI15_10_IRQHandler                     0x08000393   Thumb Code     0  startup_stm32h743xx.o(.text)
    EXTI1_IRQHandler                         0x08000393   Thumb Code     0  startup_stm32h743xx.o(.text)
    EXTI2_IRQHandler                         0x08000393   Thumb Code     0  startup_stm32h743xx.o(.text)
    EXTI3_IRQHandler                         0x08000393   Thumb Code     0  startup_stm32h743xx.o(.text)
    EXTI4_IRQHandler                         0x08000393   Thumb Code     0  startup_stm32h743xx.o(.text)
    EXTI9_5_IRQHandler                       0x08000393   Thumb Code     0  startup_stm32h743xx.o(.text)
    FDCAN1_IT0_IRQHandler                    0x08000393   Thumb Code     0  startup_stm32h743xx.o(.text)
    FDCAN1_IT1_IRQHandler                    0x08000393   Thumb Code     0  startup_stm32h743xx.o(.text)
    FDCAN2_IT0_IRQHandler                    0x08000393   Thumb Code     0  startup_stm32h743xx.o(.text)
    FDCAN2_IT1_IRQHandler                    0x08000393   Thumb Code     0  startup_stm32h743xx.o(.text)
    FDCAN_CAL_IRQHandler                     0x08000393   Thumb Code     0  startup_stm32h743xx.o(.text)
    FLASH_IRQHandler                         0x08000393   Thumb Code     0  startup_stm32h743xx.o(.text)
    FMC_IRQHandler                           0x08000393   Thumb Code     0  startup_stm32h743xx.o(.text)
    FPU_IRQHandler                           0x08000393   Thumb Code     0  startup_stm32h743xx.o(.text)
    HRTIM1_FLT_IRQHandler                    0x08000393   Thumb Code     0  startup_stm32h743xx.o(.text)
    HRTIM1_Master_IRQHandler                 0x08000393   Thumb Code     0  startup_stm32h743xx.o(.text)
    HRTIM1_TIMA_IRQHandler                   0x08000393   Thumb Code     0  startup_stm32h743xx.o(.text)
    HRTIM1_TIMB_IRQHandler                   0x08000393   Thumb Code     0  startup_stm32h743xx.o(.text)
    HRTIM1_TIMC_IRQHandler                   0x08000393   Thumb Code     0  startup_stm32h743xx.o(.text)
    HRTIM1_TIMD_IRQHandler                   0x08000393   Thumb Code     0  startup_stm32h743xx.o(.text)
    HRTIM1_TIME_IRQHandler                   0x08000393   Thumb Code     0  startup_stm32h743xx.o(.text)
    HSEM1_IRQHandler                         0x08000393   Thumb Code     0  startup_stm32h743xx.o(.text)
    I2C1_ER_IRQHandler                       0x08000393   Thumb Code     0  startup_stm32h743xx.o(.text)
    I2C1_EV_IRQHandler                       0x08000393   Thumb Code     0  startup_stm32h743xx.o(.text)
    I2C2_ER_IRQHandler                       0x08000393   Thumb Code     0  startup_stm32h743xx.o(.text)
    I2C2_EV_IRQHandler                       0x08000393   Thumb Code     0  startup_stm32h743xx.o(.text)
    I2C3_ER_IRQHandler                       0x08000393   Thumb Code     0  startup_stm32h743xx.o(.text)
    I2C3_EV_IRQHandler                       0x08000393   Thumb Code     0  startup_stm32h743xx.o(.text)
    I2C4_ER_IRQHandler                       0x08000393   Thumb Code     0  startup_stm32h743xx.o(.text)
    I2C4_EV_IRQHandler                       0x08000393   Thumb Code     0  startup_stm32h743xx.o(.text)
    JPEG_IRQHandler                          0x08000393   Thumb Code     0  startup_stm32h743xx.o(.text)
    LPTIM1_IRQHandler                        0x08000393   Thumb Code     0  startup_stm32h743xx.o(.text)
    LPTIM2_IRQHandler                        0x08000393   Thumb Code     0  startup_stm32h743xx.o(.text)
    LPTIM3_IRQHandler                        0x08000393   Thumb Code     0  startup_stm32h743xx.o(.text)
    LPTIM4_IRQHandler                        0x08000393   Thumb Code     0  startup_stm32h743xx.o(.text)
    LPTIM5_IRQHandler                        0x08000393   Thumb Code     0  startup_stm32h743xx.o(.text)
    LPUART1_IRQHandler                       0x08000393   Thumb Code     0  startup_stm32h743xx.o(.text)
    LTDC_ER_IRQHandler                       0x08000393   Thumb Code     0  startup_stm32h743xx.o(.text)
    LTDC_IRQHandler                          0x08000393   Thumb Code     0  startup_stm32h743xx.o(.text)
    MDIOS_IRQHandler                         0x08000393   Thumb Code     0  startup_stm32h743xx.o(.text)
    MDIOS_WKUP_IRQHandler                    0x08000393   Thumb Code     0  startup_stm32h743xx.o(.text)
    MDMA_IRQHandler                          0x08000393   Thumb Code     0  startup_stm32h743xx.o(.text)
    OTG_FS_EP1_IN_IRQHandler                 0x08000393   Thumb Code     0  startup_stm32h743xx.o(.text)
    OTG_FS_EP1_OUT_IRQHandler                0x08000393   Thumb Code     0  startup_stm32h743xx.o(.text)
    OTG_FS_IRQHandler                        0x08000393   Thumb Code     0  startup_stm32h743xx.o(.text)
    OTG_FS_WKUP_IRQHandler                   0x08000393   Thumb Code     0  startup_stm32h743xx.o(.text)
    OTG_HS_EP1_IN_IRQHandler                 0x08000393   Thumb Code     0  startup_stm32h743xx.o(.text)
    OTG_HS_EP1_OUT_IRQHandler                0x08000393   Thumb Code     0  startup_stm32h743xx.o(.text)
    OTG_HS_IRQHandler                        0x08000393   Thumb Code     0  startup_stm32h743xx.o(.text)
    OTG_HS_WKUP_IRQHandler                   0x08000393   Thumb Code     0  startup_stm32h743xx.o(.text)
    PVD_AVD_IRQHandler                       0x08000393   Thumb Code     0  startup_stm32h743xx.o(.text)
    QUADSPI_IRQHandler                       0x08000393   Thumb Code     0  startup_stm32h743xx.o(.text)
    RCC_IRQHandler                           0x08000393   Thumb Code     0  startup_stm32h743xx.o(.text)
    RNG_IRQHandler                           0x08000393   Thumb Code     0  startup_stm32h743xx.o(.text)
    RTC_Alarm_IRQHandler                     0x08000393   Thumb Code     0  startup_stm32h743xx.o(.text)
    RTC_WKUP_IRQHandler                      0x08000393   Thumb Code     0  startup_stm32h743xx.o(.text)
    SAI1_IRQHandler                          0x08000393   Thumb Code     0  startup_stm32h743xx.o(.text)
    SAI2_IRQHandler                          0x08000393   Thumb Code     0  startup_stm32h743xx.o(.text)
    SAI3_IRQHandler                          0x08000393   Thumb Code     0  startup_stm32h743xx.o(.text)
    SAI4_IRQHandler                          0x08000393   Thumb Code     0  startup_stm32h743xx.o(.text)
    SDMMC1_IRQHandler                        0x08000393   Thumb Code     0  startup_stm32h743xx.o(.text)
    SDMMC2_IRQHandler                        0x08000393   Thumb Code     0  startup_stm32h743xx.o(.text)
    SPDIF_RX_IRQHandler                      0x08000393   Thumb Code     0  startup_stm32h743xx.o(.text)
    SPI1_IRQHandler                          0x08000393   Thumb Code     0  startup_stm32h743xx.o(.text)
    SPI2_IRQHandler                          0x08000393   Thumb Code     0  startup_stm32h743xx.o(.text)
    SPI3_IRQHandler                          0x08000393   Thumb Code     0  startup_stm32h743xx.o(.text)
    SPI4_IRQHandler                          0x08000393   Thumb Code     0  startup_stm32h743xx.o(.text)
    SPI5_IRQHandler                          0x08000393   Thumb Code     0  startup_stm32h743xx.o(.text)
    SPI6_IRQHandler                          0x08000393   Thumb Code     0  startup_stm32h743xx.o(.text)
    SWPMI1_IRQHandler                        0x08000393   Thumb Code     0  startup_stm32h743xx.o(.text)
    TAMP_STAMP_IRQHandler                    0x08000393   Thumb Code     0  startup_stm32h743xx.o(.text)
    TIM15_IRQHandler                         0x08000393   Thumb Code     0  startup_stm32h743xx.o(.text)
    TIM16_IRQHandler                         0x08000393   Thumb Code     0  startup_stm32h743xx.o(.text)
    TIM17_IRQHandler                         0x08000393   Thumb Code     0  startup_stm32h743xx.o(.text)
    TIM1_BRK_IRQHandler                      0x08000393   Thumb Code     0  startup_stm32h743xx.o(.text)
    TIM1_CC_IRQHandler                       0x08000393   Thumb Code     0  startup_stm32h743xx.o(.text)
    TIM1_TRG_COM_IRQHandler                  0x08000393   Thumb Code     0  startup_stm32h743xx.o(.text)
    TIM1_UP_IRQHandler                       0x08000393   Thumb Code     0  startup_stm32h743xx.o(.text)
    TIM2_IRQHandler                          0x08000393   Thumb Code     0  startup_stm32h743xx.o(.text)
    TIM3_IRQHandler                          0x08000393   Thumb Code     0  startup_stm32h743xx.o(.text)
    TIM4_IRQHandler                          0x08000393   Thumb Code     0  startup_stm32h743xx.o(.text)
    TIM5_IRQHandler                          0x08000393   Thumb Code     0  startup_stm32h743xx.o(.text)
    TIM6_DAC_IRQHandler                      0x08000393   Thumb Code     0  startup_stm32h743xx.o(.text)
    TIM7_IRQHandler                          0x08000393   Thumb Code     0  startup_stm32h743xx.o(.text)
    TIM8_BRK_TIM12_IRQHandler                0x08000393   Thumb Code     0  startup_stm32h743xx.o(.text)
    TIM8_CC_IRQHandler                       0x08000393   Thumb Code     0  startup_stm32h743xx.o(.text)
    TIM8_TRG_COM_TIM14_IRQHandler            0x08000393   Thumb Code     0  startup_stm32h743xx.o(.text)
    TIM8_UP_TIM13_IRQHandler                 0x08000393   Thumb Code     0  startup_stm32h743xx.o(.text)
    UART4_IRQHandler                         0x08000393   Thumb Code     0  startup_stm32h743xx.o(.text)
    UART5_IRQHandler                         0x08000393   Thumb Code     0  startup_stm32h743xx.o(.text)
    UART7_IRQHandler                         0x08000393   Thumb Code     0  startup_stm32h743xx.o(.text)
    UART8_IRQHandler                         0x08000393   Thumb Code     0  startup_stm32h743xx.o(.text)
    USART2_IRQHandler                        0x08000393   Thumb Code     0  startup_stm32h743xx.o(.text)
    USART3_IRQHandler                        0x08000393   Thumb Code     0  startup_stm32h743xx.o(.text)
    USART6_IRQHandler                        0x08000393   Thumb Code     0  startup_stm32h743xx.o(.text)
    WAKEUP_PIN_IRQHandler                    0x08000393   Thumb Code     0  startup_stm32h743xx.o(.text)
    WWDG_IRQHandler                          0x08000393   Thumb Code     0  startup_stm32h743xx.o(.text)
    __user_initial_stackheap                 0x08000395   Thumb Code     0  startup_stm32h743xx.o(.text)
    __use_no_semihosting                     0x080003b9   Thumb Code     2  use_no_semi_2.o(.text)
    __aeabi_uldivmod                         0x080003bb   Thumb Code     0  lludivv7m.o(.text)
    _ll_udiv                                 0x080003bb   Thumb Code   240  lludivv7m.o(.text)
    __2printf                                0x080004ad   Thumb Code    20  noretval__2printf.o(.text)
    __printf                                 0x080004c5   Thumb Code   104  __printf.o(.text)
    _printf_int_hex                          0x0800052d   Thumb Code    84  _printf_hex_int.o(.text)
    _printf_longlong_hex                     0x0800052d   Thumb Code     0  _printf_hex_int.o(.text)
    putchar                                  0x08000585   Thumb Code     6  putchar.o(.text)
    puts                                     0x08000591   Thumb Code    40  puts.o(.text)
    __aeabi_memclr4                          0x080005bd   Thumb Code     0  rt_memclr_w.o(.text)
    __aeabi_memclr8                          0x080005bd   Thumb Code     0  rt_memclr_w.o(.text)
    __rt_memclr_w                            0x080005bd   Thumb Code     0  rt_memclr_w.o(.text)
    _memset_w                                0x080005c1   Thumb Code    74  rt_memclr_w.o(.text)
    __use_two_region_memory                  0x0800060b   Thumb Code     2  heapauxi.o(.text)
    __rt_heap_escrow$2region                 0x0800060d   Thumb Code     2  heapauxi.o(.text)
    __rt_heap_expand$2region                 0x0800060f   Thumb Code     2  heapauxi.o(.text)
    __semihosting$guard                      0x08000611   Thumb Code     0  use_no_semi.o(.text)
    __use_no_semihosting_swi                 0x08000611   Thumb Code     2  use_no_semi.o(.text)
    _printf_int_common                       0x08000613   Thumb Code   178  _printf_intcommon.o(.text)
    _printf_char_file                        0x080006c5   Thumb Code    32  _printf_char_file.o(.text)
    _printf_char_common                      0x080006f3   Thumb Code    32  _printf_char_common.o(.text)
    ferror                                   0x08000719   Thumb Code     8  ferror.o(.text)
    __user_setup_stackheap                   0x08000721   Thumb Code    74  sys_stackheap_outer.o(.text)
    exit                                     0x0800076b   Thumb Code    18  exit.o(.text)
    __user_libspace                          0x0800077d   Thumb Code     8  libspace.o(.text)
    __user_perproc_libspace                  0x0800077d   Thumb Code     0  libspace.o(.text)
    __user_perthread_libspace                0x0800077d   Thumb Code     0  libspace.o(.text)
    BusFault_Handler                         0x08000789   Thumb Code     2  stm32h7xx_it.o(.text.BusFault_Handler)
    DCMI_IRQHandler                          0x08000839   Thumb Code    12  atk_mc5640_dcmi.o(.text.DCMI_IRQHandler)
    DMA2_Stream1_IRQHandler                  0x08000849   Thumb Code    14  atk_mc5640_dcmi.o(.text.DMA2_Stream1_IRQHandler)
    DebugMon_Handler                         0x08000d79   Thumb Code     2  stm32h7xx_it.o(.text.DebugMon_Handler)
    FMC_NORSRAM_Extended_Timing_Init         0x08000d81   Thumb Code    70  stm32h7xx_ll_fmc.o(.text.FMC_NORSRAM_Extended_Timing_Init)
    FMC_NORSRAM_Init                         0x08000dc9   Thumb Code   142  stm32h7xx_ll_fmc.o(.text.FMC_NORSRAM_Init)
    FMC_NORSRAM_Timing_Init                  0x08000e59   Thumb Code    96  stm32h7xx_ll_fmc.o(.text.FMC_NORSRAM_Timing_Init)
    FMC_SDRAM_Init                           0x08000eb9   Thumb Code   134  stm32h7xx_ll_fmc.o(.text.FMC_SDRAM_Init)
    FMC_SDRAM_ProgramRefreshRate             0x08000f41   Thumb Code    22  stm32h7xx_ll_fmc.o(.text.FMC_SDRAM_ProgramRefreshRate)
    FMC_SDRAM_SendCommand                    0x08000f59   Thumb Code    46  stm32h7xx_ll_fmc.o(.text.FMC_SDRAM_SendCommand)
    FMC_SDRAM_Timing_Init                    0x08000f89   Thumb Code   216  stm32h7xx_ll_fmc.o(.text.FMC_SDRAM_Timing_Init)
    HAL_DCMI_ErrorCallback                   0x08001061   Thumb Code     2  stm32h7xx_hal_dcmi.o(.text.HAL_DCMI_ErrorCallback)
    HAL_DCMI_FrameEventCallback              0x08001069   Thumb Code    22  atk_mc5640_dcmi.o(.text.HAL_DCMI_FrameEventCallback)
    HAL_DCMI_IRQHandler                      0x08001081   Thumb Code   166  stm32h7xx_hal_dcmi.o(.text.HAL_DCMI_IRQHandler)
    HAL_DCMI_Init                            0x08001129   Thumb Code   162  stm32h7xx_hal_dcmi.o(.text.HAL_DCMI_Init)
    HAL_DCMI_LineEventCallback               0x080011d1   Thumb Code     2  stm32h7xx_hal_dcmi.o(.text.HAL_DCMI_LineEventCallback)
    HAL_DCMI_MspInit                         0x080011d9   Thumb Code   672  atk_mc5640_dcmi.o(.text.HAL_DCMI_MspInit)
    HAL_DCMI_Start_DMA                       0x08001479   Thumb Code   226  stm32h7xx_hal_dcmi.o(.text.HAL_DCMI_Start_DMA)
    HAL_DCMI_Stop                            0x08001561   Thumb Code   130  stm32h7xx_hal_dcmi.o(.text.HAL_DCMI_Stop)
    HAL_DCMI_VsyncEventCallback              0x080015e9   Thumb Code     2  stm32h7xx_hal_dcmi.o(.text.HAL_DCMI_VsyncEventCallback)
    HAL_DMAEx_ChangeMemory                   0x080015f1   Thumb Code    16  stm32h7xx_hal_dma_ex.o(.text.HAL_DMAEx_ChangeMemory)
    HAL_DMAEx_MultiBufferStart_IT            0x08001601   Thumb Code  1506  stm32h7xx_hal_dma_ex.o(.text.HAL_DMAEx_MultiBufferStart_IT)
    HAL_DMA_Abort                            0x08001be9   Thumb Code  1248  stm32h7xx_hal_dma.o(.text.HAL_DMA_Abort)
    HAL_DMA_Abort_IT                         0x080020c9   Thumb Code   664  stm32h7xx_hal_dma.o(.text.HAL_DMA_Abort_IT)
    HAL_DMA_IRQHandler                       0x08002361   Thumb Code  2684  stm32h7xx_hal_dma.o(.text.HAL_DMA_IRQHandler)
    HAL_DMA_Init                             0x08002de1   Thumb Code  1566  stm32h7xx_hal_dma.o(.text.HAL_DMA_Init)
    HAL_DMA_Start_IT                         0x08003401   Thumb Code   902  stm32h7xx_hal_dma.o(.text.HAL_DMA_Start_IT)
    HAL_EnableCompensationCell               0x08003789   Thumb Code    18  stm32h7xx_hal.o(.text.HAL_EnableCompensationCell)
    HAL_GPIO_Init                            0x080037a1   Thumb Code   418  stm32h7xx_hal_gpio.o(.text.HAL_GPIO_Init)
    HAL_GPIO_ReadPin                         0x08003949   Thumb Code    10  stm32h7xx_hal_gpio.o(.text.HAL_GPIO_ReadPin)
    HAL_GPIO_TogglePin                       0x08003959   Thumb Code    16  stm32h7xx_hal_gpio.o(.text.HAL_GPIO_TogglePin)
    HAL_GPIO_WritePin                        0x08003969   Thumb Code    10  stm32h7xx_hal_gpio.o(.text.HAL_GPIO_WritePin)
    HAL_GetREVID                             0x08003979   Thumb Code    14  stm32h7xx_hal.o(.text.HAL_GetREVID)
    HAL_GetTick                              0x08003989   Thumb Code    12  stm32h7xx_hal.o(.text.HAL_GetTick)
    HAL_IncTick                              0x08003999   Thumb Code    26  stm32h7xx_hal.o(.text.HAL_IncTick)
    HAL_Init                                 0x080039b9   Thumb Code   100  stm32h7xx_hal.o(.text.HAL_Init)
    HAL_InitTick                             0x08003a21   Thumb Code    88  stm32h7xx_hal.o(.text.HAL_InitTick)
    HAL_LTDC_ConfigLayer                     0x08003a79   Thumb Code   116  stm32h7xx_hal_ltdc.o(.text.HAL_LTDC_ConfigLayer)
    HAL_LTDC_Init                            0x08003af1   Thumb Code   226  stm32h7xx_hal_ltdc.o(.text.HAL_LTDC_Init)
    HAL_LTDC_MspInit                         0x08003bd9   Thumb Code   312  ltdc.o(.text.HAL_LTDC_MspInit)
    HAL_LTDC_SetWindowPosition               0x08003d11   Thumb Code    80  stm32h7xx_hal_ltdc.o(.text.HAL_LTDC_SetWindowPosition)
    HAL_LTDC_SetWindowSize                   0x08003d61   Thumb Code    84  stm32h7xx_hal_ltdc.o(.text.HAL_LTDC_SetWindowSize)
    HAL_MPU_ConfigRegion                     0x08003db9   Thumb Code    94  stm32h7xx_hal_cortex.o(.text.HAL_MPU_ConfigRegion)
    HAL_MPU_Disable                          0x08003e19   Thumb Code    26  stm32h7xx_hal_cortex.o(.text.HAL_MPU_Disable)
    HAL_MPU_Enable                           0x08003e39   Thumb Code    32  stm32h7xx_hal_cortex.o(.text.HAL_MPU_Enable)
    HAL_MspInit                              0x08003e59   Thumb Code     2  stm32h7xx_hal.o(.text.HAL_MspInit)
    HAL_NVIC_EnableIRQ                       0x08003e61   Thumb Code    34  stm32h7xx_hal_cortex.o(.text.HAL_NVIC_EnableIRQ)
    HAL_NVIC_SetPriority                     0x08003e89   Thumb Code    90  stm32h7xx_hal_cortex.o(.text.HAL_NVIC_SetPriority)
    HAL_NVIC_SetPriorityGrouping             0x08003ee9   Thumb Code    32  stm32h7xx_hal_cortex.o(.text.HAL_NVIC_SetPriorityGrouping)
    HAL_PWREx_EnableUSBVoltageDetector       0x08003f09   Thumb Code    18  stm32h7xx_hal_pwr_ex.o(.text.HAL_PWREx_EnableUSBVoltageDetector)
    HAL_RCCEx_GetD3PCLK1Freq                 0x08003f21   Thumb Code    38  stm32h7xx_hal_rcc_ex.o(.text.HAL_RCCEx_GetD3PCLK1Freq)
    HAL_RCCEx_GetPLL2ClockFreq               0x08003f49   Thumb Code   280  stm32h7xx_hal_rcc_ex.o(.text.HAL_RCCEx_GetPLL2ClockFreq)
    HAL_RCCEx_GetPLL3ClockFreq               0x08004071   Thumb Code   280  stm32h7xx_hal_rcc_ex.o(.text.HAL_RCCEx_GetPLL3ClockFreq)
    HAL_RCCEx_PeriphCLKConfig                0x08004199   Thumb Code  2430  stm32h7xx_hal_rcc_ex.o(.text.HAL_RCCEx_PeriphCLKConfig)
    HAL_RCC_ClockConfig                      0x08004b19   Thumb Code   586  stm32h7xx_hal_rcc.o(.text.HAL_RCC_ClockConfig)
    HAL_RCC_GetHCLKFreq                      0x08004d69   Thumb Code    76  stm32h7xx_hal_rcc.o(.text.HAL_RCC_GetHCLKFreq)
    HAL_RCC_GetPCLK1Freq                     0x08004db9   Thumb Code    96  stm32h7xx_hal_rcc.o(.text.HAL_RCC_GetPCLK1Freq)
    HAL_RCC_GetPCLK2Freq                     0x08004e19   Thumb Code    96  stm32h7xx_hal_rcc.o(.text.HAL_RCC_GetPCLK2Freq)
    HAL_RCC_GetSysClockFreq                  0x08004e79   Thumb Code   252  stm32h7xx_hal_rcc.o(.text.HAL_RCC_GetSysClockFreq)
    HAL_RCC_OscConfig                        0x08004f89   Thumb Code  1502  stm32h7xx_hal_rcc.o(.text.HAL_RCC_OscConfig)
    HAL_SDRAM_Init                           0x08005569   Thumb Code    80  stm32h7xx_hal_sdram.o(.text.HAL_SDRAM_Init)
    HAL_SDRAM_MspInit                        0x080055b9   Thumb Code   232  sdram.o(.text.HAL_SDRAM_MspInit)
    HAL_SDRAM_ProgramRefreshRate             0x080056a1   Thumb Code    58  stm32h7xx_hal_sdram.o(.text.HAL_SDRAM_ProgramRefreshRate)
    HAL_SDRAM_SendCommand                    0x080056e1   Thumb Code    68  stm32h7xx_hal_sdram.o(.text.HAL_SDRAM_SendCommand)
    HAL_SRAM_Init                            0x08005729   Thumb Code   106  stm32h7xx_hal_sram.o(.text.HAL_SRAM_Init)
    HAL_SRAM_MspInit                         0x08005799   Thumb Code   130  lcd.o(.text.HAL_SRAM_MspInit)
    HAL_SYSTICK_CLKSourceConfig              0x08005821   Thumb Code    24  stm32h7xx_hal_cortex.o(.text.HAL_SYSTICK_CLKSourceConfig)
    HAL_SYSTICK_Config                       0x08005839   Thumb Code    44  stm32h7xx_hal_cortex.o(.text.HAL_SYSTICK_Config)
    HAL_UARTEx_RxEventCallback               0x08005869   Thumb Code     2  stm32h7xx_hal_uart.o(.text.HAL_UARTEx_RxEventCallback)
    HAL_UARTEx_RxFifoFullCallback            0x08005871   Thumb Code     2  stm32h7xx_hal_uart_ex.o(.text.HAL_UARTEx_RxFifoFullCallback)
    HAL_UARTEx_TxFifoEmptyCallback           0x08005879   Thumb Code     2  stm32h7xx_hal_uart_ex.o(.text.HAL_UARTEx_TxFifoEmptyCallback)
    HAL_UARTEx_WakeupCallback                0x08005881   Thumb Code     2  stm32h7xx_hal_uart_ex.o(.text.HAL_UARTEx_WakeupCallback)
    HAL_UART_ErrorCallback                   0x08005889   Thumb Code     2  stm32h7xx_hal_uart.o(.text.HAL_UART_ErrorCallback)
    HAL_UART_GetState                        0x08005891   Thumb Code    12  stm32h7xx_hal_uart.o(.text.HAL_UART_GetState)
    HAL_UART_IRQHandler                      0x080058a1   Thumb Code   902  stm32h7xx_hal_uart.o(.text.HAL_UART_IRQHandler)
    HAL_UART_Init                            0x08005c29   Thumb Code   196  stm32h7xx_hal_uart.o(.text.HAL_UART_Init)
    HAL_UART_MspInit                         0x08005cf1   Thumb Code   158  usart.o(.text.HAL_UART_MspInit)
    HAL_UART_Receive_IT                      0x08005d91   Thumb Code   110  stm32h7xx_hal_uart.o(.text.HAL_UART_Receive_IT)
    HAL_UART_RxCpltCallback                  0x08005e01   Thumb Code   110  usart.o(.text.HAL_UART_RxCpltCallback)
    HAL_UART_TxCpltCallback                  0x08005e71   Thumb Code     2  stm32h7xx_hal_uart.o(.text.HAL_UART_TxCpltCallback)
    HardFault_Handler                        0x08005e79   Thumb Code     2  stm32h7xx_it.o(.text.HardFault_Handler)
    MemManage_Handler                        0x08005fa9   Thumb Code     2  stm32h7xx_it.o(.text.MemManage_Handler)
    NMI_Handler                              0x08005fb1   Thumb Code     2  stm32h7xx_it.o(.text.NMI_Handler)
    PendSV_Handler                           0x08005fb9   Thumb Code     2  stm32h7xx_it.o(.text.PendSV_Handler)
    SVC_Handler                              0x08006201   Thumb Code     2  stm32h7xx_it.o(.text.SVC_Handler)
    SysTick_Handler                          0x08006209   Thumb Code     4  stm32h7xx_it.o(.text.SysTick_Handler)
    SystemInit                               0x08006211   Thumb Code   204  system_stm32h7xx.o(.text.SystemInit)
    UART_AdvFeatureConfig                    0x080062e1   Thumb Code   224  stm32h7xx_hal_uart.o(.text.UART_AdvFeatureConfig)
    UART_SetConfig                           0x08006871   Thumb Code  1088  stm32h7xx_hal_uart.o(.text.UART_SetConfig)
    UART_Start_Receive_IT                    0x08006cb9   Thumb Code   300  stm32h7xx_hal_uart.o(.text.UART_Start_Receive_IT)
    UART_WaitOnFlagUntilTimeout              0x08006de9   Thumb Code   232  stm32h7xx_hal_uart.o(.text.UART_WaitOnFlagUntilTimeout)
    USART1_IRQHandler                        0x08006ed1   Thumb Code    88  usart.o(.text.USART1_IRQHandler)
    UsageFault_Handler                       0x08006f29   Thumb Code     2  stm32h7xx_it.o(.text.UsageFault_Handler)
    _sys_exit                                0x08006f31   Thumb Code     2  usart.o(.text._sys_exit)
    atk_mc5640_auto_focus_continuance        0x08006f39   Thumb Code   180  atk_mc5640.o(.text.atk_mc5640_auto_focus_continuance)
    atk_mc5640_auto_focus_init               0x08006ff1   Thumb Code   230  atk_mc5640.o(.text.atk_mc5640_auto_focus_init)
    atk_mc5640_dcmi_init                     0x080070d9   Thumb Code    38  atk_mc5640_dcmi.o(.text.atk_mc5640_dcmi_init)
    atk_mc5640_dcmi_start                    0x08007101   Thumb Code    82  atk_mc5640_dcmi.o(.text.atk_mc5640_dcmi_start)
    atk_mc5640_get_frame                     0x08007159   Thumb Code   332  atk_mc5640.o(.text.atk_mc5640_get_frame)
    atk_mc5640_init                          0x08007379   Thumb Code   344  atk_mc5640.o(.text.atk_mc5640_init)
    atk_mc5640_sccb_2_phase_read             0x080074d1   Thumb Code   304  atk_mc5640_sccb.o(.text.atk_mc5640_sccb_2_phase_read)
    atk_mc5640_sccb_2_phase_write            0x08007601   Thumb Code   138  atk_mc5640_sccb.o(.text.atk_mc5640_sccb_2_phase_write)
    atk_mc5640_sccb_3_phase_write            0x08007691   Thumb Code   150  atk_mc5640_sccb.o(.text.atk_mc5640_sccb_3_phase_write)
    atk_mc5640_sccb_init                     0x08007729   Thumb Code   162  atk_mc5640_sccb.o(.text.atk_mc5640_sccb_init)
    atk_mc5640_set_brightness                0x08007849   Thumb Code    72  atk_mc5640.o(.text.atk_mc5640_set_brightness)
    atk_mc5640_set_color_saturation          0x080078a9   Thumb Code    84  atk_mc5640.o(.text.atk_mc5640_set_color_saturation)
    atk_mc5640_set_contrast                  0x08007901   Thumb Code    82  atk_mc5640.o(.text.atk_mc5640_set_contrast)
    atk_mc5640_set_exposure_level            0x08007959   Thumb Code   698  atk_mc5640.o(.text.atk_mc5640_set_exposure_level)
    atk_mc5640_set_hue                       0x08007c19   Thumb Code    88  atk_mc5640.o(.text.atk_mc5640_set_hue)
    atk_mc5640_set_light_mode                0x08007c99   Thumb Code   694  atk_mc5640.o(.text.atk_mc5640_set_light_mode)
    atk_mc5640_set_mirror_flip               0x08007f51   Thumb Code   342  atk_mc5640.o(.text.atk_mc5640_set_mirror_flip)
    atk_mc5640_set_output_format             0x080080a9   Thumb Code    86  atk_mc5640.o(.text.atk_mc5640_set_output_format)
    atk_mc5640_set_output_size               0x08008101   Thumb Code   334  atk_mc5640.o(.text.atk_mc5640_set_output_size)
    atk_mc5640_set_pre_scaling_window        0x08008251   Thumb Code   208  atk_mc5640.o(.text.atk_mc5640_set_pre_scaling_window)
    atk_mc5640_set_sharpness_level           0x08008321   Thumb Code   336  atk_mc5640.o(.text.atk_mc5640_set_sharpness_level)
    atk_mc5640_set_special_effect            0x08008471   Thumb Code   300  atk_mc5640.o(.text.atk_mc5640_set_special_effect)
    atk_mc5640_set_test_pattern              0x080085a1   Thumb Code    56  atk_mc5640.o(.text.atk_mc5640_set_test_pattern)
    delay_init                               0x080085d9   Thumb Code    22  delay.o(.text.delay_init)
    delay_ms                                 0x080085f1   Thumb Code   146  delay.o(.text.delay_ms)
    delay_us                                 0x08008689   Thumb Code    58  delay.o(.text.delay_us)
    demo_run                                 0x080086c9   Thumb Code   448  demo.o(.text.demo_run)
    fputc                                    0x080088a9   Thumb Code    20  usart.o(.text.fputc)
    iic_init                                 0x080088c1   Thumb Code   148  myiic.o(.text.iic_init)
    iic_read_byte                            0x08008959   Thumb Code   188  myiic.o(.text.iic_read_byte)
    iic_send_byte                            0x08008a19   Thumb Code    86  myiic.o(.text.iic_send_byte)
    iic_start                                0x08008a71   Thumb Code    72  myiic.o(.text.iic_start)
    iic_stop                                 0x08008ab9   Thumb Code    62  myiic.o(.text.iic_stop)
    iic_wait_ack                             0x08008af9   Thumb Code   136  myiic.o(.text.iic_wait_ack)
    key_init                                 0x08008b81   Thumb Code   188  key.o(.text.key_init)
    lcd_display_dir                          0x08008c41   Thumb Code   290  lcd.o(.text.lcd_display_dir)
    lcd_ex_ili9341_reginit                   0x08008d69   Thumb Code  1826  lcd.o(.text.lcd_ex_ili9341_reginit)
    lcd_ex_ili9806_reginit                   0x08009491   Thumb Code  2672  lcd.o(.text.lcd_ex_ili9806_reginit)
    lcd_ex_nt35310_reginit                   0x08009f01   Thumb Code 12066  lcd.o(.text.lcd_ex_nt35310_reginit)
    lcd_ex_nt35510_reginit                   0x0800ce29   Thumb Code  3502  lcd.o(.text.lcd_ex_nt35510_reginit)
    lcd_ex_ssd1963_reginit                   0x0800dbd9   Thumb Code  1130  lcd.o(.text.lcd_ex_ssd1963_reginit)
    lcd_ex_st7789_reginit                    0x0800e049   Thumb Code  1404  lcd.o(.text.lcd_ex_st7789_reginit)
    lcd_ex_st7796_reginit                    0x0800e5c9   Thumb Code  1498  lcd.o(.text.lcd_ex_st7796_reginit)
    lcd_init                                 0x0800eba9   Thumb Code  1672  lcd.o(.text.lcd_init)
    lcd_scan_dir                             0x0800f241   Thumb Code   736  lcd.o(.text.lcd_scan_dir)
    lcd_set_cursor                           0x0800f529   Thumb Code   648  lcd.o(.text.lcd_set_cursor)
    lcd_show_char                            0x0800f7b1   Thumb Code   374  lcd.o(.text.lcd_show_char)
    lcd_show_string                          0x0800f929   Thumb Code   116  lcd.o(.text.lcd_show_string)
    led_init                                 0x0800f9a1   Thumb Code   112  led.o(.text.led_init)
    ltdc_clear                               0x0800fa11   Thumb Code    42  ltdc.o(.text.ltdc_clear)
    ltdc_display_dir                         0x0800fa41   Thumb Code    40  ltdc.o(.text.ltdc_display_dir)
    ltdc_draw_point                          0x0800fa69   Thumb Code    70  ltdc.o(.text.ltdc_draw_point)
    ltdc_fill                                0x0800fab1   Thumb Code   232  ltdc.o(.text.ltdc_fill)
    ltdc_init                                0x0800fb99   Thumb Code   690  ltdc.o(.text.ltdc_init)
    ltdc_panelid_read                        0x0800fe51   Thumb Code   156  ltdc.o(.text.ltdc_panelid_read)
    main                                     0x0800fef9   Thumb Code    74  main.o(.text.main)
    mpu_memory_protection                    0x0800ff49   Thumb Code   360  mpu.o(.text.mpu_memory_protection)
    pcf8574_init                             0x080100b1   Thumb Code   126  pcf8574.o(.text.pcf8574_init)
    pcf8574_write_bit                        0x08010131   Thumb Code    88  pcf8574.o(.text.pcf8574_write_bit)
    sdram_init                               0x08010189   Thumb Code   216  sdram.o(.text.sdram_init)
    show_mesg                                0x08010261   Thumb Code   132  main.o(.text.show_mesg)
    sys_cache_enable                         0x08010331   Thumb Code   158  sys.o(.text.sys_cache_enable)
    sys_stm32_clock_init                     0x080103d1   Thumb Code   220  sys.o(.text.sys_stm32_clock_init)
    usart_init                               0x080104b1   Thumb Code    62  usart.o(.text.usart_init)
    _fp_init                                 0x080104ef   Thumb Code    26  fpinit.o(x$fpl$fpinit)
    __fplib_config_fpu_vfp                   0x08010507   Thumb Code     0  fpinit.o(x$fpl$fpinit)
    __fplib_config_pureend_doubles           0x08010507   Thumb Code     0  fpinit.o(x$fpl$fpinit)
    D1CorePrescTable                         0x0801054a   Data          16  system_stm32h7xx.o(.rodata.D1CorePrescTable)
    UARTPrescTable                           0x0801055a   Data          24  stm32h7xx_hal_uart.o(.rodata.UARTPrescTable)
    asc2_1206                                0x08010572   Data        1140  lcd.o(.rodata.asc2_1206)
    asc2_1608                                0x080109e6   Data        1520  lcd.o(.rodata.asc2_1608)
    asc2_2412                                0x08010fd6   Data        3420  lcd.o(.rodata.asc2_2412)
    asc2_3216                                0x08011d32   Data        6080  lcd.o(.rodata.asc2_3216)
    atk_mc5640_auto_focus_firmware           0x080134f2   Data        4077  atk_mc5640.o(.rodata.atk_mc5640_auto_focus_firmware)
    atk_mc5640_init_cfg                      0x080144e0   Data         828  atk_mc5640.o(.rodata.atk_mc5640_init_cfg)
    atk_mc5640_jpeg_cfg                      0x0801481c   Data         164  atk_mc5640.o(.rodata.atk_mc5640_jpeg_cfg)
    atk_mc5640_rgb565_cfg                    0x080148c0   Data         180  atk_mc5640.o(.rodata.atk_mc5640_rgb565_cfg)
    Region$$Table$$Base                      0x080149b8   Number         0  anon$$obj.o(Region$$Table)
    Region$$Table$$Limit                     0x080149d8   Number         0  anon$$obj.o(Region$$Table)
    __ARM_use_no_argv                        0x24000000   Data           4  main.o(.ARM.use_no_argv)
    SystemCoreClock                          0x24000004   Data           4  system_stm32h7xx.o(.data.SystemCoreClock)
    SystemD2Clock                            0x24000008   Data           4  system_stm32h7xx.o(.data.SystemD2Clock)
    g_back_color                             0x2400000c   Data           4  lcd.o(.data.g_back_color)
    uwTickFreq                               0x24000010   Data           1  stm32h7xx_hal.o(.data.uwTickFreq)
    uwTickPrio                               0x24000014   Data           4  stm32h7xx_hal.o(.data.uwTickPrio)
    __libspace_start                         0x24000018   Data          96  libspace.o(.bss)
    __temporary_stack_top$libspace           0x24000078   Data           0  libspace.o(.bss)
    __stdout                                 0x240000f0   Data          84  usart.o(.bss.__stdout)
    g_jpeg_buf                               0x240001a0   Data       35840  demo.o(.bss.g_jpeg_buf)
    g_ltdc_framebuf                          0x24008da0   Data           8  ltdc.o(.bss.g_ltdc_framebuf)
    g_ltdc_handle                            0x24008da8   Data         168  ltdc.o(.bss.g_ltdc_handle)
    g_rx_buffer                              0x24008e50   Data           1  usart.o(.bss.g_rx_buffer)
    g_sdram_handle                           0x24008e54   Data          52  sdram.o(.bss.g_sdram_handle)
    g_sram_handle                            0x24008e88   Data          76  lcd.o(.bss.g_sram_handle)
    g_uart1_handle                           0x24008ed4   Data         144  usart.o(.bss.g_uart1_handle)
    g_usart_rx_buf                           0x24008f64   Data         200  usart.o(.bss.g_usart_rx_buf)
    g_usart_rx_sta                           0x2400902c   Data           2  usart.o(.bss.g_usart_rx_sta)
    lcddev                                   0x2400902e   Data          14  lcd.o(.bss.lcddev)
    lcdltdc                                  0x2400903c   Data          32  ltdc.o(.bss.lcdltdc)
    uwTick                                   0x2400905c   Data           4  stm32h7xx_hal.o(.bss.uwTick)
    ltdc_lcd_framebuf                        0xc0000000   Data       2048000  ltdc.o(.bss.ARM.__at_0XC0000000)



==============================================================================

Memory Map of the image

  Image Entry point : 0x08000299

  Load Region LR_IROM1 (Base: 0x08000000, Size: 0x000149f0, Max: 0x00200000, ABSOLUTE)

    Execution Region ER_IROM1 (Exec base: 0x08000000, Load base: 0x08000000, Size: 0x000149d8, Max: 0x00200000, ABSOLUTE)

    Exec Addr    Load Addr    Size         Type   Attr      Idx    E Section Name        Object

    0x08000000   0x08000000   0x00000298   Data   RO            3    RESET               startup_stm32h743xx.o
    0x08000298   0x08000298   0x00000008   Code   RO         1931  * !!!main             c_w.l(__main.o)
    0x080002a0   0x080002a0   0x0000005c   Code   RO         2106    !!!scatter          c_w.l(__scatter.o)
    0x080002fc   0x080002fc   0x0000001a   Code   RO         2110    !!handler_copy      c_w.l(__scatter_copy.o)
    0x08000316   0x08000316   0x00000002   PAD
    0x08000318   0x08000318   0x00000002   Code   RO         2107    !!handler_null      c_w.l(__scatter.o)
    0x0800031a   0x0800031a   0x00000002   PAD
    0x0800031c   0x0800031c   0x0000001c   Code   RO         2112    !!handler_zi        c_w.l(__scatter_zi.o)
    0x08000338   0x08000338   0x00000000   Code   RO         1922    .ARM.Collect$$_printf_percent$$00000000  c_w.l(_printf_percent.o)
    0x08000338   0x08000338   0x00000006   Code   RO         1921    .ARM.Collect$$_printf_percent$$0000000C  c_w.l(_printf_x.o)
    0x0800033e   0x0800033e   0x00000004   Code   RO         1944    .ARM.Collect$$_printf_percent$$00000017  c_w.l(_printf_percent_end.o)
    0x08000342   0x08000342   0x00000002   Code   RO         1983    .ARM.Collect$$libinit$$00000000  c_w.l(libinit.o)
    0x08000344   0x08000344   0x00000004   Code   RO         1995    .ARM.Collect$$libinit$$00000001  c_w.l(libinit2.o)
    0x08000348   0x08000348   0x00000000   Code   RO         1998    .ARM.Collect$$libinit$$00000004  c_w.l(libinit2.o)
    0x08000348   0x08000348   0x00000000   Code   RO         2000    .ARM.Collect$$libinit$$00000006  c_w.l(libinit2.o)
    0x08000348   0x08000348   0x00000000   Code   RO         2003    .ARM.Collect$$libinit$$0000000C  c_w.l(libinit2.o)
    0x08000348   0x08000348   0x00000000   Code   RO         2005    .ARM.Collect$$libinit$$0000000E  c_w.l(libinit2.o)
    0x08000348   0x08000348   0x00000000   Code   RO         2007    .ARM.Collect$$libinit$$00000010  c_w.l(libinit2.o)
    0x08000348   0x08000348   0x00000000   Code   RO         2010    .ARM.Collect$$libinit$$00000013  c_w.l(libinit2.o)
    0x08000348   0x08000348   0x00000000   Code   RO         2012    .ARM.Collect$$libinit$$00000015  c_w.l(libinit2.o)
    0x08000348   0x08000348   0x00000000   Code   RO         2014    .ARM.Collect$$libinit$$00000017  c_w.l(libinit2.o)
    0x08000348   0x08000348   0x00000000   Code   RO         2016    .ARM.Collect$$libinit$$00000019  c_w.l(libinit2.o)
    0x08000348   0x08000348   0x00000000   Code   RO         2018    .ARM.Collect$$libinit$$0000001B  c_w.l(libinit2.o)
    0x08000348   0x08000348   0x00000000   Code   RO         2020    .ARM.Collect$$libinit$$0000001D  c_w.l(libinit2.o)
    0x08000348   0x08000348   0x00000000   Code   RO         2022    .ARM.Collect$$libinit$$0000001F  c_w.l(libinit2.o)
    0x08000348   0x08000348   0x00000000   Code   RO         2024    .ARM.Collect$$libinit$$00000021  c_w.l(libinit2.o)
    0x08000348   0x08000348   0x00000000   Code   RO         2026    .ARM.Collect$$libinit$$00000023  c_w.l(libinit2.o)
    0x08000348   0x08000348   0x00000000   Code   RO         2028    .ARM.Collect$$libinit$$00000025  c_w.l(libinit2.o)
    0x08000348   0x08000348   0x00000000   Code   RO         2030    .ARM.Collect$$libinit$$00000027  c_w.l(libinit2.o)
    0x08000348   0x08000348   0x00000000   Code   RO         2034    .ARM.Collect$$libinit$$0000002E  c_w.l(libinit2.o)
    0x08000348   0x08000348   0x00000000   Code   RO         2036    .ARM.Collect$$libinit$$00000030  c_w.l(libinit2.o)
    0x08000348   0x08000348   0x00000000   Code   RO         2038    .ARM.Collect$$libinit$$00000032  c_w.l(libinit2.o)
    0x08000348   0x08000348   0x00000000   Code   RO         2040    .ARM.Collect$$libinit$$00000034  c_w.l(libinit2.o)
    0x08000348   0x08000348   0x00000002   Code   RO         2041    .ARM.Collect$$libinit$$00000035  c_w.l(libinit2.o)
    0x0800034a   0x0800034a   0x00000002   Code   RO         2065    .ARM.Collect$$libshutdown$$00000000  c_w.l(libshutdown.o)
    0x0800034c   0x0800034c   0x00000000   Code   RO         2089    .ARM.Collect$$libshutdown$$00000002  c_w.l(libshutdown2.o)
    0x0800034c   0x0800034c   0x00000000   Code   RO         2091    .ARM.Collect$$libshutdown$$00000004  c_w.l(libshutdown2.o)
    0x0800034c   0x0800034c   0x00000000   Code   RO         2094    .ARM.Collect$$libshutdown$$00000007  c_w.l(libshutdown2.o)
    0x0800034c   0x0800034c   0x00000000   Code   RO         2097    .ARM.Collect$$libshutdown$$0000000A  c_w.l(libshutdown2.o)
    0x0800034c   0x0800034c   0x00000000   Code   RO         2099    .ARM.Collect$$libshutdown$$0000000C  c_w.l(libshutdown2.o)
    0x0800034c   0x0800034c   0x00000000   Code   RO         2102    .ARM.Collect$$libshutdown$$0000000F  c_w.l(libshutdown2.o)
    0x0800034c   0x0800034c   0x00000002   Code   RO         2103    .ARM.Collect$$libshutdown$$00000010  c_w.l(libshutdown2.o)
    0x0800034e   0x0800034e   0x00000000   Code   RO         1935    .ARM.Collect$$rtentry$$00000000  c_w.l(__rtentry.o)
    0x0800034e   0x0800034e   0x00000000   Code   RO         1946    .ARM.Collect$$rtentry$$00000002  c_w.l(__rtentry2.o)
    0x0800034e   0x0800034e   0x00000006   Code   RO         1958    .ARM.Collect$$rtentry$$00000004  c_w.l(__rtentry4.o)
    0x08000354   0x08000354   0x00000000   Code   RO         1948    .ARM.Collect$$rtentry$$00000009  c_w.l(__rtentry2.o)
    0x08000354   0x08000354   0x00000004   Code   RO         1949    .ARM.Collect$$rtentry$$0000000A  c_w.l(__rtentry2.o)
    0x08000358   0x08000358   0x00000000   Code   RO         1951    .ARM.Collect$$rtentry$$0000000C  c_w.l(__rtentry2.o)
    0x08000358   0x08000358   0x00000008   Code   RO         1952    .ARM.Collect$$rtentry$$0000000D  c_w.l(__rtentry2.o)
    0x08000360   0x08000360   0x00000002   Code   RO         1987    .ARM.Collect$$rtexit$$00000000  c_w.l(rtexit.o)
    0x08000362   0x08000362   0x00000000   Code   RO         2043    .ARM.Collect$$rtexit$$00000002  c_w.l(rtexit2.o)
    0x08000362   0x08000362   0x00000004   Code   RO         2044    .ARM.Collect$$rtexit$$00000003  c_w.l(rtexit2.o)
    0x08000366   0x08000366   0x00000006   Code   RO         2045    .ARM.Collect$$rtexit$$00000004  c_w.l(rtexit2.o)
    0x0800036c   0x0800036c   0x0000004c   Code   RO            4    .text               startup_stm32h743xx.o
    0x080003b8   0x080003b8   0x00000002   Code   RO         1870    .text               c_w.l(use_no_semi_2.o)
    0x080003ba   0x080003ba   0x000000f0   Code   RO         1872    .text               c_w.l(lludivv7m.o)
    0x080004aa   0x080004aa   0x00000002   PAD
    0x080004ac   0x080004ac   0x00000018   Code   RO         1876    .text               c_w.l(noretval__2printf.o)
    0x080004c4   0x080004c4   0x00000068   Code   RO         1878    .text               c_w.l(__printf.o)
    0x0800052c   0x0800052c   0x00000058   Code   RO         1883    .text               c_w.l(_printf_hex_int.o)
    0x08000584   0x08000584   0x0000000c   Code   RO         1923    .text               c_w.l(putchar.o)
    0x08000590   0x08000590   0x0000002c   Code   RO         1925    .text               c_w.l(puts.o)
    0x080005bc   0x080005bc   0x0000004e   Code   RO         1927    .text               c_w.l(rt_memclr_w.o)
    0x0800060a   0x0800060a   0x00000006   Code   RO         1929    .text               c_w.l(heapauxi.o)
    0x08000610   0x08000610   0x00000002   Code   RO         1933    .text               c_w.l(use_no_semi.o)
    0x08000612   0x08000612   0x000000b2   Code   RO         1940    .text               c_w.l(_printf_intcommon.o)
    0x080006c4   0x080006c4   0x00000024   Code   RO         1942    .text               c_w.l(_printf_char_file.o)
    0x080006e8   0x080006e8   0x00000030   Code   RO         1962    .text               c_w.l(_printf_char_common.o)
    0x08000718   0x08000718   0x00000008   Code   RO         1964    .text               c_w.l(ferror.o)
    0x08000720   0x08000720   0x0000004a   Code   RO         1968    .text               c_w.l(sys_stackheap_outer.o)
    0x0800076a   0x0800076a   0x00000012   Code   RO         1972    .text               c_w.l(exit.o)
    0x0800077c   0x0800077c   0x00000008   Code   RO         1984    .text               c_w.l(libspace.o)
    0x08000784   0x08000784   0x00000004   PAD
    0x08000788   0x08000788   0x00000002   Code   RO           30    .text.BusFault_Handler  stm32h7xx_it.o
    0x0800078a   0x0800078a   0x00000006   PAD
    0x08000790   0x08000790   0x0000001c   Code   RO         1506    .text.DCMI_DMAError  stm32h7xx_hal_dcmi.o
    0x080007ac   0x080007ac   0x00000004   PAD
    0x080007b0   0x080007b0   0x00000084   Code   RO         1504    .text.DCMI_DMAXferCplt  stm32h7xx_hal_dcmi.o
    0x08000834   0x08000834   0x00000004   PAD
    0x08000838   0x08000838   0x0000000c   Code   RO         1829    .text.DCMI_IRQHandler  atk_mc5640_dcmi.o
    0x08000844   0x08000844   0x00000004   PAD
    0x08000848   0x08000848   0x0000000e   Code   RO         1831    .text.DMA2_Stream1_IRQHandler  atk_mc5640_dcmi.o
    0x08000856   0x08000856   0x00000002   PAD
    0x08000858   0x08000858   0x00000118   Code   RO          301    .text.DMA_CalcBaseAndBitshift  stm32h7xx_hal_dma.o
    0x08000970   0x08000970   0x0000010c   Code   RO          337    .text.DMA_MultiBufferSetConfig  stm32h7xx_hal_dma_ex.o
    0x08000a7c   0x08000a7c   0x00000004   PAD
    0x08000a80   0x08000a80   0x000002f4   Code   RO          307    .text.DMA_SetConfig  stm32h7xx_hal_dma.o
    0x08000d74   0x08000d74   0x00000004   PAD
    0x08000d78   0x08000d78   0x00000002   Code   RO           36    .text.DebugMon_Handler  stm32h7xx_it.o
    0x08000d7a   0x08000d7a   0x00000006   PAD
    0x08000d80   0x08000d80   0x00000046   Code   RO         1180    .text.FMC_NORSRAM_Extended_Timing_Init  stm32h7xx_ll_fmc.o
    0x08000dc6   0x08000dc6   0x00000002   PAD
    0x08000dc8   0x08000dc8   0x0000008e   Code   RO         1174    .text.FMC_NORSRAM_Init  stm32h7xx_ll_fmc.o
    0x08000e56   0x08000e56   0x00000002   PAD
    0x08000e58   0x08000e58   0x00000060   Code   RO         1178    .text.FMC_NORSRAM_Timing_Init  stm32h7xx_ll_fmc.o
    0x08000eb8   0x08000eb8   0x00000086   Code   RO         1200    .text.FMC_SDRAM_Init  stm32h7xx_ll_fmc.o
    0x08000f3e   0x08000f3e   0x00000002   PAD
    0x08000f40   0x08000f40   0x00000016   Code   RO         1212    .text.FMC_SDRAM_ProgramRefreshRate  stm32h7xx_ll_fmc.o
    0x08000f56   0x08000f56   0x00000002   PAD
    0x08000f58   0x08000f58   0x0000002e   Code   RO         1210    .text.FMC_SDRAM_SendCommand  stm32h7xx_ll_fmc.o
    0x08000f86   0x08000f86   0x00000002   PAD
    0x08000f88   0x08000f88   0x000000d8   Code   RO         1202    .text.FMC_SDRAM_Timing_Init  stm32h7xx_ll_fmc.o
    0x08001060   0x08001060   0x00000002   Code   RO         1522    .text.HAL_DCMI_ErrorCallback  stm32h7xx_hal_dcmi.o
    0x08001062   0x08001062   0x00000006   PAD
    0x08001068   0x08001068   0x00000016   Code   RO         1833    .text.HAL_DCMI_FrameEventCallback  atk_mc5640_dcmi.o
    0x0800107e   0x0800107e   0x00000002   PAD
    0x08001080   0x08001080   0x000000a6   Code   RO         1514    .text.HAL_DCMI_IRQHandler  stm32h7xx_hal_dcmi.o
    0x08001126   0x08001126   0x00000002   PAD
    0x08001128   0x08001128   0x000000a2   Code   RO         1494    .text.HAL_DCMI_Init  stm32h7xx_hal_dcmi.o
    0x080011ca   0x080011ca   0x00000006   PAD
    0x080011d0   0x080011d0   0x00000002   Code   RO         1516    .text.HAL_DCMI_LineEventCallback  stm32h7xx_hal_dcmi.o
    0x080011d2   0x080011d2   0x00000006   PAD
    0x080011d8   0x080011d8   0x000002a0   Code   RO         1835    .text.HAL_DCMI_MspInit  atk_mc5640_dcmi.o
    0x08001478   0x08001478   0x000000e2   Code   RO         1502    .text.HAL_DCMI_Start_DMA  stm32h7xx_hal_dcmi.o
    0x0800155a   0x0800155a   0x00000006   PAD
    0x08001560   0x08001560   0x00000082   Code   RO         1508    .text.HAL_DCMI_Stop  stm32h7xx_hal_dcmi.o
    0x080015e2   0x080015e2   0x00000006   PAD
    0x080015e8   0x080015e8   0x00000002   Code   RO         1518    .text.HAL_DCMI_VsyncEventCallback  stm32h7xx_hal_dcmi.o
    0x080015ea   0x080015ea   0x00000006   PAD
    0x080015f0   0x080015f0   0x00000010   Code   RO          341    .text.HAL_DMAEx_ChangeMemory  stm32h7xx_hal_dma_ex.o
    0x08001600   0x08001600   0x000005e2   Code   RO          339    .text.HAL_DMAEx_MultiBufferStart_IT  stm32h7xx_hal_dma_ex.o
    0x08001be2   0x08001be2   0x00000006   PAD
    0x08001be8   0x08001be8   0x000004e0   Code   RO          311    .text.HAL_DMA_Abort  stm32h7xx_hal_dma.o
    0x080020c8   0x080020c8   0x00000298   Code   RO          313    .text.HAL_DMA_Abort_IT  stm32h7xx_hal_dma.o
    0x08002360   0x08002360   0x00000a7c   Code   RO          317    .text.HAL_DMA_IRQHandler  stm32h7xx_hal_dma.o
    0x08002ddc   0x08002ddc   0x00000004   PAD
    0x08002de0   0x08002de0   0x0000061e   Code   RO          299    .text.HAL_DMA_Init  stm32h7xx_hal_dma.o
    0x080033fe   0x080033fe   0x00000002   PAD
    0x08003400   0x08003400   0x00000386   Code   RO          309    .text.HAL_DMA_Start_IT  stm32h7xx_hal_dma.o
    0x08003786   0x08003786   0x00000002   PAD
    0x08003788   0x08003788   0x00000012   Code   RO          202    .text.HAL_EnableCompensationCell  stm32h7xx_hal.o
    0x0800379a   0x0800379a   0x00000006   PAD
    0x080037a0   0x080037a0   0x000001a2   Code   RO          361    .text.HAL_GPIO_Init  stm32h7xx_hal_gpio.o
    0x08003942   0x08003942   0x00000006   PAD
    0x08003948   0x08003948   0x0000000a   Code   RO          365    .text.HAL_GPIO_ReadPin  stm32h7xx_hal_gpio.o
    0x08003952   0x08003952   0x00000006   PAD
    0x08003958   0x08003958   0x00000010   Code   RO          369    .text.HAL_GPIO_TogglePin  stm32h7xx_hal_gpio.o
    0x08003968   0x08003968   0x0000000a   Code   RO          367    .text.HAL_GPIO_WritePin  stm32h7xx_hal_gpio.o
    0x08003972   0x08003972   0x00000006   PAD
    0x08003978   0x08003978   0x0000000e   Code   RO          172    .text.HAL_GetREVID  stm32h7xx_hal.o
    0x08003986   0x08003986   0x00000002   PAD
    0x08003988   0x08003988   0x0000000c   Code   RO          156    .text.HAL_GetTick   stm32h7xx_hal.o
    0x08003994   0x08003994   0x00000004   PAD
    0x08003998   0x08003998   0x0000001a   Code   RO          154    .text.HAL_IncTick   stm32h7xx_hal.o
    0x080039b2   0x080039b2   0x00000006   PAD
    0x080039b8   0x080039b8   0x00000064   Code   RO          144    .text.HAL_Init      stm32h7xx_hal.o
    0x08003a1c   0x08003a1c   0x00000004   PAD
    0x08003a20   0x08003a20   0x00000058   Code   RO          146    .text.HAL_InitTick  stm32h7xx_hal.o
    0x08003a78   0x08003a78   0x00000074   Code   RO         1348    .text.HAL_LTDC_ConfigLayer  stm32h7xx_hal_ltdc.o
    0x08003aec   0x08003aec   0x00000004   PAD
    0x08003af0   0x08003af0   0x000000e2   Code   RO         1332    .text.HAL_LTDC_Init  stm32h7xx_hal_ltdc.o
    0x08003bd2   0x08003bd2   0x00000006   PAD
    0x08003bd8   0x08003bd8   0x00000138   Code   RO         1689    .text.HAL_LTDC_MspInit  ltdc.o
    0x08003d10   0x08003d10   0x00000050   Code   RO         1370    .text.HAL_LTDC_SetWindowPosition  stm32h7xx_hal_ltdc.o
    0x08003d60   0x08003d60   0x00000054   Code   RO         1368    .text.HAL_LTDC_SetWindowSize  stm32h7xx_hal_ltdc.o
    0x08003db4   0x08003db4   0x00000004   PAD
    0x08003db8   0x08003db8   0x0000005e   Code   RO          269    .text.HAL_MPU_ConfigRegion  stm32h7xx_hal_cortex.o
    0x08003e16   0x08003e16   0x00000002   PAD
    0x08003e18   0x08003e18   0x0000001a   Code   RO          265    .text.HAL_MPU_Disable  stm32h7xx_hal_cortex.o
    0x08003e32   0x08003e32   0x00000006   PAD
    0x08003e38   0x08003e38   0x00000020   Code   RO          267    .text.HAL_MPU_Enable  stm32h7xx_hal_cortex.o
    0x08003e58   0x08003e58   0x00000002   Code   RO          148    .text.HAL_MspInit   stm32h7xx_hal.o
    0x08003e5a   0x08003e5a   0x00000006   PAD
    0x08003e60   0x08003e60   0x00000022   Code   RO          255    .text.HAL_NVIC_EnableIRQ  stm32h7xx_hal_cortex.o
    0x08003e82   0x08003e82   0x00000006   PAD
    0x08003e88   0x08003e88   0x0000005a   Code   RO          253    .text.HAL_NVIC_SetPriority  stm32h7xx_hal_cortex.o
    0x08003ee2   0x08003ee2   0x00000006   PAD
    0x08003ee8   0x08003ee8   0x00000020   Code   RO          251    .text.HAL_NVIC_SetPriorityGrouping  stm32h7xx_hal_cortex.o
    0x08003f08   0x08003f08   0x00000012   Code   RO          481    .text.HAL_PWREx_EnableUSBVoltageDetector  stm32h7xx_hal_pwr_ex.o
    0x08003f1a   0x08003f1a   0x00000006   PAD
    0x08003f20   0x08003f20   0x00000026   Code   RO          567    .text.HAL_RCCEx_GetD3PCLK1Freq  stm32h7xx_hal_rcc_ex.o
    0x08003f46   0x08003f46   0x00000002   PAD
    0x08003f48   0x08003f48   0x00000128   Code   RO          563    .text.HAL_RCCEx_GetPLL2ClockFreq  stm32h7xx_hal_rcc_ex.o
    0x08004070   0x08004070   0x00000128   Code   RO          565    .text.HAL_RCCEx_GetPLL3ClockFreq  stm32h7xx_hal_rcc_ex.o
    0x08004198   0x08004198   0x0000097e   Code   RO          551    .text.HAL_RCCEx_PeriphCLKConfig  stm32h7xx_hal_rcc_ex.o
    0x08004b16   0x08004b16   0x00000002   PAD
    0x08004b18   0x08004b18   0x0000024a   Code   RO          519    .text.HAL_RCC_ClockConfig  stm32h7xx_hal_rcc.o
    0x08004d62   0x08004d62   0x00000006   PAD
    0x08004d68   0x08004d68   0x0000004c   Code   RO          529    .text.HAL_RCC_GetHCLKFreq  stm32h7xx_hal_rcc.o
    0x08004db4   0x08004db4   0x00000004   PAD
    0x08004db8   0x08004db8   0x00000060   Code   RO          531    .text.HAL_RCC_GetPCLK1Freq  stm32h7xx_hal_rcc.o
    0x08004e18   0x08004e18   0x00000060   Code   RO          533    .text.HAL_RCC_GetPCLK2Freq  stm32h7xx_hal_rcc.o
    0x08004e78   0x08004e78   0x0000010c   Code   RO          521    .text.HAL_RCC_GetSysClockFreq  stm32h7xx_hal_rcc.o
    0x08004f84   0x08004f84   0x00000004   PAD
    0x08004f88   0x08004f88   0x000005de   Code   RO          517    .text.HAL_RCC_OscConfig  stm32h7xx_hal_rcc.o
    0x08005566   0x08005566   0x00000002   PAD
    0x08005568   0x08005568   0x00000050   Code   RO         1272    .text.HAL_SDRAM_Init  stm32h7xx_hal_sdram.o
    0x080055b8   0x080055b8   0x000000e8   Code   RO         1646    .text.HAL_SDRAM_MspInit  sdram.o
    0x080056a0   0x080056a0   0x0000003a   Code   RO         1316    .text.HAL_SDRAM_ProgramRefreshRate  stm32h7xx_hal_sdram.o
    0x080056da   0x080056da   0x00000006   PAD
    0x080056e0   0x080056e0   0x00000044   Code   RO         1314    .text.HAL_SDRAM_SendCommand  stm32h7xx_hal_sdram.o
    0x08005724   0x08005724   0x00000004   PAD
    0x08005728   0x08005728   0x0000006a   Code   RO         1126    .text.HAL_SRAM_Init  stm32h7xx_hal_sram.o
    0x08005792   0x08005792   0x00000006   PAD
    0x08005798   0x08005798   0x00000082   Code   RO         1595    .text.HAL_SRAM_MspInit  lcd.o
    0x0800581a   0x0800581a   0x00000006   PAD
    0x08005820   0x08005820   0x00000018   Code   RO          283    .text.HAL_SYSTICK_CLKSourceConfig  stm32h7xx_hal_cortex.o
    0x08005838   0x08005838   0x0000002c   Code   RO          263    .text.HAL_SYSTICK_Config  stm32h7xx_hal_cortex.o
    0x08005864   0x08005864   0x00000004   PAD
    0x08005868   0x08005868   0x00000002   Code   RO          705    .text.HAL_UARTEx_RxEventCallback  stm32h7xx_hal_uart.o
    0x0800586a   0x0800586a   0x00000006   PAD
    0x08005870   0x08005870   0x00000002   Code   RO          764    .text.HAL_UARTEx_RxFifoFullCallback  stm32h7xx_hal_uart_ex.o
    0x08005872   0x08005872   0x00000006   PAD
    0x08005878   0x08005878   0x00000002   Code   RO          766    .text.HAL_UARTEx_TxFifoEmptyCallback  stm32h7xx_hal_uart_ex.o
    0x0800587a   0x0800587a   0x00000006   PAD
    0x08005880   0x08005880   0x00000002   Code   RO          762    .text.HAL_UARTEx_WakeupCallback  stm32h7xx_hal_uart_ex.o
    0x08005882   0x08005882   0x00000006   PAD
    0x08005888   0x08005888   0x00000002   Code   RO          703    .text.HAL_UART_ErrorCallback  stm32h7xx_hal_uart.o
    0x0800588a   0x0800588a   0x00000006   PAD
    0x08005890   0x08005890   0x0000000c   Code   RO          733    .text.HAL_UART_GetState  stm32h7xx_hal_uart.o
    0x0800589c   0x0800589c   0x00000004   PAD
    0x080058a0   0x080058a0   0x00000386   Code   RO          699    .text.HAL_UART_IRQHandler  stm32h7xx_hal_uart.o
    0x08005c26   0x08005c26   0x00000002   PAD
    0x08005c28   0x08005c28   0x000000c4   Code   RO          615    .text.HAL_UART_Init  stm32h7xx_hal_uart.o
    0x08005cec   0x08005cec   0x00000004   PAD
    0x08005cf0   0x08005cf0   0x0000009e   Code   RO          125    .text.HAL_UART_MspInit  usart.o
    0x08005d8e   0x08005d8e   0x00000002   PAD
    0x08005d90   0x08005d90   0x0000006e   Code   RO          651    .text.HAL_UART_Receive_IT  stm32h7xx_hal_uart.o
    0x08005dfe   0x08005dfe   0x00000002   PAD
    0x08005e00   0x08005e00   0x0000006e   Code   RO          127    .text.HAL_UART_RxCpltCallback  usart.o
    0x08005e6e   0x08005e6e   0x00000002   PAD
    0x08005e70   0x08005e70   0x00000002   Code   RO          707    .text.HAL_UART_TxCpltCallback  stm32h7xx_hal_uart.o
    0x08005e72   0x08005e72   0x00000006   PAD
    0x08005e78   0x08005e78   0x00000002   Code   RO           26    .text.HardFault_Handler  stm32h7xx_it.o
    0x08005e7a   0x08005e7a   0x00000006   PAD
    0x08005e80   0x08005e80   0x00000124   Code   RO         1350    .text.LTDC_SetConfig  stm32h7xx_hal_ltdc.o
    0x08005fa4   0x08005fa4   0x00000004   PAD
    0x08005fa8   0x08005fa8   0x00000002   Code   RO           28    .text.MemManage_Handler  stm32h7xx_it.o
    0x08005faa   0x08005faa   0x00000006   PAD
    0x08005fb0   0x08005fb0   0x00000002   Code   RO           24    .text.NMI_Handler   stm32h7xx_it.o
    0x08005fb2   0x08005fb2   0x00000006   PAD
    0x08005fb8   0x08005fb8   0x00000002   Code   RO           38    .text.PendSV_Handler  stm32h7xx_it.o
    0x08005fba   0x08005fba   0x00000006   PAD
    0x08005fc0   0x08005fc0   0x0000011e   Code   RO          553    .text.RCCEx_PLL2_Config  stm32h7xx_hal_rcc_ex.o
    0x080060de   0x080060de   0x00000002   PAD
    0x080060e0   0x080060e0   0x0000011e   Code   RO          555    .text.RCCEx_PLL3_Config  stm32h7xx_hal_rcc_ex.o
    0x080061fe   0x080061fe   0x00000002   PAD
    0x08006200   0x08006200   0x00000002   Code   RO           34    .text.SVC_Handler   stm32h7xx_it.o
    0x08006202   0x08006202   0x00000006   PAD
    0x08006208   0x08006208   0x00000004   Code   RO           40    .text.SysTick_Handler  stm32h7xx_it.o
    0x0800620c   0x0800620c   0x00000004   PAD
    0x08006210   0x08006210   0x000000cc   Code   RO           49    .text.SystemInit    system_stm32h7xx.o
    0x080062dc   0x080062dc   0x00000004   PAD
    0x080062e0   0x080062e0   0x000000e0   Code   RO          621    .text.UART_AdvFeatureConfig  stm32h7xx_hal_uart.o
    0x080063c0   0x080063c0   0x00000010   Code   RO          701    .text.UART_DMAAbortOnError  stm32h7xx_hal_uart.o
    0x080063d0   0x080063d0   0x000000a2   Code   RO          741    .text.UART_RxISR_16BIT  stm32h7xx_hal_uart.o
    0x08006472   0x08006472   0x00000006   PAD
    0x08006478   0x08006478   0x000001a4   Code   RO          737    .text.UART_RxISR_16BIT_FIFOEN  stm32h7xx_hal_uart.o
    0x0800661c   0x0800661c   0x00000004   PAD
    0x08006620   0x08006620   0x000000a2   Code   RO          743    .text.UART_RxISR_8BIT  stm32h7xx_hal_uart.o
    0x080066c2   0x080066c2   0x00000006   PAD
    0x080066c8   0x080066c8   0x000001a8   Code   RO          739    .text.UART_RxISR_8BIT_FIFOEN  stm32h7xx_hal_uart.o
    0x08006870   0x08006870   0x00000448   Code   RO          619    .text.UART_SetConfig  stm32h7xx_hal_uart.o
    0x08006cb8   0x08006cb8   0x0000012c   Code   RO          653    .text.UART_Start_Receive_IT  stm32h7xx_hal_uart.o
    0x08006de4   0x08006de4   0x00000004   PAD
    0x08006de8   0x08006de8   0x000000e8   Code   RO          637    .text.UART_WaitOnFlagUntilTimeout  stm32h7xx_hal_uart.o
    0x08006ed0   0x08006ed0   0x00000058   Code   RO          129    .text.USART1_IRQHandler  usart.o
    0x08006f28   0x08006f28   0x00000002   Code   RO           32    .text.UsageFault_Handler  stm32h7xx_it.o
    0x08006f2a   0x08006f2a   0x00000006   PAD
    0x08006f30   0x08006f30   0x00000002   Code   RO          117    .text._sys_exit     usart.o
    0x08006f32   0x08006f32   0x00000006   PAD
    0x08006f38   0x08006f38   0x000000b4   Code   RO         1777    .text.atk_mc5640_auto_focus_continuance  atk_mc5640.o
    0x08006fec   0x08006fec   0x00000004   PAD
    0x08006ff0   0x08006ff0   0x000000e6   Code   RO         1773    .text.atk_mc5640_auto_focus_init  atk_mc5640.o
    0x080070d6   0x080070d6   0x00000002   PAD
    0x080070d8   0x080070d8   0x00000026   Code   RO         1837    .text.atk_mc5640_dcmi_init  atk_mc5640_dcmi.o
    0x080070fe   0x080070fe   0x00000002   PAD
    0x08007100   0x08007100   0x00000052   Code   RO         1839    .text.atk_mc5640_dcmi_start  atk_mc5640_dcmi.o
    0x08007152   0x08007152   0x00000006   PAD
    0x08007158   0x08007158   0x0000014c   Code   RO         1813    .text.atk_mc5640_get_frame  atk_mc5640.o
    0x080072a4   0x080072a4   0x00000004   PAD
    0x080072a8   0x080072a8   0x000000cc   Code   RO         1807    .text.atk_mc5640_get_isp_input_size  atk_mc5640.o
    0x08007374   0x08007374   0x00000004   PAD
    0x08007378   0x08007378   0x00000158   Code   RO         1771    .text.atk_mc5640_init  atk_mc5640.o
    0x080074d0   0x080074d0   0x00000130   Code   RO         1859    .text.atk_mc5640_sccb_2_phase_read  atk_mc5640_sccb.o
    0x08007600   0x08007600   0x0000008a   Code   RO         1857    .text.atk_mc5640_sccb_2_phase_write  atk_mc5640_sccb.o
    0x0800768a   0x0800768a   0x00000006   PAD
    0x08007690   0x08007690   0x00000096   Code   RO         1853    .text.atk_mc5640_sccb_3_phase_write  atk_mc5640_sccb.o
    0x08007726   0x08007726   0x00000002   PAD
    0x08007728   0x08007728   0x000000a2   Code   RO         1851    .text.atk_mc5640_sccb_init  atk_mc5640_sccb.o
    0x080077ca   0x080077ca   0x00000006   PAD
    0x080077d0   0x080077d0   0x00000074   Code   RO         1855    .text.atk_mc5640_sccb_write_byte  atk_mc5640_sccb.o
    0x08007844   0x08007844   0x00000004   PAD
    0x08007848   0x08007848   0x00000060   Code   RO         1787    .text.atk_mc5640_set_brightness  atk_mc5640.o
    0x080078a8   0x080078a8   0x00000054   Code   RO         1785    .text.atk_mc5640_set_color_saturation  atk_mc5640.o
    0x080078fc   0x080078fc   0x00000004   PAD
    0x08007900   0x08007900   0x00000052   Code   RO         1789    .text.atk_mc5640_set_contrast  atk_mc5640.o
    0x08007952   0x08007952   0x00000006   PAD
    0x08007958   0x08007958   0x000002ba   Code   RO         1795    .text.atk_mc5640_set_exposure_level  atk_mc5640.o
    0x08007c12   0x08007c12   0x00000006   PAD
    0x08007c18   0x08007c18   0x0000007c   Code   RO         1791    .text.atk_mc5640_set_hue  atk_mc5640.o
    0x08007c94   0x08007c94   0x00000004   PAD
    0x08007c98   0x08007c98   0x000002b6   Code   RO         1783    .text.atk_mc5640_set_light_mode  atk_mc5640.o
    0x08007f4e   0x08007f4e   0x00000002   PAD
    0x08007f50   0x08007f50   0x00000156   Code   RO         1799    .text.atk_mc5640_set_mirror_flip  atk_mc5640.o
    0x080080a6   0x080080a6   0x00000002   PAD
    0x080080a8   0x080080a8   0x00000056   Code   RO         1803    .text.atk_mc5640_set_output_format  atk_mc5640.o
    0x080080fe   0x080080fe   0x00000002   PAD
    0x08008100   0x08008100   0x0000014e   Code   RO         1811    .text.atk_mc5640_set_output_size  atk_mc5640.o
    0x0800824e   0x0800824e   0x00000002   PAD
    0x08008250   0x08008250   0x000000d0   Code   RO         1809    .text.atk_mc5640_set_pre_scaling_window  atk_mc5640.o
    0x08008320   0x08008320   0x00000150   Code   RO         1797    .text.atk_mc5640_set_sharpness_level  atk_mc5640.o
    0x08008470   0x08008470   0x0000012c   Code   RO         1793    .text.atk_mc5640_set_special_effect  atk_mc5640.o
    0x0800859c   0x0800859c   0x00000004   PAD
    0x080085a0   0x080085a0   0x00000038   Code   RO         1801    .text.atk_mc5640_set_test_pattern  atk_mc5640.o
    0x080085d8   0x080085d8   0x00000016   Code   RO           74    .text.delay_init    delay.o
    0x080085ee   0x080085ee   0x00000002   PAD
    0x080085f0   0x080085f0   0x00000092   Code   RO           78    .text.delay_ms      delay.o
    0x08008682   0x08008682   0x00000006   PAD
    0x08008688   0x08008688   0x0000003a   Code   RO           76    .text.delay_us      delay.o
    0x080086c2   0x080086c2   0x00000006   PAD
    0x080086c8   0x080086c8   0x000001dc   Code   RO           64    .text.demo_run      demo.o
    0x080088a4   0x080088a4   0x00000004   PAD
    0x080088a8   0x080088a8   0x00000014   Code   RO          121    .text.fputc         usart.o
    0x080088bc   0x080088bc   0x00000004   PAD
    0x080088c0   0x080088c0   0x00000094   Code   RO         1729    .text.iic_init      myiic.o
    0x08008954   0x08008954   0x00000004   PAD
    0x08008958   0x08008958   0x000000bc   Code   RO         1743    .text.iic_read_byte  myiic.o
    0x08008a14   0x08008a14   0x00000004   PAD
    0x08008a18   0x08008a18   0x00000056   Code   RO         1741    .text.iic_send_byte  myiic.o
    0x08008a6e   0x08008a6e   0x00000002   PAD
    0x08008a70   0x08008a70   0x00000048   Code   RO         1733    .text.iic_start     myiic.o
    0x08008ab8   0x08008ab8   0x0000003e   Code   RO         1731    .text.iic_stop      myiic.o
    0x08008af6   0x08008af6   0x00000002   PAD
    0x08008af8   0x08008af8   0x00000088   Code   RO         1735    .text.iic_wait_ack  myiic.o
    0x08008b80   0x08008b80   0x000000bc   Code   RO         1716    .text.key_init      key.o
    0x08008c3c   0x08008c3c   0x00000004   PAD
    0x08008c40   0x08008c40   0x00000122   Code   RO         1589    .text.lcd_display_dir  lcd.o
    0x08008d62   0x08008d62   0x00000006   PAD
    0x08008d68   0x08008d68   0x00000722   Code   RO         1559    .text.lcd_ex_ili9341_reginit  lcd.o
    0x0800948a   0x0800948a   0x00000006   PAD
    0x08009490   0x08009490   0x00000a70   Code   RO         1569    .text.lcd_ex_ili9806_reginit  lcd.o
    0x08009f00   0x08009f00   0x00002f22   Code   RO         1561    .text.lcd_ex_nt35310_reginit  lcd.o
    0x0800ce22   0x0800ce22   0x00000006   PAD
    0x0800ce28   0x0800ce28   0x00000dae   Code   RO         1565    .text.lcd_ex_nt35510_reginit  lcd.o
    0x0800dbd6   0x0800dbd6   0x00000002   PAD
    0x0800dbd8   0x0800dbd8   0x0000046a   Code   RO         1571    .text.lcd_ex_ssd1963_reginit  lcd.o
    0x0800e042   0x0800e042   0x00000006   PAD
    0x0800e048   0x0800e048   0x0000057c   Code   RO         1553    .text.lcd_ex_st7789_reginit  lcd.o
    0x0800e5c4   0x0800e5c4   0x00000004   PAD
    0x0800e5c8   0x0800e5c8   0x000005da   Code   RO         1563    .text.lcd_ex_st7796_reginit  lcd.o
    0x0800eba2   0x0800eba2   0x00000006   PAD
    0x0800eba8   0x0800eba8   0x00000694   Code   RO         1597    .text.lcd_init      lcd.o
    0x0800f23c   0x0800f23c   0x00000004   PAD
    0x0800f240   0x0800f240   0x000002e8   Code   RO         1583    .text.lcd_scan_dir  lcd.o
    0x0800f528   0x0800f528   0x00000288   Code   RO         1577    .text.lcd_set_cursor  lcd.o
    0x0800f7b0   0x0800f7b0   0x00000176   Code   RO         1615    .text.lcd_show_char  lcd.o
    0x0800f926   0x0800f926   0x00000002   PAD
    0x0800f928   0x0800f928   0x00000074   Code   RO         1621    .text.lcd_show_string  lcd.o
    0x0800f99c   0x0800f99c   0x00000004   PAD
    0x0800f9a0   0x0800f9a0   0x00000070   Code   RO         1544    .text.led_init      led.o
    0x0800fa10   0x0800fa10   0x0000002a   Code   RO         1677    .text.ltdc_clear    ltdc.o
    0x0800fa3a   0x0800fa3a   0x00000006   PAD
    0x0800fa40   0x0800fa40   0x00000028   Code   RO         1667    .text.ltdc_display_dir  ltdc.o
    0x0800fa68   0x0800fa68   0x00000046   Code   RO         1669    .text.ltdc_draw_point  ltdc.o
    0x0800faae   0x0800faae   0x00000002   PAD
    0x0800fab0   0x0800fab0   0x000000e8   Code   RO         1673    .text.ltdc_fill     ltdc.o
    0x0800fb98   0x0800fb98   0x000002b2   Code   RO         1687    .text.ltdc_init     ltdc.o
    0x0800fe4a   0x0800fe4a   0x00000006   PAD
    0x0800fe50   0x0800fe50   0x000000a8   Code   RO         1685    .text.ltdc_panelid_read  ltdc.o
    0x0800fef8   0x0800fef8   0x0000004a   Code   RO           13    .text.main          main.o
    0x0800ff42   0x0800ff42   0x00000006   PAD
    0x0800ff48   0x0800ff48   0x00000168   Code   RO         1706    .text.mpu_memory_protection  mpu.o
    0x080100b0   0x080100b0   0x0000007e   Code   RO         1753    .text.pcf8574_init  pcf8574.o
    0x0801012e   0x0801012e   0x00000002   PAD
    0x08010130   0x08010130   0x00000058   Code   RO         1759    .text.pcf8574_write_bit  pcf8574.o
    0x08010188   0x08010188   0x000000d8   Code   RO         1640    .text.sdram_init    sdram.o
    0x08010260   0x08010260   0x000000d0   Code   RO           11    .text.show_mesg     main.o
    0x08010330   0x08010330   0x0000009e   Code   RO          103    .text.sys_cache_enable  sys.o
    0x080103ce   0x080103ce   0x00000002   PAD
    0x080103d0   0x080103d0   0x000000dc   Code   RO          105    .text.sys_stm32_clock_init  sys.o
    0x080104ac   0x080104ac   0x00000004   PAD
    0x080104b0   0x080104b0   0x0000003e   Code   RO          123    .text.usart_init    usart.o
    0x080104ee   0x080104ee   0x0000001a   Code   RO         2055    x$fpl$fpinit        fz_wv.l(fpinit.o)
    0x08010508   0x08010508   0x00000028   Data   RO         1884    .constdata          c_w.l(_printf_hex_int.o)
    0x08010530   0x08010530   0x00000006   Data   RO          750    .rodata..Lswitch.table.UART_SetConfig.5  stm32h7xx_hal_uart.o
    0x08010536   0x08010536   0x00000006   Data   RO          751    .rodata..Lswitch.table.UART_SetConfig.7  stm32h7xx_hal_uart.o
    0x0801053c   0x0801053c   0x0000000e   Data   RO         1631    .rodata..Lswitch.table.lcd_scan_dir.1  lcd.o
    0x0801054a   0x0801054a   0x00000010   Data   RO           55    .rodata.D1CorePrescTable  system_stm32h7xx.o
    0x0801055a   0x0801055a   0x00000018   Data   RO          749    .rodata.UARTPrescTable  stm32h7xx_hal_uart.o
    0x08010572   0x08010572   0x00000474   Data   RO         1623    .rodata.asc2_1206   lcd.o
    0x080109e6   0x080109e6   0x000005f0   Data   RO         1624    .rodata.asc2_1608   lcd.o
    0x08010fd6   0x08010fd6   0x00000d5c   Data   RO         1625    .rodata.asc2_2412   lcd.o
    0x08011d32   0x08011d32   0x000017c0   Data   RO         1626    .rodata.asc2_3216   lcd.o
    0x080134f2   0x080134f2   0x00000fed   Data   RO         1818    .rodata.atk_mc5640_auto_focus_firmware  atk_mc5640.o
    0x080144df   0x080144df   0x00000001   PAD
    0x080144e0   0x080144e0   0x0000033c   Data   RO         1815    .rodata.atk_mc5640_init_cfg  atk_mc5640.o
    0x0801481c   0x0801481c   0x000000a4   Data   RO         1817    .rodata.atk_mc5640_jpeg_cfg  atk_mc5640.o
    0x080148c0   0x080148c0   0x000000b4   Data   RO         1816    .rodata.atk_mc5640_rgb565_cfg  atk_mc5640.o
    0x08014974   0x08014974   0x00000020   Data   RO         1412    .rodata.cst32       stm32h7xx_hal_ltdc.o
    0x08014994   0x08014994   0x00000022   Data   RO           15    .rodata.str1.1      main.o
    0x080149b6   0x080149b6   0x00000002   PAD
    0x080149b8   0x080149b8   0x00000020   Data   RO         2105    Region$$Table       anon$$obj.o


    Execution Region RW_IRAM2 (Exec base: 0x24000000, Load base: 0x080149d8, Size: 0x00009860, Max: 0x00080000, ABSOLUTE)

    Exec Addr    Load Addr    Size         Type   Attr      Idx    E Section Name        Object

    0x24000000   0x080149d8   0x00000004   Data   RW           16    .ARM.use_no_argv    main.o
    0x24000004   0x080149dc   0x00000004   Data   RW           53    .data.SystemCoreClock  system_stm32h7xx.o
    0x24000008   0x080149e0   0x00000004   Data   RW           54    .data.SystemD2Clock  system_stm32h7xx.o
    0x2400000c   0x080149e4   0x00000004   Data   RW         1628    .data.g_back_color  lcd.o
    0x24000010   0x080149e8   0x00000001   Data   RW          241    .data.uwTickFreq    stm32h7xx_hal.o
    0x24000011   0x080149e9   0x00000003   PAD
    0x24000014   0x080149ec   0x00000004   Data   RW          240    .data.uwTickPrio    stm32h7xx_hal.o
    0x24000018        -       0x00000060   Zero   RW         1985    .bss                c_w.l(libspace.o)
    0x24000078        -       0x00000078   Zero   RW         1842    .bss.HAL_DCMI_MspInit.dma_handle  atk_mc5640_dcmi.o
    0x240000f0        -       0x00000054   Zero   RW          135    .bss.__stdout       usart.o
    0x24000144        -       0x00000054   Zero   RW         1841    .bss.g_atk_mc5640_dcmi_sta  atk_mc5640_dcmi.o
    0x24000198        -       0x00000002   Zero   RW         1819    .bss.g_atk_mc5640_sta.4  atk_mc5640.o
    0x2400019a        -       0x00000002   Zero   RW         1820    .bss.g_atk_mc5640_sta.5  atk_mc5640.o
    0x2400019c        -       0x00000002   Zero   RW           80    .bss.g_fac_us       delay.o
    0x2400019e   0x080149f0   0x00000002   PAD
    0x240001a0        -       0x00008c00   Zero   RW           66    .bss.g_jpeg_buf     demo.o
    0x24008da0        -       0x00000008   Zero   RW         1693    .bss.g_ltdc_framebuf  ltdc.o
    0x24008da8        -       0x000000a8   Zero   RW         1691    .bss.g_ltdc_handle  ltdc.o
    0x24008e50        -       0x00000001   Zero   RW          133    .bss.g_rx_buffer    usart.o
    0x24008e51   0x080149f0   0x00000003   PAD
    0x24008e54        -       0x00000034   Zero   RW         1652    .bss.g_sdram_handle  sdram.o
    0x24008e88        -       0x0000004c   Zero   RW         1630    .bss.g_sram_handle  lcd.o
    0x24008ed4        -       0x00000090   Zero   RW          132    .bss.g_uart1_handle  usart.o
    0x24008f64        -       0x000000c8   Zero   RW          134    .bss.g_usart_rx_buf  usart.o
    0x2400902c        -       0x00000002   Zero   RW          131    .bss.g_usart_rx_sta  usart.o
    0x2400902e        -       0x0000000e   Zero   RW         1629    .bss.lcddev         lcd.o
    0x2400903c        -       0x00000020   Zero   RW         1692    .bss.lcdltdc        ltdc.o
    0x2400905c        -       0x00000004   Zero   RW          242    .bss.uwTick         stm32h7xx_hal.o
    0x24009060        -       0x00000000   Zero   RW            2    HEAP                startup_stm32h743xx.o
    0x24009060        -       0x00000800   Zero   RW            1    STACK               startup_stm32h743xx.o



  Load Region LR$$.bss.ARM.__at_0XC0000000 (Base: 0xc0000000, Size: 0x00000000, Max: 0x001f4000, ABSOLUTE)

    Execution Region ER$$.bss.ARM.__at_0XC0000000 (Exec base: 0xc0000000, Load base: 0xc0000000, Size: 0x001f4000, Max: 0x001f4000, ABSOLUTE, UNINIT)

    Exec Addr    Load Addr    Size         Type   Attr      Idx    E Section Name        Object

    0xc0000000        -       0x001f4000   Zero   RW         1694    .bss.ARM.__at_0XC0000000  ltdc.o

