../Drivers/BSP/ov5640/ov5640.c:70:6:atk_mc5640_write_reg	16	static
../Drivers/BSP/ov5640/ov5640.c:81:9:atk_mc5640_read_reg	24	static
../Drivers/BSP/ov5640/ov5640.c:104:13:atk_mc5640_get_isp_input_size	24	static
../Drivers/BSP/ov5640/ov5640.c:144:13:atk_mc5640_get_pre_scaling_size	16	static
../Drivers/BSP/ov5640/ov5640.c:174:13:atk_mc5640_get_output_size	16	static
../Drivers/BSP/ov5640/ov5640.c:202:13:atk_mc5640_hw_init	8	static
../Drivers/BSP/ov5640/ov5640.c:218:13:atk_mc5640_exit_power_down	8	static
../Drivers/BSP/ov5640/ov5640.c:233:13:atk_mc5640_hw_reset	8	static
../Drivers/BSP/ov5640/ov5640.c:246:13:atk_mc5640_sw_reset	16	static
../Drivers/BSP/ov5640/ov5640.c:262:17:atk_mc5640_get_chip_id	16	static
../Drivers/BSP/ov5640/ov5640.c:277:13:atk_mc5640_init_reg	16	static
../Drivers/BSP/ov5640/ov5640.c:293:9:atk_mc5640_init	16	static
../Drivers/BSP/ov5640/ov5640.c:320:9:atk_mc5640_auto_focus_init	24	static
../Drivers/BSP/ov5640/ov5640.c:365:9:atk_mc5640_auto_focus_once	16	static
../Drivers/BSP/ov5640/ov5640.c:393:9:atk_mc5640_auto_focus_continuance	16	static
../Drivers/BSP/ov5640/ov5640.c:439:6:atk_mc5640_led_on	8	static
../Drivers/BSP/ov5640/ov5640.c:451:6:atk_mc5640_led_off	8	static
../Drivers/BSP/ov5640/ov5640.c:463:9:atk_mc5640_set_light_mode	16	static
../Drivers/BSP/ov5640/ov5640.c:560:9:atk_mc5640_set_color_saturation	16	static
../Drivers/BSP/ov5640/ov5640.c:659:9:atk_mc5640_set_brightness	16	static
../Drivers/BSP/ov5640/ov5640.c:749:9:atk_mc5640_set_contrast	16	static
../Drivers/BSP/ov5640/ov5640.c:848:9:atk_mc5640_set_hue	16	static
../Drivers/BSP/ov5640/ov5640.c:974:9:atk_mc5640_set_special_effect	16	static
../Drivers/BSP/ov5640/ov5640.c:1044:9:atk_mc5640_set_exposure_level	16	static
../Drivers/BSP/ov5640/ov5640.c:1172:9:atk_mc5640_set_sharpness_level	16	static
../Drivers/BSP/ov5640/ov5640.c:1257:9:atk_mc5640_set_mirror_flip	24	static
../Drivers/BSP/ov5640/ov5640.c:1326:9:atk_mc5640_set_test_pattern	16	static
../Drivers/BSP/ov5640/ov5640.c:1362:9:atk_mc5640_set_output_format	24	static
../Drivers/BSP/ov5640/ov5640.c:1398:9:atk_mc5640_set_isp_input_window	40	static
../Drivers/BSP/ov5640/ov5640.c:1459:9:atk_mc5640_set_pre_scaling_window	24	static
../Drivers/BSP/ov5640/ov5640.c:1489:9:atk_mc5640_set_output_size	24	static
../Drivers/BSP/ov5640/ov5640.c:1526:9:atk_mc5640_get_frame	40	static
../Drivers/BSP/ov5640/ov5640.c:1607:6:OV5640_Apply_Best_Settings	8	static
