../Drivers/BSP/ov5640/ov5640.c:68:13:atk_mc5640_write_reg	16	static
../Drivers/BSP/ov5640/ov5640.c:82:16:atk_mc5640_read_reg	24	static
../Drivers/BSP/ov5640/ov5640.c:104:13:atk_mc5640_get_isp_input_size	24	static
../Drivers/BSP/ov5640/ov5640.c:143:13:atk_mc5640_get_pre_scaling_size	16	static
../Drivers/BSP/ov5640/ov5640.c:174:13:atk_mc5640_get_output_size	16	static
../Drivers/BSP/ov5640/ov5640.c:201:13:atk_mc5640_hw_init	8	static
../Drivers/BSP/ov5640/ov5640.c:216:13:atk_mc5640_exit_power_down	8	static
../Drivers/BSP/ov5640/ov5640.c:230:13:atk_mc5640_hw_reset	8	static
../Drivers/BSP/ov5640/ov5640.c:242:13:atk_mc5640_sw_reset	16	static
../Drivers/BSP/ov5640/ov5640.c:257:17:atk_mc5640_get_chip_id	16	static
../Drivers/BSP/ov5640/ov5640.c:271:13:atk_mc5640_init_reg	16	static
../Drivers/BSP/ov5640/ov5640.c:289:9:atk_mc5640_init	16	static
../Drivers/BSP/ov5640/ov5640.c:314:9:atk_mc5640_auto_focus_init	24	static
../Drivers/BSP/ov5640/ov5640.c:357:9:atk_mc5640_auto_focus_once	16	static
../Drivers/BSP/ov5640/ov5640.c:382:9:atk_mc5640_auto_focus_continuance	16	static
../Drivers/BSP/ov5640/ov5640.c:423:6:atk_mc5640_led_on	8	static
../Drivers/BSP/ov5640/ov5640.c:434:6:atk_mc5640_led_off	8	static
../Drivers/BSP/ov5640/ov5640.c:451:9:atk_mc5640_set_light_mode	16	static
../Drivers/BSP/ov5640/ov5640.c:549:1:atk_mc5640_set_color_saturation	16	static
../Drivers/BSP/ov5640/ov5640.c:645:9:atk_mc5640_set_brightness	16	static
../Drivers/BSP/ov5640/ov5640.c:732:9:atk_mc5640_set_contrast	16	static
../Drivers/BSP/ov5640/ov5640.c:831:9:atk_mc5640_set_hue	16	static
../Drivers/BSP/ov5640/ov5640.c:949:9:atk_mc5640_set_special_effect	16	static
../Drivers/BSP/ov5640/ov5640.c:1020:9:atk_mc5640_set_exposure_level	16	static
../Drivers/BSP/ov5640/ov5640.c:1144:9:atk_mc5640_set_sharpness_level	16	static
../Drivers/BSP/ov5640/ov5640.c:1220:9:atk_mc5640_set_mirror_flip	24	static
../Drivers/BSP/ov5640/ov5640.c:1285:9:atk_mc5640_set_test_pattern	16	static
../Drivers/BSP/ov5640/ov5640.c:1317:9:atk_mc5640_set_output_format	24	static
../Drivers/BSP/ov5640/ov5640.c:1366:9:atk_mc5640_set_isp_input_window	40	static
../Drivers/BSP/ov5640/ov5640.c:1429:9:atk_mc5640_set_pre_scaling_window	24	static
../Drivers/BSP/ov5640/ov5640.c:1460:9:atk_mc5640_set_output_size	24	static
../Drivers/BSP/ov5640/ov5640.c:1509:9:atk_mc5640_get_frame	40	static
../Drivers/BSP/ov5640/ov5640.c:1588:6:OV5640_Apply_Best_Settings	8	static
../Drivers/BSP/ov5640/ov5640.c:1604:6:HAL_DCMI_FrameEventCallback	16	static
