Component: ARM Compiler 5.06 update 7 (build 960) Tool: armlink [4d3601]

==============================================================================

Section Cross References

    startup_stm32h743xx.o(STACK) refers (Special) to heapauxi.o(.text) for __use_two_region_memory
    startup_stm32h743xx.o(HEAP) refers (Special) to heapauxi.o(.text) for __use_two_region_memory
    startup_stm32h743xx.o(RESET) refers (Special) to heapauxi.o(.text) for __use_two_region_memory
    startup_stm32h743xx.o(RESET) refers to startup_stm32h743xx.o(STACK) for __initial_sp
    startup_stm32h743xx.o(RESET) refers to startup_stm32h743xx.o(.text) for Reset_Handler
    startup_stm32h743xx.o(RESET) refers to stm32h7xx_it.o(i.NMI_Handler) for NMI_Handler
    startup_stm32h743xx.o(RESET) refers to stm32h7xx_it.o(i.HardFault_Handler) for HardFault_Handler
    startup_stm32h743xx.o(RESET) refers to stm32h7xx_it.o(i.MemManage_Handler) for MemManage_Handler
    startup_stm32h743xx.o(RESET) refers to stm32h7xx_it.o(i.BusFault_Handler) for BusFault_Handler
    startup_stm32h743xx.o(RESET) refers to stm32h7xx_it.o(i.UsageFault_Handler) for UsageFault_Handler
    startup_stm32h743xx.o(RESET) refers to stm32h7xx_it.o(i.SVC_Handler) for SVC_Handler
    startup_stm32h743xx.o(RESET) refers to stm32h7xx_it.o(i.DebugMon_Handler) for DebugMon_Handler
    startup_stm32h743xx.o(RESET) refers to stm32h7xx_it.o(i.PendSV_Handler) for PendSV_Handler
    startup_stm32h743xx.o(RESET) refers to stm32h7xx_it.o(i.SysTick_Handler) for SysTick_Handler
    startup_stm32h743xx.o(RESET) refers to usart.o(i.USART1_IRQHandler) for USART1_IRQHandler
    startup_stm32h743xx.o(RESET) refers to atk_mc5640_dcmi.o(i.DMA2_Stream1_IRQHandler) for DMA2_Stream1_IRQHandler
    startup_stm32h743xx.o(RESET) refers to atk_mc5640_dcmi.o(i.DCMI_IRQHandler) for DCMI_IRQHandler
    startup_stm32h743xx.o(.text) refers (Special) to heapauxi.o(.text) for __use_two_region_memory
    startup_stm32h743xx.o(.text) refers to system_stm32h7xx.o(i.SystemInit) for SystemInit
    startup_stm32h743xx.o(.text) refers to __main.o(!!!main) for __main
    startup_stm32h743xx.o(.text) refers to startup_stm32h743xx.o(HEAP) for Heap_Mem
    startup_stm32h743xx.o(.text) refers to startup_stm32h743xx.o(STACK) for Stack_Mem
    main.o(i.main) refers to sys.o(i.sys_cache_enable) for sys_cache_enable
    main.o(i.main) refers to stm32h7xx_hal.o(i.HAL_Init) for HAL_Init
    main.o(i.main) refers to sys.o(i.sys_stm32_clock_init) for sys_stm32_clock_init
    main.o(i.main) refers to delay.o(i.delay_init) for delay_init
    main.o(i.main) refers to usart.o(i.usart_init) for usart_init
    main.o(i.main) refers to mpu.o(i.mpu_memory_protection) for mpu_memory_protection
    main.o(i.main) refers to led.o(i.led_init) for led_init
    main.o(i.main) refers to key.o(i.key_init) for key_init
    main.o(i.main) refers to sdram.o(i.sdram_init) for sdram_init
    main.o(i.main) refers to lcd.o(i.lcd_init) for lcd_init
    main.o(i.main) refers to pcf8574.o(i.pcf8574_init) for pcf8574_init
    main.o(i.main) refers to main.o(i.show_mesg) for show_mesg
    main.o(i.main) refers to demo.o(i.demo_run) for demo_run
    main.o(i.show_mesg) refers to lcd.o(i.lcd_show_string) for lcd_show_string
    main.o(i.show_mesg) refers to noretval__2printf.o(.text) for __2printf
    stm32h7xx_it.o(i.SysTick_Handler) refers to stm32h7xx_hal.o(i.HAL_IncTick) for HAL_IncTick
    system_stm32h7xx.o(i.SystemCoreClockUpdate) refers to system_stm32h7xx.o(.constdata) for D1CorePrescTable
    system_stm32h7xx.o(i.SystemCoreClockUpdate) refers to system_stm32h7xx.o(.data) for SystemD2Clock
    demo.o(i.demo_reset_lcd) refers to lcd.o(i.lcd_set_cursor) for lcd_set_cursor
    demo.o(i.demo_reset_lcd) refers to lcd.o(i.lcd_write_ram_prepare) for lcd_write_ram_prepare
    demo.o(i.demo_run) refers to atk_mc5640.o(i.atk_mc5640_init) for atk_mc5640_init
    demo.o(i.demo_run) refers to atk_mc5640.o(i.atk_mc5640_set_output_format) for atk_mc5640_set_output_format
    demo.o(i.demo_run) refers to atk_mc5640.o(i.atk_mc5640_auto_focus_init) for atk_mc5640_auto_focus_init
    demo.o(i.demo_run) refers to atk_mc5640.o(i.atk_mc5640_auto_focus_continuance) for atk_mc5640_auto_focus_continuance
    demo.o(i.demo_run) refers to atk_mc5640.o(i.atk_mc5640_set_light_mode) for atk_mc5640_set_light_mode
    demo.o(i.demo_run) refers to atk_mc5640.o(i.atk_mc5640_set_color_saturation) for atk_mc5640_set_color_saturation
    demo.o(i.demo_run) refers to atk_mc5640.o(i.atk_mc5640_set_brightness) for atk_mc5640_set_brightness
    demo.o(i.demo_run) refers to atk_mc5640.o(i.atk_mc5640_set_contrast) for atk_mc5640_set_contrast
    demo.o(i.demo_run) refers to atk_mc5640.o(i.atk_mc5640_set_hue) for atk_mc5640_set_hue
    demo.o(i.demo_run) refers to atk_mc5640.o(i.atk_mc5640_set_special_effect) for atk_mc5640_set_special_effect
    demo.o(i.demo_run) refers to atk_mc5640.o(i.atk_mc5640_set_exposure_level) for atk_mc5640_set_exposure_level
[...]
    dma_handle                               0x240003a8   Data         120  atk_mc5640_dcmi.o(.bss)
    .bss                                     0x24000420   Section       96  libspace.o(.bss)
    HEAP                                     0x24000480   Section        0  startup_stm32h743xx.o(HEAP)
    STACK                                    0x24000480   Section     2048  startup_stm32h743xx.o(STACK)
    Heap_Mem                                 0x24000480   Data           0  startup_stm32h743xx.o(HEAP)
    Stack_Mem                                0x24000480   Data        2048  startup_stm32h743xx.o(STACK)
    __initial_sp                             0x24000c80   Data           0  startup_stm32h743xx.o(STACK)
    .ARM.__AT_0xC0000000                     0xc0000000   Section    2048000  ltdc.o(.ARM.__AT_0xC0000000)

    Global Symbols

    Symbol Name                              Value     Ov Type        Size  Object(Section)

    BuildAttributes$$THM_ISAv4$E$P$D$K$B$S$7EM$VFPv5_D16$PE$PLD8$A:L22UL41UL21$X:L11$S22US41US21$IEEE1$IW$USESV6$~STKCKD$USESV7$~SHL$OSPACE$ROPI$EBA8$UX$STANDARDLIB$REQ8$PRES8$EABIv2 0x00000000   Number         0  anon$$obj.o ABSOLUTE
    __ARM_use_no_argv                        0x00000000   Number         0  main.o ABSOLUTE
    __ARM_exceptions_init                     - Undefined Weak Reference
    __alloca_initialize                       - Undefined Weak Reference
    __arm_fini_                               - Undefined Weak Reference
    __arm_preinit_                            - Undefined Weak Reference
    __cpp_initialize__aeabi_                  - Undefined Weak Reference
    __cxa_finalize                            - Undefined Weak Reference
    __rt_locale                               - Undefined Weak Reference
    __sigvec_lookup                           - Undefined Weak Reference
    _atexit_init                              - Undefined Weak Reference
    _call_atexit_fns                          - Undefined Weak Reference
    _clock_init                               - Undefined Weak Reference
    _fp_trap_init                             - Undefined Weak Reference
    _fp_trap_shutdown                         - Undefined Weak Reference
    _get_lc_collate                           - Undefined Weak Reference
    _get_lc_ctype                             - Undefined Weak Reference
    _get_lc_monetary                          - Undefined Weak Reference
    _get_lc_numeric                           - Undefined Weak Reference
    _get_lc_time                              - Undefined Weak Reference
    _getenv_init                              - Undefined Weak Reference
    _handle_redirection                       - Undefined Weak Reference
    _init_alloc                               - Undefined Weak Reference
    _init_user_alloc                          - Undefined Weak Reference
    _initio                                   - Undefined Weak Reference
    _mutex_acquire                            - Undefined Weak Reference
    _mutex_release                            - Undefined Weak Reference
    _printf_post_padding                      - Undefined Weak Reference
    _printf_pre_padding                       - Undefined Weak Reference
    _printf_truncate_unsigned                 - Undefined Weak Reference
    _rand_init                                - Undefined Weak Reference
    _signal_finish                            - Undefined Weak Reference
    _signal_init                              - Undefined Weak Reference
    _terminate_alloc                          - Undefined Weak Reference
    _terminate_user_alloc                     - Undefined Weak Reference
    _terminateio                              - Undefined Weak Reference
    __Vectors_Size                           0x00000298   Number         0  startup_stm32h743xx.o ABSOLUTE
    __Vectors                                0x08000000   Data           4  startup_stm32h743xx.o(RESET)
    __Vectors_End                            0x08000298   Data           0  startup_stm32h743xx.o(RESET)
    __main                                   0x08000299   Thumb Code     8  __main.o(!!!main)
    __scatterload                            0x080002a1   Thumb Code     0  __scatter.o(!!!scatter)
    __scatterload_rt2                        0x080002a1   Thumb Code    44  __scatter.o(!!!scatter)
    __scatterload_rt2_thumb_only             0x080002a1   Thumb Code     0  __scatter.o(!!!scatter)
    __scatterload_null                       0x080002af   Thumb Code     0  __scatter.o(!!!scatter)
    __scatterload_copy                       0x080002d5   Thumb Code    26  __scatter_copy.o(!!handler_copy)
    __scatterload_zeroinit                   0x080002f1   Thumb Code    28  __scatter_zi.o(!!handler_zi)
    _printf_percent                          0x0800030d   Thumb Code     0  _printf_percent.o(.ARM.Collect$$_printf_percent$$00000000)
    _printf_x                                0x0800030d   Thumb Code     0  _printf_x.o(.ARM.Collect$$_printf_percent$$0000000C)
    _printf_percent_end                      0x08000313   Thumb Code     0  _printf_percent_end.o(.ARM.Collect$$_printf_percent$$00000017)
    __rt_lib_init                            0x08000317   Thumb Code     0  libinit.o(.ARM.Collect$$libinit$$00000000)
    __rt_lib_init_fp_1                       0x08000319   Thumb Code     0  libinit2.o(.ARM.Collect$$libinit$$00000001)
    __rt_lib_init_alloca_1                   0x0800031d   Thumb Code     0  libinit2.o(.ARM.Collect$$libinit$$0000002E)
    __rt_lib_init_argv_1                     0x0800031d   Thumb Code     0  libinit2.o(.ARM.Collect$$libinit$$0000002C)
    __rt_lib_init_atexit_1                   0x0800031d   Thumb Code     0  libinit2.o(.ARM.Collect$$libinit$$0000001B)
    __rt_lib_init_clock_1                    0x0800031d   Thumb Code     0  libinit2.o(.ARM.Collect$$libinit$$00000021)
    __rt_lib_init_cpp_1                      0x0800031d   Thumb Code     0  libinit2.o(.ARM.Collect$$libinit$$00000032)
    __rt_lib_init_exceptions_1               0x0800031d   Thumb Code     0  libinit2.o(.ARM.Collect$$libinit$$00000030)
    __rt_lib_init_fp_trap_1                  0x0800031d   Thumb Code     0  libinit2.o(.ARM.Collect$$libinit$$0000001F)
    __rt_lib_init_getenv_1                   0x0800031d   Thumb Code     0  libinit2.o(.ARM.Collect$$libinit$$00000023)
    __rt_lib_init_heap_1                     0x0800031d   Thumb Code     0  libinit2.o(.ARM.Collect$$libinit$$0000000A)
    __rt_lib_init_lc_collate_1               0x0800031d   Thumb Code     0  libinit2.o(.ARM.Collect$$libinit$$00000011)
    __rt_lib_init_lc_ctype_1                 0x0800031d   Thumb Code     0  libinit2.o(.ARM.Collect$$libinit$$00000013)
    __rt_lib_init_lc_monetary_1              0x0800031d   Thumb Code     0  libinit2.o(.ARM.Collect$$libinit$$00000015)
    __rt_lib_init_lc_numeric_1               0x0800031d   Thumb Code     0  libinit2.o(.ARM.Collect$$libinit$$00000017)
    __rt_lib_init_lc_time_1                  0x0800031d   Thumb Code     0  libinit2.o(.ARM.Collect$$libinit$$00000019)
    __rt_lib_init_preinit_1                  0x0800031d   Thumb Code     0  libinit2.o(.ARM.Collect$$libinit$$00000004)
    __rt_lib_init_rand_1                     0x0800031d   Thumb Code     0  libinit2.o(.ARM.Collect$$libinit$$0000000E)
    __rt_lib_init_return                     0x0800031d   Thumb Code     0  libinit2.o(.ARM.Collect$$libinit$$00000033)
    __rt_lib_init_signal_1                   0x0800031d   Thumb Code     0  libinit2.o(.ARM.Collect$$libinit$$0000001D)
    __rt_lib_init_stdio_1                    0x0800031d   Thumb Code     0  libinit2.o(.ARM.Collect$$libinit$$00000025)
    __rt_lib_init_user_alloc_1               0x0800031d   Thumb Code     0  libinit2.o(.ARM.Collect$$libinit$$0000000C)
    __rt_lib_shutdown                        0x0800031f   Thumb Code     0  libshutdown.o(.ARM.Collect$$libshutdown$$00000000)
    __rt_lib_shutdown_cpp_1                  0x08000321   Thumb Code     0  libshutdown2.o(.ARM.Collect$$libshutdown$$00000004)
    __rt_lib_shutdown_fini_1                 0x08000321   Thumb Code     0  libshutdown2.o(.ARM.Collect$$libshutdown$$00000002)
    __rt_lib_shutdown_fp_trap_1              0x08000321   Thumb Code     0  libshutdown2.o(.ARM.Collect$$libshutdown$$00000009)
    __rt_lib_shutdown_heap_1                 0x08000321   Thumb Code     0  libshutdown2.o(.ARM.Collect$$libshutdown$$00000011)
    __rt_lib_shutdown_return                 0x08000321   Thumb Code     0  libshutdown2.o(.ARM.Collect$$libshutdown$$00000012)
    __rt_lib_shutdown_signal_1               0x08000321   Thumb Code     0  libshutdown2.o(.ARM.Collect$$libshutdown$$0000000C)
    __rt_lib_shutdown_stdio_1                0x08000321   Thumb Code     0  libshutdown2.o(.ARM.Collect$$libshutdown$$00000006)
    __rt_lib_shutdown_user_alloc_1           0x08000321   Thumb Code     0  libshutdown2.o(.ARM.Collect$$libshutdown$$0000000E)
    __rt_entry                               0x08000323   Thumb Code     0  __rtentry.o(.ARM.Collect$$rtentry$$00000000)
    __rt_entry_presh_1                       0x08000323   Thumb Code     0  __rtentry2.o(.ARM.Collect$$rtentry$$00000002)
    __rt_entry_sh                            0x08000323   Thumb Code     0  __rtentry4.o(.ARM.Collect$$rtentry$$00000004)
    __rt_entry_li                            0x08000329   Thumb Code     0  __rtentry2.o(.ARM.Collect$$rtentry$$0000000A)
    __rt_entry_postsh_1                      0x08000329   Thumb Code     0  __rtentry2.o(.ARM.Collect$$rtentry$$00000009)
    __rt_entry_main                          0x0800032d   Thumb Code     0  __rtentry2.o(.ARM.Collect$$rtentry$$0000000D)
    __rt_entry_postli_1                      0x0800032d   Thumb Code     0  __rtentry2.o(.ARM.Collect$$rtentry$$0000000C)
    __rt_exit                                0x08000335   Thumb Code     0  rtexit.o(.ARM.Collect$$rtexit$$00000000)
    __rt_exit_ls                             0x08000337   Thumb Code     0  rtexit2.o(.ARM.Collect$$rtexit$$00000003)
    __rt_exit_prels_1                        0x08000337   Thumb Code     0  rtexit2.o(.ARM.Collect$$rtexit$$00000002)
    __rt_exit_exit                           0x0800033b   Thumb Code     0  rtexit2.o(.ARM.Collect$$rtexit$$00000004)
    Reset_Handler                            0x08000341   Thumb Code    20  startup_stm32h743xx.o(.text)
    ADC3_IRQHandler                          0x08000367   Thumb Code     0  startup_stm32h743xx.o(.text)
    ADC_IRQHandler                           0x08000367   Thumb Code     0  startup_stm32h743xx.o(.text)
    BDMA_Channel0_IRQHandler                 0x08000367   Thumb Code     0  startup_stm32h743xx.o(.text)
    BDMA_Channel1_IRQHandler                 0x08000367   Thumb Code     0  startup_stm32h743xx.o(.text)
    BDMA_Channel2_IRQHandler                 0x08000367   Thumb Code     0  startup_stm32h743xx.o(.text)
    BDMA_Channel3_IRQHandler                 0x08000367   Thumb Code     0  startup_stm32h743xx.o(.text)
    BDMA_Channel4_IRQHandler                 0x08000367   Thumb Code     0  startup_stm32h743xx.o(.text)
    BDMA_Channel5_IRQHandler                 0x08000367   Thumb Code     0  startup_stm32h743xx.o(.text)
    BDMA_Channel6_IRQHandler                 0x08000367   Thumb Code     0  startup_stm32h743xx.o(.text)
    BDMA_Channel7_IRQHandler                 0x08000367   Thumb Code     0  startup_stm32h743xx.o(.text)
    CEC_IRQHandler                           0x08000367   Thumb Code     0  startup_stm32h743xx.o(.text)
    COMP1_IRQHandler                         0x08000367   Thumb Code     0  startup_stm32h743xx.o(.text)
    CRS_IRQHandler                           0x08000367   Thumb Code     0  startup_stm32h743xx.o(.text)
    DFSDM1_FLT0_IRQHandler                   0x08000367   Thumb Code     0  startup_stm32h743xx.o(.text)
    DFSDM1_FLT1_IRQHandler                   0x08000367   Thumb Code     0  startup_stm32h743xx.o(.text)
    DFSDM1_FLT2_IRQHandler                   0x08000367   Thumb Code     0  startup_stm32h743xx.o(.text)
    DFSDM1_FLT3_IRQHandler                   0x08000367   Thumb Code     0  startup_stm32h743xx.o(.text)
    DMA1_Stream0_IRQHandler                  0x08000367   Thumb Code     0  startup_stm32h743xx.o(.text)
    DMA1_Stream1_IRQHandler                  0x08000367   Thumb Code     0  startup_stm32h743xx.o(.text)
    DMA1_Stream2_IRQHandler                  0x08000367   Thumb Code     0  startup_stm32h743xx.o(.text)
    DMA1_Stream3_IRQHandler                  0x08000367   Thumb Code     0  startup_stm32h743xx.o(.text)
    DMA1_Stream4_IRQHandler                  0x08000367   Thumb Code     0  startup_stm32h743xx.o(.text)
    DMA1_Stream5_IRQHandler                  0x08000367   Thumb Code     0  startup_stm32h743xx.o(.text)
    DMA1_Stream6_IRQHandler                  0x08000367   Thumb Code     0  startup_stm32h743xx.o(.text)
    DMA1_Stream7_IRQHandler                  0x08000367   Thumb Code     0  startup_stm32h743xx.o(.text)
    DMA2D_IRQHandler                         0x08000367   Thumb Code     0  startup_stm32h743xx.o(.text)
    DMA2_Stream0_IRQHandler                  0x08000367   Thumb Code     0  startup_stm32h743xx.o(.text)
    DMA2_Stream2_IRQHandler                  0x08000367   Thumb Code     0  startup_stm32h743xx.o(.text)
    DMA2_Stream3_IRQHandler                  0x08000367   Thumb Code     0  startup_stm32h743xx.o(.text)
    DMA2_Stream4_IRQHandler                  0x08000367   Thumb Code     0  startup_stm32h743xx.o(.text)
    DMA2_Stream5_IRQHandler                  0x08000367   Thumb Code     0  startup_stm32h743xx.o(.text)
    DMA2_Stream6_IRQHandler                  0x08000367   Thumb Code     0  startup_stm32h743xx.o(.text)
    DMA2_Stream7_IRQHandler                  0x08000367   Thumb Code     0  startup_stm32h743xx.o(.text)
    DMAMUX1_OVR_IRQHandler                   0x08000367   Thumb Code     0  startup_stm32h743xx.o(.text)
    DMAMUX2_OVR_IRQHandler                   0x08000367   Thumb Code     0  startup_stm32h743xx.o(.text)
    ECC_IRQHandler                           0x08000367   Thumb Code     0  startup_stm32h743xx.o(.text)
    ETH_IRQHandler                           0x08000367   Thumb Code     0  startup_stm32h743xx.o(.text)
    ETH_WKUP_IRQHandler                      0x08000367   Thumb Code     0  startup_stm32h743xx.o(.text)
    EXTI0_IRQHandler                         0x08000367   Thumb Code     0  startup_stm32h743xx.o(.text)
    EXTI15_10_IRQHandler                     0x08000367   Thumb Code     0  startup_stm32h743xx.o(.text)
    EXTI1_IRQHandler                         0x08000367   Thumb Code     0  startup_stm32h743xx.o(.text)
    EXTI2_IRQHandler                         0x08000367   Thumb Code     0  startup_stm32h743xx.o(.text)
    EXTI3_IRQHandler                         0x08000367   Thumb Code     0  startup_stm32h743xx.o(.text)
    EXTI4_IRQHandler                         0x08000367   Thumb Code     0  startup_stm32h743xx.o(.text)
    EXTI9_5_IRQHandler                       0x08000367   Thumb Code     0  startup_stm32h743xx.o(.text)
    FDCAN1_IT0_IRQHandler                    0x08000367   Thumb Code     0  startup_stm32h743xx.o(.text)
    FDCAN1_IT1_IRQHandler                    0x08000367   Thumb Code     0  startup_stm32h743xx.o(.text)
    FDCAN2_IT0_IRQHandler                    0x08000367   Thumb Code     0  startup_stm32h743xx.o(.text)
    FDCAN2_IT1_IRQHandler                    0x08000367   Thumb Code     0  startup_stm32h743xx.o(.text)
    FDCAN_CAL_IRQHandler                     0x08000367   Thumb Code     0  startup_stm32h743xx.o(.text)
    FLASH_IRQHandler                         0x08000367   Thumb Code     0  startup_stm32h743xx.o(.text)
    FMC_IRQHandler                           0x08000367   Thumb Code     0  startup_stm32h743xx.o(.text)
    FPU_IRQHandler                           0x08000367   Thumb Code     0  startup_stm32h743xx.o(.text)
    HRTIM1_FLT_IRQHandler                    0x08000367   Thumb Code     0  startup_stm32h743xx.o(.text)
    HRTIM1_Master_IRQHandler                 0x08000367   Thumb Code     0  startup_stm32h743xx.o(.text)
    HRTIM1_TIMA_IRQHandler                   0x08000367   Thumb Code     0  startup_stm32h743xx.o(.text)
    HRTIM1_TIMB_IRQHandler                   0x08000367   Thumb Code     0  startup_stm32h743xx.o(.text)
    HRTIM1_TIMC_IRQHandler                   0x08000367   Thumb Code     0  startup_stm32h743xx.o(.text)
    HRTIM1_TIMD_IRQHandler                   0x08000367   Thumb Code     0  startup_stm32h743xx.o(.text)
    HRTIM1_TIME_IRQHandler                   0x08000367   Thumb Code     0  startup_stm32h743xx.o(.text)
    HSEM1_IRQHandler                         0x08000367   Thumb Code     0  startup_stm32h743xx.o(.text)
    I2C1_ER_IRQHandler                       0x08000367   Thumb Code     0  startup_stm32h743xx.o(.text)
    I2C1_EV_IRQHandler                       0x08000367   Thumb Code     0  startup_stm32h743xx.o(.text)
    I2C2_ER_IRQHandler                       0x08000367   Thumb Code     0  startup_stm32h743xx.o(.text)
    I2C2_EV_IRQHandler                       0x08000367   Thumb Code     0  startup_stm32h743xx.o(.text)
    I2C3_ER_IRQHandler                       0x08000367   Thumb Code     0  startup_stm32h743xx.o(.text)
    I2C3_EV_IRQHandler                       0x08000367   Thumb Code     0  startup_stm32h743xx.o(.text)
    I2C4_ER_IRQHandler                       0x08000367   Thumb Code     0  startup_stm32h743xx.o(.text)
    I2C4_EV_IRQHandler                       0x08000367   Thumb Code     0  startup_stm32h743xx.o(.text)
    JPEG_IRQHandler                          0x08000367   Thumb Code     0  startup_stm32h743xx.o(.text)
    LPTIM1_IRQHandler                        0x08000367   Thumb Code     0  startup_stm32h743xx.o(.text)
    LPTIM2_IRQHandler                        0x08000367   Thumb Code     0  startup_stm32h743xx.o(.text)
    LPTIM3_IRQHandler                        0x08000367   Thumb Code     0  startup_stm32h743xx.o(.text)
    LPTIM4_IRQHandler                        0x08000367   Thumb Code     0  startup_stm32h743xx.o(.text)
    LPTIM5_IRQHandler                        0x08000367   Thumb Code     0  startup_stm32h743xx.o(.text)
    LPUART1_IRQHandler                       0x08000367   Thumb Code     0  startup_stm32h743xx.o(.text)
    LTDC_ER_IRQHandler                       0x08000367   Thumb Code     0  startup_stm32h743xx.o(.text)
    LTDC_IRQHandler                          0x08000367   Thumb Code     0  startup_stm32h743xx.o(.text)
    MDIOS_IRQHandler                         0x08000367   Thumb Code     0  startup_stm32h743xx.o(.text)
    MDIOS_WKUP_IRQHandler                    0x08000367   Thumb Code     0  startup_stm32h743xx.o(.text)
    MDMA_IRQHandler                          0x08000367   Thumb Code     0  startup_stm32h743xx.o(.text)
    OTG_FS_EP1_IN_IRQHandler                 0x08000367   Thumb Code     0  startup_stm32h743xx.o(.text)
    OTG_FS_EP1_OUT_IRQHandler                0x08000367   Thumb Code     0  startup_stm32h743xx.o(.text)
    OTG_FS_IRQHandler                        0x08000367   Thumb Code     0  startup_stm32h743xx.o(.text)
    OTG_FS_WKUP_IRQHandler                   0x08000367   Thumb Code     0  startup_stm32h743xx.o(.text)
    OTG_HS_EP1_IN_IRQHandler                 0x08000367   Thumb Code     0  startup_stm32h743xx.o(.text)
    OTG_HS_EP1_OUT_IRQHandler                0x08000367   Thumb Code     0  startup_stm32h743xx.o(.text)
    OTG_HS_IRQHandler                        0x08000367   Thumb Code     0  startup_stm32h743xx.o(.text)
    OTG_HS_WKUP_IRQHandler                   0x08000367   Thumb Code     0  startup_stm32h743xx.o(.text)
    PVD_AVD_IRQHandler                       0x08000367   Thumb Code     0  startup_stm32h743xx.o(.text)
    QUADSPI_IRQHandler                       0x08000367   Thumb Code     0  startup_stm32h743xx.o(.text)
    RCC_IRQHandler                           0x08000367   Thumb Code     0  startup_stm32h743xx.o(.text)
    RNG_IRQHandler                           0x08000367   Thumb Code     0  startup_stm32h743xx.o(.text)
    RTC_Alarm_IRQHandler                     0x08000367   Thumb Code     0  startup_stm32h743xx.o(.text)
    RTC_WKUP_IRQHandler                      0x08000367   Thumb Code     0  startup_stm32h743xx.o(.text)
    SAI1_IRQHandler                          0x08000367   Thumb Code     0  startup_stm32h743xx.o(.text)
    SAI2_IRQHandler                          0x08000367   Thumb Code     0  startup_stm32h743xx.o(.text)
    SAI3_IRQHandler                          0x08000367   Thumb Code     0  startup_stm32h743xx.o(.text)
    SAI4_IRQHandler                          0x08000367   Thumb Code     0  startup_stm32h743xx.o(.text)
    SDMMC1_IRQHandler                        0x08000367   Thumb Code     0  startup_stm32h743xx.o(.text)
    SDMMC2_IRQHandler                        0x08000367   Thumb Code     0  startup_stm32h743xx.o(.text)
    SPDIF_RX_IRQHandler                      0x08000367   Thumb Code     0  startup_stm32h743xx.o(.text)
    SPI1_IRQHandler                          0x08000367   Thumb Code     0  startup_stm32h743xx.o(.text)
    SPI2_IRQHandler                          0x08000367   Thumb Code     0  startup_stm32h743xx.o(.text)
    SPI3_IRQHandler                          0x08000367   Thumb Code     0  startup_stm32h743xx.o(.text)
    SPI4_IRQHandler                          0x08000367   Thumb Code     0  startup_stm32h743xx.o(.text)
    SPI5_IRQHandler                          0x08000367   Thumb Code     0  startup_stm32h743xx.o(.text)
    SPI6_IRQHandler                          0x08000367   Thumb Code     0  startup_stm32h743xx.o(.text)
    SWPMI1_IRQHandler                        0x08000367   Thumb Code     0  startup_stm32h743xx.o(.text)
    TAMP_STAMP_IRQHandler                    0x08000367   Thumb Code     0  startup_stm32h743xx.o(.text)
    TIM15_IRQHandler                         0x08000367   Thumb Code     0  startup_stm32h743xx.o(.text)
    TIM16_IRQHandler                         0x08000367   Thumb Code     0  startup_stm32h743xx.o(.text)
    TIM17_IRQHandler                         0x08000367   Thumb Code     0  startup_stm32h743xx.o(.text)
    TIM1_BRK_IRQHandler                      0x08000367   Thumb Code     0  startup_stm32h743xx.o(.text)
    TIM1_CC_IRQHandler                       0x08000367   Thumb Code     0  startup_stm32h743xx.o(.text)
    TIM1_TRG_COM_IRQHandler                  0x08000367   Thumb Code     0  startup_stm32h743xx.o(.text)
    TIM1_UP_IRQHandler                       0x08000367   Thumb Code     0  startup_stm32h743xx.o(.text)
    TIM2_IRQHandler                          0x08000367   Thumb Code     0  startup_stm32h743xx.o(.text)
    TIM3_IRQHandler                          0x08000367   Thumb Code     0  startup_stm32h743xx.o(.text)
    TIM4_IRQHandler                          0x08000367   Thumb Code     0  startup_stm32h743xx.o(.text)
    TIM5_IRQHandler                          0x08000367   Thumb Code     0  startup_stm32h743xx.o(.text)
    TIM6_DAC_IRQHandler                      0x08000367   Thumb Code     0  startup_stm32h743xx.o(.text)
    TIM7_IRQHandler                          0x08000367   Thumb Code     0  startup_stm32h743xx.o(.text)
    TIM8_BRK_TIM12_IRQHandler                0x08000367   Thumb Code     0  startup_stm32h743xx.o(.text)
    TIM8_CC_IRQHandler                       0x08000367   Thumb Code     0  startup_stm32h743xx.o(.text)
    TIM8_TRG_COM_TIM14_IRQHandler            0x08000367   Thumb Code     0  startup_stm32h743xx.o(.text)
    TIM8_UP_TIM13_IRQHandler                 0x08000367   Thumb Code     0  startup_stm32h743xx.o(.text)
    UART4_IRQHandler                         0x08000367   Thumb Code     0  startup_stm32h743xx.o(.text)
    UART5_IRQHandler                         0x08000367   Thumb Code     0  startup_stm32h743xx.o(.text)
    UART7_IRQHandler                         0x08000367   Thumb Code     0  startup_stm32h743xx.o(.text)
    UART8_IRQHandler                         0x08000367   Thumb Code     0  startup_stm32h743xx.o(.text)
    USART2_IRQHandler                        0x08000367   Thumb Code     0  startup_stm32h743xx.o(.text)
    USART3_IRQHandler                        0x08000367   Thumb Code     0  startup_stm32h743xx.o(.text)
    USART6_IRQHandler                        0x08000367   Thumb Code     0  startup_stm32h743xx.o(.text)
    WAKEUP_PIN_IRQHandler                    0x08000367   Thumb Code     0  startup_stm32h743xx.o(.text)
    WWDG_IRQHandler                          0x08000367   Thumb Code     0  startup_stm32h743xx.o(.text)
    __user_initial_stackheap                 0x08000369   Thumb Code     0  startup_stm32h743xx.o(.text)
    __use_no_semihosting                     0x0800038d   Thumb Code     2  use_no_semi_2.o(.text)
    __aeabi_uldivmod                         0x0800038f   Thumb Code     0  lludivv7m.o(.text)
    _ll_udiv                                 0x0800038f   Thumb Code   238  lludivv7m.o(.text)
    __2printf                                0x0800047d   Thumb Code    20  noretval__2printf.o(.text)
    __printf                                 0x08000495   Thumb Code   104  __printf.o(.text)
    _printf_int_hex                          0x080004fd   Thumb Code    84  _printf_hex_int.o(.text)
    _printf_longlong_hex                     0x080004fd   Thumb Code     0  _printf_hex_int.o(.text)
    __aeabi_memcpy4                          0x08000555   Thumb Code     0  rt_memcpy_w.o(.text)
    __aeabi_memcpy8                          0x08000555   Thumb Code     0  rt_memcpy_w.o(.text)
    __rt_memcpy_w                            0x08000555   Thumb Code   100  rt_memcpy_w.o(.text)
    _memcpy_lastbytes_aligned                0x0800059d   Thumb Code     0  rt_memcpy_w.o(.text)
    __aeabi_memclr4                          0x080005b9   Thumb Code     0  rt_memclr_w.o(.text)
    __aeabi_memclr8                          0x080005b9   Thumb Code     0  rt_memclr_w.o(.text)
    __rt_memclr_w                            0x080005b9   Thumb Code    78  rt_memclr_w.o(.text)
    _memset_w                                0x080005bd   Thumb Code     0  rt_memclr_w.o(.text)
    __use_two_region_memory                  0x08000607   Thumb Code     2  heapauxi.o(.text)
    __rt_heap_escrow$2region                 0x08000609   Thumb Code     2  heapauxi.o(.text)
    __rt_heap_expand$2region                 0x0800060b   Thumb Code     2  heapauxi.o(.text)
    __semihosting$guard                      0x0800060d   Thumb Code     0  use_no_semi.o(.text)
    __use_no_semihosting_swi                 0x0800060d   Thumb Code     2  use_no_semi.o(.text)
    _printf_int_common                       0x0800060f   Thumb Code   178  _printf_intcommon.o(.text)
    _printf_char_file                        0x080006c1   Thumb Code    32  _printf_char_file.o(.text)
    _printf_char_common                      0x080006ef   Thumb Code    32  _printf_char_common.o(.text)
    ferror                                   0x08000715   Thumb Code     8  ferror.o(.text)
    __user_setup_stackheap                   0x0800071d   Thumb Code    74  sys_stackheap_outer.o(.text)
    exit                                     0x08000767   Thumb Code    18  exit.o(.text)
    __user_libspace                          0x08000779   Thumb Code     8  libspace.o(.text)
    __user_perproc_libspace                  0x08000779   Thumb Code     0  libspace.o(.text)
    __user_perthread_libspace                0x08000779   Thumb Code     0  libspace.o(.text)
    BusFault_Handler                         0x08000781   Thumb Code     4  stm32h7xx_it.o(i.BusFault_Handler)
    DCMI_IRQHandler                          0x0800086d   Thumb Code    10  atk_mc5640_dcmi.o(i.DCMI_IRQHandler)
    DMA2_Stream1_IRQHandler                  0x0800087d   Thumb Code    12  atk_mc5640_dcmi.o(i.DMA2_Stream1_IRQHandler)
    DebugMon_Handler                         0x08000ee5   Thumb Code     2  stm32h7xx_it.o(i.DebugMon_Handler)
    FMC_NORSRAM_Extended_Timing_Init         0x08000ee9   Thumb Code    62  stm32h7xx_ll_fmc.o(i.FMC_NORSRAM_Extended_Timing_Init)
    FMC_NORSRAM_Init                         0x08000f2d   Thumb Code   160  stm32h7xx_ll_fmc.o(i.FMC_NORSRAM_Init)
    FMC_NORSRAM_Timing_Init                  0x08000fd1   Thumb Code   102  stm32h7xx_ll_fmc.o(i.FMC_NORSRAM_Timing_Init)
    FMC_SDRAM_Init                           0x08001037   Thumb Code   108  stm32h7xx_ll_fmc.o(i.FMC_SDRAM_Init)
    FMC_SDRAM_ProgramRefreshRate             0x080010a3   Thumb Code    20  stm32h7xx_ll_fmc.o(i.FMC_SDRAM_ProgramRefreshRate)
    FMC_SDRAM_SendCommand                    0x080010b7   Thumb Code    38  stm32h7xx_ll_fmc.o(i.FMC_SDRAM_SendCommand)
    FMC_SDRAM_Timing_Init                    0x080010dd   Thumb Code   144  stm32h7xx_ll_fmc.o(i.FMC_SDRAM_Timing_Init)
    HAL_DCMI_ErrorCallback                   0x08001171   Thumb Code     2  stm32h7xx_hal_dcmi.o(i.HAL_DCMI_ErrorCallback)
    HAL_DCMI_FrameEventCallback              0x08001175   Thumb Code    16  atk_mc5640_dcmi.o(i.HAL_DCMI_FrameEventCallback)
    HAL_DCMI_IRQHandler                      0x08001189   Thumb Code   176  stm32h7xx_hal_dcmi.o(i.HAL_DCMI_IRQHandler)
    HAL_DCMI_Init                            0x0800123d   Thumb Code   156  stm32h7xx_hal_dcmi.o(i.HAL_DCMI_Init)
    HAL_DCMI_LineEventCallback               0x080012dd   Thumb Code     2  stm32h7xx_hal_dcmi.o(i.HAL_DCMI_LineEventCallback)
    HAL_DCMI_MspInit                         0x080012e1   Thumb Code   844  atk_mc5640_dcmi.o(i.HAL_DCMI_MspInit)
    HAL_DCMI_Start_DMA                       0x08001651   Thumb Code   278  stm32h7xx_hal_dcmi.o(i.HAL_DCMI_Start_DMA)
    HAL_DCMI_Stop                            0x08001771   Thumb Code   138  stm32h7xx_hal_dcmi.o(i.HAL_DCMI_Stop)
    HAL_DCMI_VsyncEventCallback              0x08001801   Thumb Code     2  stm32h7xx_hal_dcmi.o(i.HAL_DCMI_VsyncEventCallback)
    HAL_DMAEx_ChangeMemory                   0x08001805   Thumb Code   198  stm32h7xx_hal_dma_ex.o(i.HAL_DMAEx_ChangeMemory)
    HAL_DMAEx_MultiBufferStart_IT            0x080018d5   Thumb Code  1328  stm32h7xx_hal_dma_ex.o(i.HAL_DMAEx_MultiBufferStart_IT)
    HAL_DMA_Abort                            0x08001e0d   Thumb Code  1236  stm32h7xx_hal_dma.o(i.HAL_DMA_Abort)
    HAL_DMA_Abort_IT                         0x080022e9   Thumb Code   906  stm32h7xx_hal_dma.o(i.HAL_DMA_Abort_IT)
    HAL_DMA_IRQHandler                       0x08002681   Thumb Code  2798  stm32h7xx_hal_dma.o(i.HAL_DMA_IRQHandler)
    HAL_DMA_Init                             0x08003179   Thumb Code  1304  stm32h7xx_hal_dma.o(i.HAL_DMA_Init)
    HAL_DMA_Start_IT                         0x08003699   Thumb Code   980  stm32h7xx_hal_dma.o(i.HAL_DMA_Start_IT)
    HAL_EnableCompensationCell               0x08003a79   Thumb Code    14  stm32h7xx_hal.o(i.HAL_EnableCompensationCell)
    HAL_GPIO_Init                            0x08003a8d   Thumb Code   456  stm32h7xx_hal_gpio.o(i.HAL_GPIO_Init)
    HAL_GPIO_ReadPin                         0x08003c89   Thumb Code    16  stm32h7xx_hal_gpio.o(i.HAL_GPIO_ReadPin)
    HAL_GPIO_TogglePin                       0x08003c99   Thumb Code    20  stm32h7xx_hal_gpio.o(i.HAL_GPIO_TogglePin)
    HAL_GPIO_WritePin                        0x08003cad   Thumb Code    12  stm32h7xx_hal_gpio.o(i.HAL_GPIO_WritePin)
    HAL_GetREVID                             0x08003cb9   Thumb Code     8  stm32h7xx_hal.o(i.HAL_GetREVID)
    HAL_GetTick                              0x08003cc5   Thumb Code     6  stm32h7xx_hal.o(i.HAL_GetTick)
    HAL_IncTick                              0x08003cd1   Thumb Code    16  stm32h7xx_hal.o(i.HAL_IncTick)
    HAL_Init                                 0x08003ce9   Thumb Code    80  stm32h7xx_hal.o(i.HAL_Init)
    HAL_InitTick                             0x08003d49   Thumb Code    74  stm32h7xx_hal.o(i.HAL_InitTick)
    HAL_LTDC_ConfigLayer                     0x08003da1   Thumb Code    94  stm32h7xx_hal_ltdc.o(i.HAL_LTDC_ConfigLayer)
    HAL_LTDC_Init                            0x08003e01   Thumb Code   274  stm32h7xx_hal_ltdc.o(i.HAL_LTDC_Init)
    HAL_LTDC_MspInit                         0x08003f19   Thumb Code   384  ltdc.o(i.HAL_LTDC_MspInit)
    HAL_LTDC_SetWindowPosition               0x080040b1   Thumb Code   108  stm32h7xx_hal_ltdc.o(i.HAL_LTDC_SetWindowPosition)
    HAL_LTDC_SetWindowSize                   0x0800411d   Thumb Code   108  stm32h7xx_hal_ltdc.o(i.HAL_LTDC_SetWindowSize)
    HAL_MPU_ConfigRegion                     0x08004189   Thumb Code    88  stm32h7xx_hal_cortex.o(i.HAL_MPU_ConfigRegion)
    HAL_MPU_Disable                          0x080041e5   Thumb Code    38  stm32h7xx_hal_cortex.o(i.HAL_MPU_Disable)
    HAL_MPU_Enable                           0x08004211   Thumb Code    58  stm32h7xx_hal_cortex.o(i.HAL_MPU_Enable)
    HAL_MspInit                              0x08004251   Thumb Code     2  stm32h7xx_hal.o(i.HAL_MspInit)
    HAL_NVIC_EnableIRQ                       0x08004253   Thumb Code    40  stm32h7xx_hal_cortex.o(i.HAL_NVIC_EnableIRQ)
    HAL_NVIC_SetPriority                     0x0800427b   Thumb Code   122  stm32h7xx_hal_cortex.o(i.HAL_NVIC_SetPriority)
    HAL_NVIC_SetPriorityGrouping             0x080042f5   Thumb Code    32  stm32h7xx_hal_cortex.o(i.HAL_NVIC_SetPriorityGrouping)
    HAL_PWREx_EnableUSBVoltageDetector       0x0800431d   Thumb Code    14  stm32h7xx_hal_pwr_ex.o(i.HAL_PWREx_EnableUSBVoltageDetector)
    HAL_RCCEx_GetD3PCLK1Freq                 0x08004331   Thumb Code    26  stm32h7xx_hal_rcc_ex.o(i.HAL_RCCEx_GetD3PCLK1Freq)
    HAL_RCCEx_GetPLL2ClockFreq               0x08004355   Thumb Code   536  stm32h7xx_hal_rcc_ex.o(i.HAL_RCCEx_GetPLL2ClockFreq)
    HAL_RCCEx_GetPLL3ClockFreq               0x08004585   Thumb Code   536  stm32h7xx_hal_rcc_ex.o(i.HAL_RCCEx_GetPLL3ClockFreq)
    HAL_RCCEx_PeriphCLKConfig                0x080047b5   Thumb Code  2910  stm32h7xx_hal_rcc_ex.o(i.HAL_RCCEx_PeriphCLKConfig)
    HAL_RCC_ClockConfig                      0x08005319   Thumb Code   774  stm32h7xx_hal_rcc.o(i.HAL_RCC_ClockConfig)
    HAL_RCC_GetHCLKFreq                      0x08005639   Thumb Code    60  stm32h7xx_hal_rcc.o(i.HAL_RCC_GetHCLKFreq)
    HAL_RCC_GetPCLK1Freq                     0x08005685   Thumb Code    26  stm32h7xx_hal_rcc.o(i.HAL_RCC_GetPCLK1Freq)
    HAL_RCC_GetPCLK2Freq                     0x080056a9   Thumb Code    26  stm32h7xx_hal_rcc.o(i.HAL_RCC_GetPCLK2Freq)
    HAL_RCC_GetSysClockFreq                  0x080056cd   Thumb Code   524  stm32h7xx_hal_rcc.o(i.HAL_RCC_GetSysClockFreq)
    HAL_RCC_OscConfig                        0x080058f9   Thumb Code  2048  stm32h7xx_hal_rcc.o(i.HAL_RCC_OscConfig)
    HAL_SDRAM_Init                           0x080060f9   Thumb Code    76  stm32h7xx_hal_sdram.o(i.HAL_SDRAM_Init)
    HAL_SDRAM_MspInit                        0x08006149   Thumb Code   258  sdram.o(i.HAL_SDRAM_MspInit)
    HAL_SDRAM_ProgramRefreshRate             0x08006265   Thumb Code    54  stm32h7xx_hal_sdram.o(i.HAL_SDRAM_ProgramRefreshRate)
    HAL_SDRAM_SendCommand                    0x0800629b   Thumb Code    78  stm32h7xx_hal_sdram.o(i.HAL_SDRAM_SendCommand)
    HAL_SRAM_Init                            0x080062e9   Thumb Code   106  stm32h7xx_hal_sram.o(i.HAL_SRAM_Init)
    HAL_SRAM_MspInit                         0x08006359   Thumb Code   140  lcd.o(i.HAL_SRAM_MspInit)
    HAL_SYSTICK_CLKSourceConfig              0x080063f1   Thumb Code    40  stm32h7xx_hal_cortex.o(i.HAL_SYSTICK_CLKSourceConfig)
    HAL_SYSTICK_Config                       0x08006419   Thumb Code    52  stm32h7xx_hal_cortex.o(i.HAL_SYSTICK_Config)
    HAL_UARTEx_RxEventCallback               0x0800644d   Thumb Code     2  stm32h7xx_hal_uart.o(i.HAL_UARTEx_RxEventCallback)
    HAL_UARTEx_RxFifoFullCallback            0x0800644f   Thumb Code     2  stm32h7xx_hal_uart_ex.o(i.HAL_UARTEx_RxFifoFullCallback)
    HAL_UARTEx_TxFifoEmptyCallback           0x08006451   Thumb Code     2  stm32h7xx_hal_uart_ex.o(i.HAL_UARTEx_TxFifoEmptyCallback)
    HAL_UARTEx_WakeupCallback                0x08006453   Thumb Code     2  stm32h7xx_hal_uart_ex.o(i.HAL_UARTEx_WakeupCallback)
    HAL_UART_ErrorCallback                   0x08006455   Thumb Code     2  stm32h7xx_hal_uart.o(i.HAL_UART_ErrorCallback)
    HAL_UART_GetState                        0x08006457   Thumb Code    16  stm32h7xx_hal_uart.o(i.HAL_UART_GetState)
    HAL_UART_IRQHandler                      0x08006469   Thumb Code  1112  stm32h7xx_hal_uart.o(i.HAL_UART_IRQHandler)
    HAL_UART_Init                            0x080068c1   Thumb Code   120  stm32h7xx_hal_uart.o(i.HAL_UART_Init)
    HAL_UART_MspInit                         0x08006939   Thumb Code   180  usart.o(i.HAL_UART_MspInit)
    HAL_UART_Receive_IT                      0x080069f9   Thumb Code   110  stm32h7xx_hal_uart.o(i.HAL_UART_Receive_IT)
    HAL_UART_RxCpltCallback                  0x08006a6d   Thumb Code   120  usart.o(i.HAL_UART_RxCpltCallback)
    HAL_UART_TxCpltCallback                  0x08006af5   Thumb Code     2  stm32h7xx_hal_uart.o(i.HAL_UART_TxCpltCallback)
    HardFault_Handler                        0x08006af7   Thumb Code     4  stm32h7xx_it.o(i.HardFault_Handler)
    MemManage_Handler                        0x08006d0b   Thumb Code     4  stm32h7xx_it.o(i.MemManage_Handler)
    NMI_Handler                              0x08006d0f   Thumb Code     4  stm32h7xx_it.o(i.NMI_Handler)
    PendSV_Handler                           0x08006d13   Thumb Code     2  stm32h7xx_it.o(i.PendSV_Handler)
    SVC_Handler                              0x08006fdd   Thumb Code     2  stm32h7xx_it.o(i.SVC_Handler)
    SysTick_Handler                          0x08006fdf   Thumb Code     8  stm32h7xx_it.o(i.SysTick_Handler)
    SystemInit                               0x08006fe9   Thumb Code   212  system_stm32h7xx.o(i.SystemInit)
    UART_AdvFeatureConfig                    0x080070e5   Thumb Code   248  stm32h7xx_hal_uart.o(i.UART_AdvFeatureConfig)
    UART_CheckIdleState                      0x080071dd   Thumb Code   118  stm32h7xx_hal_uart.o(i.UART_CheckIdleState)
    UART_SetConfig                           0x0800783d   Thumb Code  1402  stm32h7xx_hal_uart.o(i.UART_SetConfig)
    UART_Start_Receive_IT                    0x08007dc9   Thumb Code   352  stm32h7xx_hal_uart.o(i.UART_Start_Receive_IT)
    UART_WaitOnFlagUntilTimeout              0x08007f39   Thumb Code   254  stm32h7xx_hal_uart.o(i.UART_WaitOnFlagUntilTimeout)
    USART1_IRQHandler                        0x08008039   Thumb Code    66  usart.o(i.USART1_IRQHandler)
    UsageFault_Handler                       0x08008089   Thumb Code     4  stm32h7xx_it.o(i.UsageFault_Handler)
    _sys_exit                                0x080080c5   Thumb Code     4  usart.o(i._sys_exit)
    atk_mc5640_auto_focus_continuance        0x080080c9   Thumb Code   130  atk_mc5640.o(i.atk_mc5640_auto_focus_continuance)
    atk_mc5640_auto_focus_init               0x0800814d   Thumb Code   188  atk_mc5640.o(i.atk_mc5640_auto_focus_init)
    atk_mc5640_dcmi_init                     0x0800820d   Thumb Code    36  atk_mc5640_dcmi.o(i.atk_mc5640_dcmi_init)
    atk_mc5640_dcmi_start                    0x08008239   Thumb Code    88  atk_mc5640_dcmi.o(i.atk_mc5640_dcmi_start)
    atk_mc5640_get_frame                     0x080082f5   Thumb Code   174  atk_mc5640.o(i.atk_mc5640_get_frame)
    atk_mc5640_init                          0x0800849d   Thumb Code    52  atk_mc5640.o(i.atk_mc5640_init)
    atk_mc5640_sccb_2_phase_read             0x08008513   Thumb Code    34  atk_mc5640_sccb.o(i.atk_mc5640_sccb_2_phase_read)
    atk_mc5640_sccb_2_phase_write            0x08008535   Thumb Code    40  atk_mc5640_sccb.o(i.atk_mc5640_sccb_2_phase_write)
    atk_mc5640_sccb_3_phase_write            0x0800855d   Thumb Code    48  atk_mc5640_sccb.o(i.atk_mc5640_sccb_3_phase_write)
    atk_mc5640_sccb_init                     0x08008599   Thumb Code   126  atk_mc5640_sccb.o(i.atk_mc5640_sccb_init)
    atk_mc5640_set_brightness                0x08008821   Thumb Code   412  atk_mc5640.o(i.atk_mc5640_set_brightness)
    atk_mc5640_set_color_saturation          0x080089bd   Thumb Code   502  atk_mc5640.o(i.atk_mc5640_set_color_saturation)
    atk_mc5640_set_contrast                  0x08008bb3   Thumb Code   502  atk_mc5640.o(i.atk_mc5640_set_contrast)
    atk_mc5640_set_exposure_level            0x08008da9   Thumb Code   728  atk_mc5640.o(i.atk_mc5640_set_exposure_level)
    atk_mc5640_set_hue                       0x08009081   Thumb Code   666  atk_mc5640.o(i.atk_mc5640_set_hue)
    atk_mc5640_set_light_mode                0x0800931b   Thumb Code   594  atk_mc5640.o(i.atk_mc5640_set_light_mode)
    atk_mc5640_set_mirror_flip               0x0800956d   Thumb Code   256  atk_mc5640.o(i.atk_mc5640_set_mirror_flip)
    atk_mc5640_set_output_format             0x0800966d   Thumb Code    82  atk_mc5640.o(i.atk_mc5640_set_output_format)
    atk_mc5640_set_output_size               0x080096c9   Thumb Code   136  atk_mc5640.o(i.atk_mc5640_set_output_size)
    atk_mc5640_set_sharpness_level           0x08009751   Thumb Code   326  atk_mc5640.o(i.atk_mc5640_set_sharpness_level)
    atk_mc5640_set_special_effect            0x08009897   Thumb Code   286  atk_mc5640.o(i.atk_mc5640_set_special_effect)
    atk_mc5640_set_test_pattern              0x080099b5   Thumb Code    92  atk_mc5640.o(i.atk_mc5640_set_test_pattern)
    delay_init                               0x08009a51   Thumb Code    16  delay.o(i.delay_init)
    delay_ms                                 0x08009a65   Thumb Code    50  delay.o(i.delay_ms)
    delay_us                                 0x08009a99   Thumb Code    68  delay.o(i.delay_us)
    demo_run                                 0x08009af1   Thumb Code   210  demo.o(i.demo_run)
    fputc                                    0x08009bf1   Thumb Code    22  usart.o(i.fputc)
    iic_ack                                  0x08009c0d   Thumb Code    76  myiic.o(i.iic_ack)
    iic_init                                 0x08009c69   Thumb Code   112  myiic.o(i.iic_init)
    iic_nack                                 0x08009ce1   Thumb Code    58  myiic.o(i.iic_nack)
    iic_read_byte                            0x08009d21   Thumb Code    88  myiic.o(i.iic_read_byte)
    iic_send_byte                            0x08009d7d   Thumb Code   102  myiic.o(i.iic_send_byte)
    iic_start                                0x08009de9   Thumb Code    72  myiic.o(i.iic_start)
    iic_stop                                 0x08009e35   Thumb Code    58  myiic.o(i.iic_stop)
    iic_wait_ack                             0x08009e75   Thumb Code    96  myiic.o(i.iic_wait_ack)
    key_init                                 0x08009ed9   Thumb Code   226  key.o(i.key_init)
    lcd_clear                                0x08009fcd   Thumb Code    58  lcd.o(i.lcd_clear)
    lcd_display_dir                          0x0800a015   Thumb Code   390  lcd.o(i.lcd_display_dir)
    lcd_draw_point                           0x0800a1a5   Thumb Code    44  lcd.o(i.lcd_draw_point)
    lcd_ex_ili9341_reginit                   0x0800a1d9   Thumb Code   556  lcd.o(i.lcd_ex_ili9341_reginit)
    lcd_ex_ili9806_reginit                   0x0800a405   Thumb Code   832  lcd.o(i.lcd_ex_ili9806_reginit)
    lcd_ex_nt35310_reginit                   0x0800a745   Thumb Code  3826  lcd.o(i.lcd_ex_nt35310_reginit)
    lcd_ex_nt35510_reginit                   0x0800b637   Thumb Code  3836  lcd.o(i.lcd_ex_nt35510_reginit)
    lcd_ex_ssd1963_reginit                   0x0800c533   Thumb Code   366  lcd.o(i.lcd_ex_ssd1963_reginit)
    lcd_ex_st7789_reginit                    0x0800c6a1   Thumb Code   424  lcd.o(i.lcd_ex_st7789_reginit)
    lcd_ex_st7796_reginit                    0x0800c849   Thumb Code   454  lcd.o(i.lcd_ex_st7796_reginit)
    lcd_init                                 0x0800ca11   Thumb Code  1308  lcd.o(i.lcd_init)
    lcd_mpu_config                           0x0800cf39   Thumb Code    80  lcd.o(i.lcd_mpu_config)
    lcd_scan_dir                             0x0800cf9d   Thumb Code   568  lcd.o(i.lcd_scan_dir)
    lcd_set_cursor                           0x0800d1d9   Thumb Code   282  lcd.o(i.lcd_set_cursor)
    lcd_show_char                            0x0800d2f9   Thumb Code   294  lcd.o(i.lcd_show_char)
    lcd_show_string                          0x0800d439   Thumb Code   106  lcd.o(i.lcd_show_string)
    lcd_ssd_backlight_set                    0x0800d4a5   Thumb Code    72  lcd.o(i.lcd_ssd_backlight_set)
    lcd_wr_data                              0x0800d4f5   Thumb Code    18  lcd.o(i.lcd_wr_data)
    lcd_wr_regno                             0x0800d50d   Thumb Code    18  lcd.o(i.lcd_wr_regno)
    lcd_write_ram_prepare                    0x0800d525   Thumb Code    10  lcd.o(i.lcd_write_ram_prepare)
    lcd_write_reg                            0x0800d539   Thumb Code    10  lcd.o(i.lcd_write_reg)
    led_init                                 0x0800d549   Thumb Code   130  led.o(i.led_init)
    ltdc_clear                               0x0800d5d5   Thumb Code    32  ltdc.o(i.ltdc_clear)
    ltdc_clk_set                             0x0800d5f9   Thumb Code    46  ltdc.o(i.ltdc_clk_set)
    ltdc_display_dir                         0x0800d629   Thumb Code    40  ltdc.o(i.ltdc_display_dir)
    ltdc_draw_point                          0x0800d655   Thumb Code    70  ltdc.o(i.ltdc_draw_point)
    ltdc_fill                                0x0800d6a5   Thumb Code   388  ltdc.o(i.ltdc_fill)
    ltdc_init                                0x0800d839   Thumb Code   650  ltdc.o(i.ltdc_init)
    ltdc_layer_parameter_config              0x0800dae1   Thumb Code   114  ltdc.o(i.ltdc_layer_parameter_config)
    ltdc_layer_window_config                 0x0800db5d   Thumb Code    44  ltdc.o(i.ltdc_layer_window_config)
    ltdc_panelid_read                        0x0800db8d   Thumb Code   196  ltdc.o(i.ltdc_panelid_read)
    ltdc_select_layer                        0x0800dc5d   Thumb Code     6  ltdc.o(i.ltdc_select_layer)
    main                                     0x0800dc69   Thumb Code    74  main.o(i.main)
    mpu_memory_protection                    0x0800dcb3   Thumb Code   186  mpu.o(i.mpu_memory_protection)
    mpu_set_protection                       0x0800dd6d   Thumb Code    94  mpu.o(i.mpu_set_protection)
    pcf8574_init                             0x0800ddcd   Thumb Code   100  pcf8574.o(i.pcf8574_init)
    pcf8574_read_byte                        0x0800de39   Thumb Code    34  pcf8574.o(i.pcf8574_read_byte)
    pcf8574_write_bit                        0x0800de5b   Thumb Code    38  pcf8574.o(i.pcf8574_write_bit)
    pcf8574_write_byte                       0x0800de81   Thumb Code    40  pcf8574.o(i.pcf8574_write_byte)
    sdram_init                               0x0800dea9   Thumb Code   104  sdram.o(i.sdram_init)
    sdram_initialization_sequence            0x0800df19   Thumb Code    66  sdram.o(i.sdram_initialization_sequence)
    sdram_send_cmd                           0x0800df5d   Thumb Code    68  sdram.o(i.sdram_send_cmd)
    show_mesg                                0x0800dfa5   Thumb Code   124  main.o(i.show_mesg)
    sys_cache_enable                         0x0800e095   Thumb Code   310  sys.o(i.sys_cache_enable)
    sys_stm32_clock_init                     0x0800e1d5   Thumb Code   274  sys.o(i.sys_stm32_clock_init)
    usart_init                               0x0800e2f5   Thumb Code    44  usart.o(i.usart_init)
    _fp_init                                 0x0800e32d   Thumb Code    10  fpinit.o(x$fpl$fpinit)
    __fplib_config_fpu_vfp                   0x0800e335   Thumb Code     0  fpinit.o(x$fpl$fpinit)
    __fplib_config_pureend_doubles           0x0800e335   Thumb Code     0  fpinit.o(x$fpl$fpinit)
    D1CorePrescTable                         0x0800e336   Data          16  system_stm32h7xx.o(.constdata)
    UARTPrescTable                           0x0800e34e   Data          24  stm32h7xx_hal_uart.o(.constdata)
    asc2_1206                                0x0800e366   Data        1140  lcd.o(.constdata)
    asc2_1608                                0x0800e7da   Data        1520  lcd.o(.constdata)
    asc2_2412                                0x0800edca   Data        3420  lcd.o(.constdata)
    asc2_3216                                0x0800fb26   Data        6080  lcd.o(.constdata)
    atk_mc5640_init_cfg                      0x080112e6   Data         828  atk_mc5640.o(.constdata)
    atk_mc5640_rgb565_cfg                    0x08011622   Data         180  atk_mc5640.o(.constdata)
    atk_mc5640_jpeg_cfg                      0x080116d6   Data         164  atk_mc5640.o(.constdata)
    atk_mc5640_auto_focus_firmware           0x0801177a   Data        4077  atk_mc5640.o(.constdata)
    Region$$Table$$Base                      0x08012790   Number         0  anon$$obj.o(Region$$Table)
    Region$$Table$$Limit                     0x080127b0   Number         0  anon$$obj.o(Region$$Table)
    SystemCoreClock                          0x24000000   Data           4  system_stm32h7xx.o(.data)
    SystemD2Clock                            0x24000004   Data           4  system_stm32h7xx.o(.data)
    __stdout                                 0x2400000c   Data           4  usart.o(.data)
    g_usart_rx_sta                           0x24000010   Data           2  usart.o(.data)
    g_rx_buffer                              0x24000012   Data           1  usart.o(.data)
    uwTick                                   0x24000014   Data           4  stm32h7xx_hal.o(.data)
    uwTickPrio                               0x24000018   Data           4  stm32h7xx_hal.o(.data)
    uwTickFreq                               0x2400001c   Data           1  stm32h7xx_hal.o(.data)
    g_point_color                            0x24000020   Data           4  lcd.o(.data)
    g_back_color                             0x24000024   Data           4  lcd.o(.data)
    g_ltdc_framebuf                          0x24000028   Data           8  ltdc.o(.data)
    g_usart_rx_buf                           0x24000030   Data         200  usart.o(.bss)
    g_uart1_handle                           0x240000f8   Data         144  usart.o(.bss)
    g_sram_handle                            0x24000188   Data          76  lcd.o(.bss)
    lcddev                                   0x240001d4   Data          14  lcd.o(.bss)
    g_sdram_handle                           0x240001e4   Data          52  sdram.o(.bss)
    g_ltdc_handle                            0x24000218   Data         168  ltdc.o(.bss)
    g_dma2d_handle                           0x240002c0   Data         104  ltdc.o(.bss)
    lcdltdc                                  0x24000328   Data          32  ltdc.o(.bss)
    __libspace_start                         0x24000420   Data          96  libspace.o(.bss)
    __temporary_stack_top$libspace           0x24000480   Data           0  libspace.o(.bss)
    ltdc_lcd_framebuf                        0xc0000000   Data       2048000  ltdc.o(.ARM.__AT_0xC0000000)



==============================================================================

Memory Map of the image

  Image Entry point : 0x08000299

  Load Region LR_IROM1 (Base: 0x08000000, Size: 0x000127e0, Max: 0x00200000, ABSOLUTE)

    Execution Region ER_IROM1 (Exec base: 0x08000000, Load base: 0x08000000, Size: 0x000127b0, Max: 0x00200000, ABSOLUTE)

    Exec Addr    Load Addr    Size         Type   Attr      Idx    E Section Name        Object

    0x08000000   0x08000000   0x00000298   Data   RO            3    RESET               startup_stm32h743xx.o
    0x08000298   0x08000298   0x00000008   Code   RO         5960  * !!!main             c_w.l(__main.o)
    0x080002a0   0x080002a0   0x00000034   Code   RO         6135    !!!scatter          c_w.l(__scatter.o)
    0x080002d4   0x080002d4   0x0000001a   Code   RO         6137    !!handler_copy      c_w.l(__scatter_copy.o)
    0x080002ee   0x080002ee   0x00000002   PAD
    0x080002f0   0x080002f0   0x0000001c   Code   RO         6139    !!handler_zi        c_w.l(__scatter_zi.o)
    0x0800030c   0x0800030c   0x00000000   Code   RO         5953    .ARM.Collect$$_printf_percent$$00000000  c_w.l(_printf_percent.o)
    0x0800030c   0x0800030c   0x00000006   Code   RO         5952    .ARM.Collect$$_printf_percent$$0000000C  c_w.l(_printf_x.o)
    0x08000312   0x08000312   0x00000004   Code   RO         5973    .ARM.Collect$$_printf_percent$$00000017  c_w.l(_printf_percent_end.o)
    0x08000316   0x08000316   0x00000002   Code   RO         6012    .ARM.Collect$$libinit$$00000000  c_w.l(libinit.o)
    0x08000318   0x08000318   0x00000004   Code   RO         6024    .ARM.Collect$$libinit$$00000001  c_w.l(libinit2.o)
    0x0800031c   0x0800031c   0x00000000   Code   RO         6027    .ARM.Collect$$libinit$$00000004  c_w.l(libinit2.o)
    0x0800031c   0x0800031c   0x00000000   Code   RO         6030    .ARM.Collect$$libinit$$0000000A  c_w.l(libinit2.o)
    0x0800031c   0x0800031c   0x00000000   Code   RO         6032    .ARM.Collect$$libinit$$0000000C  c_w.l(libinit2.o)
    0x0800031c   0x0800031c   0x00000000   Code   RO         6034    .ARM.Collect$$libinit$$0000000E  c_w.l(libinit2.o)
    0x0800031c   0x0800031c   0x00000000   Code   RO         6037    .ARM.Collect$$libinit$$00000011  c_w.l(libinit2.o)
    0x0800031c   0x0800031c   0x00000000   Code   RO         6039    .ARM.Collect$$libinit$$00000013  c_w.l(libinit2.o)
    0x0800031c   0x0800031c   0x00000000   Code   RO         6041    .ARM.Collect$$libinit$$00000015  c_w.l(libinit2.o)
    0x0800031c   0x0800031c   0x00000000   Code   RO         6043    .ARM.Collect$$libinit$$00000017  c_w.l(libinit2.o)
    0x0800031c   0x0800031c   0x00000000   Code   RO         6045    .ARM.Collect$$libinit$$00000019  c_w.l(libinit2.o)
    0x0800031c   0x0800031c   0x00000000   Code   RO         6047    .ARM.Collect$$libinit$$0000001B  c_w.l(libinit2.o)
    0x0800031c   0x0800031c   0x00000000   Code   RO         6049    .ARM.Collect$$libinit$$0000001D  c_w.l(libinit2.o)
    0x0800031c   0x0800031c   0x00000000   Code   RO         6051    .ARM.Collect$$libinit$$0000001F  c_w.l(libinit2.o)
    0x0800031c   0x0800031c   0x00000000   Code   RO         6053    .ARM.Collect$$libinit$$00000021  c_w.l(libinit2.o)
    0x0800031c   0x0800031c   0x00000000   Code   RO         6055    .ARM.Collect$$libinit$$00000023  c_w.l(libinit2.o)
    0x0800031c   0x0800031c   0x00000000   Code   RO         6057    .ARM.Collect$$libinit$$00000025  c_w.l(libinit2.o)
    0x0800031c   0x0800031c   0x00000000   Code   RO         6061    .ARM.Collect$$libinit$$0000002C  c_w.l(libinit2.o)
    0x0800031c   0x0800031c   0x00000000   Code   RO         6063    .ARM.Collect$$libinit$$0000002E  c_w.l(libinit2.o)
    0x0800031c   0x0800031c   0x00000000   Code   RO         6065    .ARM.Collect$$libinit$$00000030  c_w.l(libinit2.o)
    0x0800031c   0x0800031c   0x00000000   Code   RO         6067    .ARM.Collect$$libinit$$00000032  c_w.l(libinit2.o)
    0x0800031c   0x0800031c   0x00000002   Code   RO         6068    .ARM.Collect$$libinit$$00000033  c_w.l(libinit2.o)
    0x0800031e   0x0800031e   0x00000002   Code   RO         6092    .ARM.Collect$$libshutdown$$00000000  c_w.l(libshutdown.o)
    0x08000320   0x08000320   0x00000000   Code   RO         6116    .ARM.Collect$$libshutdown$$00000002  c_w.l(libshutdown2.o)
    0x08000320   0x08000320   0x00000000   Code   RO         6118    .ARM.Collect$$libshutdown$$00000004  c_w.l(libshutdown2.o)
    0x08000320   0x08000320   0x00000000   Code   RO         6120    .ARM.Collect$$libshutdown$$00000006  c_w.l(libshutdown2.o)
    0x08000320   0x08000320   0x00000000   Code   RO         6123    .ARM.Collect$$libshutdown$$00000009  c_w.l(libshutdown2.o)
    0x08000320   0x08000320   0x00000000   Code   RO         6126    .ARM.Collect$$libshutdown$$0000000C  c_w.l(libshutdown2.o)
    0x08000320   0x08000320   0x00000000   Code   RO         6128    .ARM.Collect$$libshutdown$$0000000E  c_w.l(libshutdown2.o)
    0x08000320   0x08000320   0x00000000   Code   RO         6131    .ARM.Collect$$libshutdown$$00000011  c_w.l(libshutdown2.o)
    0x08000320   0x08000320   0x00000002   Code   RO         6132    .ARM.Collect$$libshutdown$$00000012  c_w.l(libshutdown2.o)
    0x08000322   0x08000322   0x00000000   Code   RO         5964    .ARM.Collect$$rtentry$$00000000  c_w.l(__rtentry.o)
    0x08000322   0x08000322   0x00000000   Code   RO         5975    .ARM.Collect$$rtentry$$00000002  c_w.l(__rtentry2.o)
    0x08000322   0x08000322   0x00000006   Code   RO         5987    .ARM.Collect$$rtentry$$00000004  c_w.l(__rtentry4.o)
    0x08000328   0x08000328   0x00000000   Code   RO         5977    .ARM.Collect$$rtentry$$00000009  c_w.l(__rtentry2.o)
    0x08000328   0x08000328   0x00000004   Code   RO         5978    .ARM.Collect$$rtentry$$0000000A  c_w.l(__rtentry2.o)
    0x0800032c   0x0800032c   0x00000000   Code   RO         5980    .ARM.Collect$$rtentry$$0000000C  c_w.l(__rtentry2.o)
    0x0800032c   0x0800032c   0x00000008   Code   RO         5981    .ARM.Collect$$rtentry$$0000000D  c_w.l(__rtentry2.o)
    0x08000334   0x08000334   0x00000002   Code   RO         6016    .ARM.Collect$$rtexit$$00000000  c_w.l(rtexit.o)
    0x08000336   0x08000336   0x00000000   Code   RO         6070    .ARM.Collect$$rtexit$$00000002  c_w.l(rtexit2.o)
    0x08000336   0x08000336   0x00000004   Code   RO         6071    .ARM.Collect$$rtexit$$00000003  c_w.l(rtexit2.o)
    0x0800033a   0x0800033a   0x00000006   Code   RO         6072    .ARM.Collect$$rtexit$$00000004  c_w.l(rtexit2.o)
    0x08000340   0x08000340   0x0000004c   Code   RO            4    .text               startup_stm32h743xx.o
    0x0800038c   0x0800038c   0x00000002   Code   RO         5901    .text               c_w.l(use_no_semi_2.o)
    0x0800038e   0x0800038e   0x000000ee   Code   RO         5903    .text               c_w.l(lludivv7m.o)
    0x0800047c   0x0800047c   0x00000018   Code   RO         5907    .text               c_w.l(noretval__2printf.o)
    0x08000494   0x08000494   0x00000068   Code   RO         5909    .text               c_w.l(__printf.o)
    0x080004fc   0x080004fc   0x00000058   Code   RO         5914    .text               c_w.l(_printf_hex_int.o)
    0x08000554   0x08000554   0x00000064   Code   RO         5954    .text               c_w.l(rt_memcpy_w.o)
    0x080005b8   0x080005b8   0x0000004e   Code   RO         5956    .text               c_w.l(rt_memclr_w.o)
    0x08000606   0x08000606   0x00000006   Code   RO         5958    .text               c_w.l(heapauxi.o)
    0x0800060c   0x0800060c   0x00000002   Code   RO         5962    .text               c_w.l(use_no_semi.o)
    0x0800060e   0x0800060e   0x000000b2   Code   RO         5969    .text               c_w.l(_printf_intcommon.o)
    0x080006c0   0x080006c0   0x00000024   Code   RO         5971    .text               c_w.l(_printf_char_file.o)
    0x080006e4   0x080006e4   0x00000030   Code   RO         5991    .text               c_w.l(_printf_char_common.o)
    0x08000714   0x08000714   0x00000008   Code   RO         5993    .text               c_w.l(ferror.o)
    0x0800071c   0x0800071c   0x0000004a   Code   RO         5997    .text               c_w.l(sys_stackheap_outer.o)
    0x08000766   0x08000766   0x00000012   Code   RO         6001    .text               c_w.l(exit.o)
    0x08000778   0x08000778   0x00000008   Code   RO         6013    .text               c_w.l(libspace.o)
    0x08000780   0x08000780   0x00000004   Code   RO          405    i.BusFault_Handler  stm32h7xx_it.o
    0x08000784   0x08000784   0x00000024   Code   RO         4767    i.DCMI_DMAError     stm32h7xx_hal_dcmi.o
    0x080007a8   0x080007a8   0x000000c4   Code   RO         4768    i.DCMI_DMAXferCplt  stm32h7xx_hal_dcmi.o
    0x0800086c   0x0800086c   0x00000010   Code   RO         5769    i.DCMI_IRQHandler   atk_mc5640_dcmi.o
    0x0800087c   0x0800087c   0x00000010   Code   RO         5770    i.DMA2_Stream1_IRQHandler  atk_mc5640_dcmi.o
    0x0800088c   0x0800088c   0x000000ec   Code   RO         1208    i.DMA_CalcBaseAndBitshift  stm32h7xx_hal_dma.o
    0x08000978   0x08000978   0x000000c4   Code   RO         1209    i.DMA_CalcDMAMUXChannelBaseAndMask  stm32h7xx_hal_dma.o
    0x08000a3c   0x08000a3c   0x00000098   Code   RO         1210    i.DMA_CalcDMAMUXRequestGenBaseAndMask  stm32h7xx_hal_dma.o
    0x08000ad4   0x08000ad4   0x000000ae   Code   RO         1211    i.DMA_CheckFifoParam  stm32h7xx_hal_dma.o
    0x08000b82   0x08000b82   0x00000002   PAD
    0x08000b84   0x08000b84   0x000000ec   Code   RO         1324    i.DMA_MultiBufferSetConfig  stm32h7xx_hal_dma_ex.o
    0x08000c70   0x08000c70   0x00000274   Code   RO         1212    i.DMA_SetConfig     stm32h7xx_hal_dma.o
    0x08000ee4   0x08000ee4   0x00000002   Code   RO          406    i.DebugMon_Handler  stm32h7xx_it.o
    0x08000ee6   0x08000ee6   0x00000002   PAD
    0x08000ee8   0x08000ee8   0x00000044   Code   RO         3828    i.FMC_NORSRAM_Extended_Timing_Init  stm32h7xx_ll_fmc.o
    0x08000f2c   0x08000f2c   0x000000a4   Code   RO         3829    i.FMC_NORSRAM_Init  stm32h7xx_ll_fmc.o
    0x08000fd0   0x08000fd0   0x00000066   Code   RO         3830    i.FMC_NORSRAM_Timing_Init  stm32h7xx_ll_fmc.o
    0x08001036   0x08001036   0x0000006c   Code   RO         3835    i.FMC_SDRAM_Init    stm32h7xx_ll_fmc.o
    0x080010a2   0x080010a2   0x00000014   Code   RO         3836    i.FMC_SDRAM_ProgramRefreshRate  stm32h7xx_ll_fmc.o
    0x080010b6   0x080010b6   0x00000026   Code   RO         3837    i.FMC_SDRAM_SendCommand  stm32h7xx_ll_fmc.o
    0x080010dc   0x080010dc   0x00000094   Code   RO         3839    i.FMC_SDRAM_Timing_Init  stm32h7xx_ll_fmc.o
    0x08001170   0x08001170   0x00000002   Code   RO         4774    i.HAL_DCMI_ErrorCallback  stm32h7xx_hal_dcmi.o
    0x08001172   0x08001172   0x00000002   PAD
    0x08001174   0x08001174   0x00000014   Code   RO         5771    i.HAL_DCMI_FrameEventCallback  atk_mc5640_dcmi.o
    0x08001188   0x08001188   0x000000b4   Code   RO         4778    i.HAL_DCMI_IRQHandler  stm32h7xx_hal_dcmi.o
    0x0800123c   0x0800123c   0x000000a0   Code   RO         4779    i.HAL_DCMI_Init     stm32h7xx_hal_dcmi.o
    0x080012dc   0x080012dc   0x00000002   Code   RO         4780    i.HAL_DCMI_LineEventCallback  stm32h7xx_hal_dcmi.o
    0x080012de   0x080012de   0x00000002   PAD
    0x080012e0   0x080012e0   0x00000370   Code   RO         5772    i.HAL_DCMI_MspInit  atk_mc5640_dcmi.o
    0x08001650   0x08001650   0x00000120   Code   RO         4784    i.HAL_DCMI_Start_DMA  stm32h7xx_hal_dcmi.o
    0x08001770   0x08001770   0x00000090   Code   RO         4785    i.HAL_DCMI_Stop     stm32h7xx_hal_dcmi.o
    0x08001800   0x08001800   0x00000002   Code   RO         4787    i.HAL_DCMI_VsyncEventCallback  stm32h7xx_hal_dcmi.o
    0x08001802   0x08001802   0x00000002   PAD
    0x08001804   0x08001804   0x000000d0   Code   RO         1325    i.HAL_DMAEx_ChangeMemory  stm32h7xx_hal_dma_ex.o
    0x080018d4   0x080018d4   0x00000538   Code   RO         1332    i.HAL_DMAEx_MultiBufferStart_IT  stm32h7xx_hal_dma_ex.o
    0x08001e0c   0x08001e0c   0x000004dc   Code   RO         1213    i.HAL_DMA_Abort     stm32h7xx_hal_dma.o
    0x080022e8   0x080022e8   0x00000398   Code   RO         1214    i.HAL_DMA_Abort_IT  stm32h7xx_hal_dma.o
    0x08002680   0x08002680   0x00000af8   Code   RO         1218    i.HAL_DMA_IRQHandler  stm32h7xx_hal_dma.o
    0x08003178   0x08003178   0x00000520   Code   RO         1219    i.HAL_DMA_Init      stm32h7xx_hal_dma.o
    0x08003698   0x08003698   0x000003e0   Code   RO         1223    i.HAL_DMA_Start_IT  stm32h7xx_hal_dma.o
    0x08003a78   0x08003a78   0x00000014   Code   RO          764    i.HAL_EnableCompensationCell  stm32h7xx_hal.o
    0x08003a8c   0x08003a8c   0x000001fc   Code   RO         1398    i.HAL_GPIO_Init     stm32h7xx_hal_gpio.o
    0x08003c88   0x08003c88   0x00000010   Code   RO         1400    i.HAL_GPIO_ReadPin  stm32h7xx_hal_gpio.o
    0x08003c98   0x08003c98   0x00000014   Code   RO         1401    i.HAL_GPIO_TogglePin  stm32h7xx_hal_gpio.o
    0x08003cac   0x08003cac   0x0000000c   Code   RO         1402    i.HAL_GPIO_WritePin  stm32h7xx_hal_gpio.o
    0x08003cb8   0x08003cb8   0x0000000c   Code   RO          768    i.HAL_GetREVID      stm32h7xx_hal.o
    0x08003cc4   0x08003cc4   0x0000000c   Code   RO          769    i.HAL_GetTick       stm32h7xx_hal.o
    0x08003cd0   0x08003cd0   0x00000018   Code   RO          775    i.HAL_IncTick       stm32h7xx_hal.o
    0x08003ce8   0x08003ce8   0x00000060   Code   RO          776    i.HAL_Init          stm32h7xx_hal.o
    0x08003d48   0x08003d48   0x00000058   Code   RO          777    i.HAL_InitTick      stm32h7xx_hal.o
    0x08003da0   0x08003da0   0x0000005e   Code   RO         4286    i.HAL_LTDC_ConfigLayer  stm32h7xx_hal_ltdc.o
    0x08003dfe   0x08003dfe   0x00000002   PAD
    0x08003e00   0x08003e00   0x00000118   Code   RO         4303    i.HAL_LTDC_Init     stm32h7xx_hal_ltdc.o
    0x08003f18   0x08003f18   0x00000198   Code   RO         5261    i.HAL_LTDC_MspInit  ltdc.o
    0x080040b0   0x080040b0   0x0000006c   Code   RO         4318    i.HAL_LTDC_SetWindowPosition  stm32h7xx_hal_ltdc.o
    0x0800411c   0x0800411c   0x0000006c   Code   RO         4320    i.HAL_LTDC_SetWindowSize  stm32h7xx_hal_ltdc.o
    0x08004188   0x08004188   0x0000005c   Code   RO         1063    i.HAL_MPU_ConfigRegion  stm32h7xx_hal_cortex.o
    0x080041e4   0x080041e4   0x0000002c   Code   RO         1064    i.HAL_MPU_Disable   stm32h7xx_hal_cortex.o
    0x08004210   0x08004210   0x00000040   Code   RO         1065    i.HAL_MPU_Enable    stm32h7xx_hal_cortex.o
    0x08004250   0x08004250   0x00000002   Code   RO          779    i.HAL_MspInit       stm32h7xx_hal.o
    0x08004252   0x08004252   0x00000028   Code   RO         1068    i.HAL_NVIC_EnableIRQ  stm32h7xx_hal_cortex.o
    0x0800427a   0x0800427a   0x0000007a   Code   RO         1074    i.HAL_NVIC_SetPriority  stm32h7xx_hal_cortex.o
    0x080042f4   0x080042f4   0x00000028   Code   RO         1075    i.HAL_NVIC_SetPriorityGrouping  stm32h7xx_hal_cortex.o
    0x0800431c   0x0800431c   0x00000014   Code   RO         1603    i.HAL_PWREx_EnableUSBVoltageDetector  stm32h7xx_hal_pwr_ex.o
    0x08004330   0x08004330   0x00000024   Code   RO         1955    i.HAL_RCCEx_GetD3PCLK1Freq  stm32h7xx_hal_rcc_ex.o
    0x08004354   0x08004354   0x00000230   Code   RO         1957    i.HAL_RCCEx_GetPLL2ClockFreq  stm32h7xx_hal_rcc_ex.o
    0x08004584   0x08004584   0x00000230   Code   RO         1958    i.HAL_RCCEx_GetPLL3ClockFreq  stm32h7xx_hal_rcc_ex.o
    0x080047b4   0x080047b4   0x00000b64   Code   RO         1964    i.HAL_RCCEx_PeriphCLKConfig  stm32h7xx_hal_rcc_ex.o
    0x08005318   0x08005318   0x00000320   Code   RO         1840    i.HAL_RCC_ClockConfig  stm32h7xx_hal_rcc.o
    0x08005638   0x08005638   0x0000004c   Code   RO         1845    i.HAL_RCC_GetHCLKFreq  stm32h7xx_hal_rcc.o
    0x08005684   0x08005684   0x00000024   Code   RO         1847    i.HAL_RCC_GetPCLK1Freq  stm32h7xx_hal_rcc.o
    0x080056a8   0x080056a8   0x00000024   Code   RO         1848    i.HAL_RCC_GetPCLK2Freq  stm32h7xx_hal_rcc.o
    0x080056cc   0x080056cc   0x0000022c   Code   RO         1849    i.HAL_RCC_GetSysClockFreq  stm32h7xx_hal_rcc.o
    0x080058f8   0x080058f8   0x00000800   Code   RO         1852    i.HAL_RCC_OscConfig  stm32h7xx_hal_rcc.o
    0x080060f8   0x080060f8   0x00000050   Code   RO         4118    i.HAL_SDRAM_Init    stm32h7xx_hal_sdram.o
    0x08006148   0x08006148   0x0000011c   Code   RO         5204    i.HAL_SDRAM_MspInit  sdram.o
    0x08006264   0x08006264   0x00000036   Code   RO         4121    i.HAL_SDRAM_ProgramRefreshRate  stm32h7xx_hal_sdram.o
    0x0800629a   0x0800629a   0x0000004e   Code   RO         4127    i.HAL_SDRAM_SendCommand  stm32h7xx_hal_sdram.o
    0x080062e8   0x080062e8   0x00000070   Code   RO         3689    i.HAL_SRAM_Init     stm32h7xx_hal_sram.o
    0x08006358   0x08006358   0x00000098   Code   RO         4933    i.HAL_SRAM_MspInit  lcd.o
    0x080063f0   0x080063f0   0x00000028   Code   RO         1077    i.HAL_SYSTICK_CLKSourceConfig  stm32h7xx_hal_cortex.o
    0x08006418   0x08006418   0x00000034   Code   RO         1079    i.HAL_SYSTICK_Config  stm32h7xx_hal_cortex.o
    0x0800644c   0x0800644c   0x00000002   Code   RO         2134    i.HAL_UARTEx_RxEventCallback  stm32h7xx_hal_uart.o
    0x0800644e   0x0800644e   0x00000002   Code   RO         2557    i.HAL_UARTEx_RxFifoFullCallback  stm32h7xx_hal_uart_ex.o
    0x08006450   0x08006450   0x00000002   Code   RO         2561    i.HAL_UARTEx_TxFifoEmptyCallback  stm32h7xx_hal_uart_ex.o
    0x08006452   0x08006452   0x00000002   Code   RO         2562    i.HAL_UARTEx_WakeupCallback  stm32h7xx_hal_uart_ex.o
    0x08006454   0x08006454   0x00000002   Code   RO         2150    i.HAL_UART_ErrorCallback  stm32h7xx_hal_uart.o
    0x08006456   0x08006456   0x00000010   Code   RO         2152    i.HAL_UART_GetState  stm32h7xx_hal_uart.o
    0x08006466   0x08006466   0x00000002   PAD
    0x08006468   0x08006468   0x00000458   Code   RO         2153    i.HAL_UART_IRQHandler  stm32h7xx_hal_uart.o
    0x080068c0   0x080068c0   0x00000078   Code   RO         2154    i.HAL_UART_Init     stm32h7xx_hal_uart.o
    0x08006938   0x08006938   0x000000c0   Code   RO          673    i.HAL_UART_MspInit  usart.o
    0x080069f8   0x080069f8   0x00000074   Code   RO         2159    i.HAL_UART_Receive_IT  stm32h7xx_hal_uart.o
    0x08006a6c   0x08006a6c   0x00000088   Code   RO          674    i.HAL_UART_RxCpltCallback  usart.o
    0x08006af4   0x08006af4   0x00000002   Code   RO         2166    i.HAL_UART_TxCpltCallback  stm32h7xx_hal_uart.o
    0x08006af6   0x08006af6   0x00000004   Code   RO          407    i.HardFault_Handler  stm32h7xx_it.o
    0x08006afa   0x08006afa   0x00000210   Code   RO         4322    i.LTDC_SetConfig    stm32h7xx_hal_ltdc.o
    0x08006d0a   0x08006d0a   0x00000004   Code   RO          408    i.MemManage_Handler  stm32h7xx_it.o
    0x08006d0e   0x08006d0e   0x00000004   Code   RO          409    i.NMI_Handler       stm32h7xx_it.o
    0x08006d12   0x08006d12   0x00000002   Code   RO          410    i.PendSV_Handler    stm32h7xx_it.o
    0x08006d14   0x08006d14   0x00000164   Code   RO         1967    i.RCCEx_PLL2_Config  stm32h7xx_hal_rcc_ex.o
    0x08006e78   0x08006e78   0x00000164   Code   RO         1968    i.RCCEx_PLL3_Config  stm32h7xx_hal_rcc_ex.o
    0x08006fdc   0x08006fdc   0x00000002   Code   RO          411    i.SVC_Handler       stm32h7xx_it.o
    0x08006fde   0x08006fde   0x00000008   Code   RO          412    i.SysTick_Handler   stm32h7xx_it.o
    0x08006fe6   0x08006fe6   0x00000002   PAD
    0x08006fe8   0x08006fe8   0x000000fc   Code   RO          481    i.SystemInit        system_stm32h7xx.o
    0x080070e4   0x080070e4   0x000000f8   Code   RO         2168    i.UART_AdvFeatureConfig  stm32h7xx_hal_uart.o
    0x080071dc   0x080071dc   0x00000076   Code   RO         2169    i.UART_CheckIdleState  stm32h7xx_hal_uart.o
    0x08007252   0x08007252   0x00000018   Code   RO         2170    i.UART_DMAAbortOnError  stm32h7xx_hal_uart.o
    0x0800726a   0x0800726a   0x00000002   PAD
    0x0800726c   0x0800726c   0x0000006c   Code   RO         2180    i.UART_EndRxTransfer  stm32h7xx_hal_uart.o
    0x080072d8   0x080072d8   0x00000030   Code   RO         2181    i.UART_EndTransmit_IT  stm32h7xx_hal_uart.o
    0x08007308   0x08007308   0x000000d2   Code   RO         2183    i.UART_RxISR_16BIT  stm32h7xx_hal_uart.o
    0x080073da   0x080073da   0x00000002   PAD
    0x080073dc   0x080073dc   0x000001c8   Code   RO         2184    i.UART_RxISR_16BIT_FIFOEN  stm32h7xx_hal_uart.o
    0x080075a4   0x080075a4   0x000000ce   Code   RO         2185    i.UART_RxISR_8BIT   stm32h7xx_hal_uart.o
    0x08007672   0x08007672   0x00000002   PAD
    0x08007674   0x08007674   0x000001c8   Code   RO         2186    i.UART_RxISR_8BIT_FIFOEN  stm32h7xx_hal_uart.o
    0x0800783c   0x0800783c   0x0000058c   Code   RO         2187    i.UART_SetConfig    stm32h7xx_hal_uart.o
    0x08007dc8   0x08007dc8   0x00000170   Code   RO         2189    i.UART_Start_Receive_IT  stm32h7xx_hal_uart.o
    0x08007f38   0x08007f38   0x000000fe   Code   RO         2194    i.UART_WaitOnFlagUntilTimeout  stm32h7xx_hal_uart.o
    0x08008036   0x08008036   0x00000002   PAD
    0x08008038   0x08008038   0x00000050   Code   RO          675    i.USART1_IRQHandler  usart.o
    0x08008088   0x08008088   0x00000004   Code   RO          413    i.UsageFault_Handler  stm32h7xx_it.o
    0x0800808c   0x0800808c   0x00000010   Code   RO         1081    i.__NVIC_GetPriorityGrouping  stm32h7xx_hal_cortex.o
    0x0800809c   0x0800809c   0x00000028   Code   RO         1082    i.__NVIC_SetPriority  stm32h7xx_hal_cortex.o
    0x080080c4   0x080080c4   0x00000004   Code   RO          677    i._sys_exit         usart.o
    0x080080c8   0x080080c8   0x00000082   Code   RO         5557    i.atk_mc5640_auto_focus_continuance  atk_mc5640.o
    0x0800814a   0x0800814a   0x00000002   PAD
    0x0800814c   0x0800814c   0x000000c0   Code   RO         5558    i.atk_mc5640_auto_focus_init  atk_mc5640.o
    0x0800820c   0x0800820c   0x0000002c   Code   RO         5773    i.atk_mc5640_dcmi_init  atk_mc5640_dcmi.o
    0x08008238   0x08008238   0x0000005c   Code   RO         5774    i.atk_mc5640_dcmi_start  atk_mc5640_dcmi.o
    0x08008294   0x08008294   0x00000044   Code   RO         5560    i.atk_mc5640_exit_power_down  atk_mc5640.o
    0x080082d8   0x080082d8   0x0000001a   Code   RO         5561    i.atk_mc5640_get_chip_id  atk_mc5640.o
    0x080082f2   0x080082f2   0x00000002   PAD
    0x080082f4   0x080082f4   0x000000b4   Code   RO         5562    i.atk_mc5640_get_frame  atk_mc5640.o
    0x080083a8   0x080083a8   0x00000054   Code   RO         5564    i.atk_mc5640_get_output_size  atk_mc5640.o
    0x080083fc   0x080083fc   0x0000006c   Code   RO         5566    i.atk_mc5640_hw_init  atk_mc5640.o
    0x08008468   0x08008468   0x00000034   Code   RO         5567    i.atk_mc5640_hw_reset  atk_mc5640.o
    0x0800849c   0x0800849c   0x00000034   Code   RO         5568    i.atk_mc5640_init   atk_mc5640.o
    0x080084d0   0x080084d0   0x00000024   Code   RO         5569    i.atk_mc5640_init_reg  atk_mc5640.o
    0x080084f4   0x080084f4   0x0000001e   Code   RO         5572    i.atk_mc5640_read_reg  atk_mc5640.o
    0x08008512   0x08008512   0x00000022   Code   RO         5825    i.atk_mc5640_sccb_2_phase_read  atk_mc5640_sccb.o
    0x08008534   0x08008534   0x00000028   Code   RO         5826    i.atk_mc5640_sccb_2_phase_write  atk_mc5640_sccb.o
    0x0800855c   0x0800855c   0x00000030   Code   RO         5827    i.atk_mc5640_sccb_3_phase_write  atk_mc5640_sccb.o
    0x0800858c   0x0800858c   0x0000000a   Code   RO         5828    i.atk_mc5640_sccb_delay  atk_mc5640_sccb.o
    0x08008596   0x08008596   0x00000002   PAD
    0x08008598   0x08008598   0x00000088   Code   RO         5829    i.atk_mc5640_sccb_init  atk_mc5640_sccb.o
    0x08008620   0x08008620   0x00000090   Code   RO         5830    i.atk_mc5640_sccb_read_byte  atk_mc5640_sccb.o
    0x080086b0   0x080086b0   0x0000002c   Code   RO         5831    i.atk_mc5640_sccb_set_sda_input  atk_mc5640_sccb.o
    0x080086dc   0x080086dc   0x0000002c   Code   RO         5832    i.atk_mc5640_sccb_set_sda_output  atk_mc5640_sccb.o
    0x08008708   0x08008708   0x00000048   Code   RO         5833    i.atk_mc5640_sccb_start  atk_mc5640_sccb.o
    0x08008750   0x08008750   0x00000040   Code   RO         5834    i.atk_mc5640_sccb_stop  atk_mc5640_sccb.o
    0x08008790   0x08008790   0x00000090   Code   RO         5835    i.atk_mc5640_sccb_write_byte  atk_mc5640_sccb.o
    0x08008820   0x08008820   0x0000019c   Code   RO         5573    i.atk_mc5640_set_brightness  atk_mc5640.o
    0x080089bc   0x080089bc   0x000001f6   Code   RO         5574    i.atk_mc5640_set_color_saturation  atk_mc5640.o
    0x08008bb2   0x08008bb2   0x000001f6   Code   RO         5575    i.atk_mc5640_set_contrast  atk_mc5640.o
    0x08008da8   0x08008da8   0x000002d8   Code   RO         5576    i.atk_mc5640_set_exposure_level  atk_mc5640.o
    0x08009080   0x08009080   0x0000029a   Code   RO         5577    i.atk_mc5640_set_hue  atk_mc5640.o
    0x0800931a   0x0800931a   0x00000252   Code   RO         5579    i.atk_mc5640_set_light_mode  atk_mc5640.o
    0x0800956c   0x0800956c   0x00000100   Code   RO         5580    i.atk_mc5640_set_mirror_flip  atk_mc5640.o
    0x0800966c   0x0800966c   0x0000005c   Code   RO         5581    i.atk_mc5640_set_output_format  atk_mc5640.o
    0x080096c8   0x080096c8   0x00000088   Code   RO         5582    i.atk_mc5640_set_output_size  atk_mc5640.o
    0x08009750   0x08009750   0x00000146   Code   RO         5584    i.atk_mc5640_set_sharpness_level  atk_mc5640.o
    0x08009896   0x08009896   0x0000011e   Code   RO         5585    i.atk_mc5640_set_special_effect  atk_mc5640.o
    0x080099b4   0x080099b4   0x0000005c   Code   RO         5586    i.atk_mc5640_set_test_pattern  atk_mc5640.o
    0x08009a10   0x08009a10   0x0000002c   Code   RO         5587    i.atk_mc5640_sw_reset  atk_mc5640.o
    0x08009a3c   0x08009a3c   0x00000012   Code   RO         5588    i.atk_mc5640_write_reg  atk_mc5640.o
    0x08009a4e   0x08009a4e   0x00000002   PAD
    0x08009a50   0x08009a50   0x00000014   Code   RO          556    i.delay_init        delay.o
    0x08009a64   0x08009a64   0x00000032   Code   RO          557    i.delay_ms          delay.o
    0x08009a96   0x08009a96   0x00000002   PAD
    0x08009a98   0x08009a98   0x00000048   Code   RO          558    i.delay_us          delay.o
    0x08009ae0   0x08009ae0   0x00000010   Code   RO          517    i.demo_reset_lcd    demo.o
    0x08009af0   0x08009af0   0x00000100   Code   RO          518    i.demo_run          demo.o
    0x08009bf0   0x08009bf0   0x0000001c   Code   RO          679    i.fputc             usart.o
    0x08009c0c   0x08009c0c   0x00000050   Code   RO         5438    i.iic_ack           myiic.o
    0x08009c5c   0x08009c5c   0x0000000a   Code   RO         5439    i.iic_delay         myiic.o
    0x08009c66   0x08009c66   0x00000002   PAD
    0x08009c68   0x08009c68   0x00000078   Code   RO         5440    i.iic_init          myiic.o
    0x08009ce0   0x08009ce0   0x00000040   Code   RO         5441    i.iic_nack          myiic.o
    0x08009d20   0x08009d20   0x0000005c   Code   RO         5442    i.iic_read_byte     myiic.o
    0x08009d7c   0x08009d7c   0x0000006c   Code   RO         5443    i.iic_send_byte     myiic.o
    0x08009de8   0x08009de8   0x0000004c   Code   RO         5444    i.iic_start         myiic.o
    0x08009e34   0x08009e34   0x00000040   Code   RO         5445    i.iic_stop          myiic.o
    0x08009e74   0x08009e74   0x00000064   Code   RO         5446    i.iic_wait_ack      myiic.o
    0x08009ed8   0x08009ed8   0x000000f4   Code   RO         5407    i.key_init          key.o
    0x08009fcc   0x08009fcc   0x00000048   Code   RO         4934    i.lcd_clear         lcd.o
    0x0800a014   0x0800a014   0x00000190   Code   RO         4936    i.lcd_display_dir   lcd.o
    0x0800a1a4   0x0800a1a4   0x00000034   Code   RO         4942    i.lcd_draw_point    lcd.o
    0x0800a1d8   0x0800a1d8   0x0000022c   Code   RO         4944    i.lcd_ex_ili9341_reginit  lcd.o
    0x0800a404   0x0800a404   0x00000340   Code   RO         4945    i.lcd_ex_ili9806_reginit  lcd.o
    0x0800a744   0x0800a744   0x00000ef2   Code   RO         4946    i.lcd_ex_nt35310_reginit  lcd.o
    0x0800b636   0x0800b636   0x00000efc   Code   RO         4947    i.lcd_ex_nt35510_reginit  lcd.o
    0x0800c532   0x0800c532   0x0000016e   Code   RO         4948    i.lcd_ex_ssd1963_reginit  lcd.o
    0x0800c6a0   0x0800c6a0   0x000001a8   Code   RO         4949    i.lcd_ex_st7789_reginit  lcd.o
    0x0800c848   0x0800c848   0x000001c6   Code   RO         4950    i.lcd_ex_st7796_reginit  lcd.o
    0x0800ca0e   0x0800ca0e   0x00000002   PAD
    0x0800ca10   0x0800ca10   0x00000528   Code   RO         4953    i.lcd_init          lcd.o
    0x0800cf38   0x0800cf38   0x00000050   Code   RO         4954    i.lcd_mpu_config    lcd.o
    0x0800cf88   0x0800cf88   0x00000014   Code   RO         4957    i.lcd_rd_data       lcd.o
    0x0800cf9c   0x0800cf9c   0x0000023c   Code   RO         4959    i.lcd_scan_dir      lcd.o
    0x0800d1d8   0x0800d1d8   0x00000120   Code   RO         4960    i.lcd_set_cursor    lcd.o
    0x0800d2f8   0x0800d2f8   0x00000140   Code   RO         4962    i.lcd_show_char     lcd.o
    0x0800d438   0x0800d438   0x0000006a   Code   RO         4964    i.lcd_show_string   lcd.o
    0x0800d4a2   0x0800d4a2   0x00000002   PAD
    0x0800d4a4   0x0800d4a4   0x00000050   Code   RO         4966    i.lcd_ssd_backlight_set  lcd.o
    0x0800d4f4   0x0800d4f4   0x00000018   Code   RO         4967    i.lcd_wr_data       lcd.o
    0x0800d50c   0x0800d50c   0x00000018   Code   RO         4968    i.lcd_wr_regno      lcd.o
    0x0800d524   0x0800d524   0x00000014   Code   RO         4969    i.lcd_write_ram_prepare  lcd.o
    0x0800d538   0x0800d538   0x00000010   Code   RO         4970    i.lcd_write_reg     lcd.o
    0x0800d548   0x0800d548   0x0000008c   Code   RO         4909    i.led_init          led.o
    0x0800d5d4   0x0800d5d4   0x00000024   Code   RO         5262    i.ltdc_clear        ltdc.o
    0x0800d5f8   0x0800d5f8   0x0000002e   Code   RO         5263    i.ltdc_clk_set      ltdc.o
    0x0800d626   0x0800d626   0x00000002   PAD
    0x0800d628   0x0800d628   0x0000002c   Code   RO         5265    i.ltdc_display_dir  ltdc.o
    0x0800d654   0x0800d654   0x00000050   Code   RO         5266    i.ltdc_draw_point   ltdc.o
    0x0800d6a4   0x0800d6a4   0x00000194   Code   RO         5267    i.ltdc_fill         ltdc.o
    0x0800d838   0x0800d838   0x000002a8   Code   RO         5268    i.ltdc_init         ltdc.o
    0x0800dae0   0x0800dae0   0x0000007c   Code   RO         5269    i.ltdc_layer_parameter_config  ltdc.o
    0x0800db5c   0x0800db5c   0x00000030   Code   RO         5271    i.ltdc_layer_window_config  ltdc.o
    0x0800db8c   0x0800db8c   0x000000d0   Code   RO         5272    i.ltdc_panelid_read  ltdc.o
    0x0800dc5c   0x0800dc5c   0x0000000c   Code   RO         5274    i.ltdc_select_layer  ltdc.o
    0x0800dc68   0x0800dc68   0x0000004a   Code   RO           13    i.main              main.o
    0x0800dcb2   0x0800dcb2   0x000000ba   Code   RO         5377    i.mpu_memory_protection  mpu.o
    0x0800dd6c   0x0800dd6c   0x0000005e   Code   RO         5378    i.mpu_set_protection  mpu.o
    0x0800ddca   0x0800ddca   0x00000002   PAD
    0x0800ddcc   0x0800ddcc   0x0000006c   Code   RO         5509    i.pcf8574_init      pcf8574.o
    0x0800de38   0x0800de38   0x00000022   Code   RO         5511    i.pcf8574_read_byte  pcf8574.o
    0x0800de5a   0x0800de5a   0x00000026   Code   RO         5512    i.pcf8574_write_bit  pcf8574.o
    0x0800de80   0x0800de80   0x00000028   Code   RO         5513    i.pcf8574_write_byte  pcf8574.o
    0x0800dea8   0x0800dea8   0x00000070   Code   RO         5207    i.sdram_init        sdram.o
    0x0800df18   0x0800df18   0x00000042   Code   RO         5208    i.sdram_initialization_sequence  sdram.o
    0x0800df5a   0x0800df5a   0x00000002   PAD
    0x0800df5c   0x0800df5c   0x00000048   Code   RO         5209    i.sdram_send_cmd    sdram.o
    0x0800dfa4   0x0800dfa4   0x000000f0   Code   RO           14    i.show_mesg         main.o
    0x0800e094   0x0800e094   0x00000140   Code   RO          596    i.sys_cache_enable  sys.o
    0x0800e1d4   0x0800e1d4   0x00000120   Code   RO          601    i.sys_stm32_clock_init  sys.o
    0x0800e2f4   0x0800e2f4   0x00000038   Code   RO          680    i.usart_init        usart.o
    0x0800e32c   0x0800e32c   0x0000000a   Code   RO         6082    x$fpl$fpinit        fz_wv.l(fpinit.o)
    0x0800e336   0x0800e336   0x00000010   Data   RO          482    .constdata          system_stm32h7xx.o
    0x0800e346   0x0800e346   0x00000008   Data   RO         1225    .constdata          stm32h7xx_hal_dma.o
    0x0800e34e   0x0800e34e   0x00000018   Data   RO         2195    .constdata          stm32h7xx_hal_uart.o
    0x0800e366   0x0800e366   0x00002f80   Data   RO         4972    .constdata          lcd.o
    0x080112e6   0x080112e6   0x00001481   Data   RO         5590    .constdata          atk_mc5640.o
    0x08012767   0x08012767   0x00000028   Data   RO         5915    .constdata          c_w.l(_printf_hex_int.o)
    0x0801278f   0x0801278f   0x00000001   PAD
    0x08012790   0x08012790   0x00000020   Data   RO         6133    Region$$Table       anon$$obj.o


    Execution Region RW_IRAM2 (Exec base: 0x24000000, Load base: 0x080127b0, Size: 0x00000c80, Max: 0x00080000, ABSOLUTE)

    Exec Addr    Load Addr    Size         Type   Attr      Idx    E Section Name        Object

    0x24000000   0x080127b0   0x00000008   Data   RW          483    .data               system_stm32h7xx.o
    0x24000008   0x080127b8   0x00000002   Data   RW          559    .data               delay.o
    0x2400000a   0x080127ba   0x00000002   PAD
    0x2400000c   0x080127bc   0x00000007   Data   RW          682    .data               usart.o
    0x24000013   0x080127c3   0x00000001   PAD
    0x24000014   0x080127c4   0x00000009   Data   RW          798    .data               stm32h7xx_hal.o
    0x2400001d   0x080127cd   0x00000003   PAD
    0x24000020   0x080127d0   0x00000008   Data   RW         4973    .data               lcd.o
    0x24000028   0x080127d8   0x00000008   Data   RW         5278    .data               ltdc.o
    0x24000030        -       0x00000158   Zero   RW          681    .bss                usart.o
    0x24000188        -       0x0000005a   Zero   RW         4971    .bss                lcd.o
    0x240001e2   0x080127e0   0x00000002   PAD
    0x240001e4        -       0x00000034   Zero   RW         5210    .bss                sdram.o
    0x24000218        -       0x00000130   Zero   RW         5277    .bss                ltdc.o
    0x24000348        -       0x0000000c   Zero   RW         5589    .bss                atk_mc5640.o
    0x24000354        -       0x000000cc   Zero   RW         5775    .bss                atk_mc5640_dcmi.o
    0x24000420        -       0x00000060   Zero   RW         6014    .bss                c_w.l(libspace.o)
    0x24000480        -       0x00000000   Zero   RW            2    HEAP                startup_stm32h743xx.o
    0x24000480        -       0x00000800   Zero   RW            1    STACK               startup_stm32h743xx.o



  Load Region LR$$.ARM.__AT_0xC0000000 (Base: 0xc0000000, Size: 0x00000000, Max: 0x001f4000, ABSOLUTE)

    Execution Region ER$$.ARM.__AT_0xC0000000 (Exec base: 0xc0000000, Load base: 0xc0000000, Size: 0x001f4000, Max: 0x001f4000, ABSOLUTE, UNINIT)

    Exec Addr    Load Addr    Size         Type   Attr      Idx    E Section Name        Object

    0xc0000000        -       0x001f4000   Zero   RW         5276    .ARM.__AT_0xC0000000  ltdc.o


==============================================================================

Image component sizes


      Code (inc. data)   RO Data    RW Data    ZI Data      Debug   Object Name

      5612        132       5249          0         12      25246   atk_mc5640.o
      1068         62          0          0        204       6512   atk_mc5640_dcmi.o
       780         38          0          0          0       9486   atk_mc5640_sccb.o
       142          8          0          2          0       2791   delay.o
       272         46          0          0          0       5731   demo.o
       244         18          0          0          0       1431   key.o
     13840        192      12160          8         90      29696   lcd.o
       140         10          0          0          0       1287   led.o
      2090        126          0          8    2048304      13162   ltdc.o
       314        116          0          0          0    1288063   main.o
       280          0          0          0          0       1853   mpu.o
       714         42          0          0          0       7158   myiic.o
       220          8          0          0          0       3716   pcf8574.o
       534         38          0          0         52       4639   sdram.o
        76         26        664          0       2048       1108   startup_stm32h743xx.o
       254         54          0          9          0      25527   stm32h7xx_hal.o
       550         38          0          0          0      45063   stm32h7xx_hal_cortex.o
      1010         24          0          0          0       8667   stm32h7xx_hal_dcmi.o
      8662        168          8          0          0      15238   stm32h7xx_hal_dma.o
      1780         40          0          0          0       4361   stm32h7xx_hal_dma_ex.o
       556         52          0          0          0       4356   stm32h7xx_hal_gpio.o
      1118          6          0          0          0       5761   stm32h7xx_hal_ltdc.o
        20          6          0          0          0        757   stm32h7xx_hal_pwr_ex.o
      3552        108          0          0          0       8168   stm32h7xx_hal_rcc.o
      4784        110          0          0          0       8441   stm32h7xx_hal_rcc_ex.o
       212          4          0          0          0       3536   stm32h7xx_hal_sdram.o
       112          6          0          0          0       1584   stm32h7xx_hal_sram.o
      5286        186         24          0          0      41538   stm32h7xx_hal_uart.o
         6          0          0          0          0       2953   stm32h7xx_hal_uart_ex.o
        34          0          0          0          0       5822   stm32h7xx_it.o
       648         14          0          0          0       7988   stm32h7xx_ll_fmc.o
       608         24          0          0          0      38781   sys.o
       252         40         16          8          0       2082   system_stm32h7xx.o
       496         60          0          7        344       7141   usart.o

    ----------------------------------------------------------------------
     56312       1802      18153         48    2051056    1639643   Object Totals
         0          0         32          0          0          0   (incl. Generated)
        46          0          0          6          2          0   (incl. Padding)

    ----------------------------------------------------------------------

      Code (inc. data)   RO Data    RW Data    ZI Data      Debug   Library Member Name

         8          0          0          0          0         68   __main.o
       104          0          0          0          0         84   __printf.o
         0          0          0          0          0          0   __rtentry.o
        12          0          0          0          0          0   __rtentry2.o
         6          0          0          0          0          0   __rtentry4.o
        52          8          0          0          0          0   __scatter.o
        26          0          0          0          0          0   __scatter_copy.o
        28          0          0          0          0          0   __scatter_zi.o
        48          6          0          0          0         96   _printf_char_common.o
        36          4          0          0          0         80   _printf_char_file.o
        88          4         40          0          0         88   _printf_hex_int.o
       178          0          0          0          0         88   _printf_intcommon.o
         0          0          0          0          0          0   _printf_percent.o
         4          0          0          0          0          0   _printf_percent_end.o
         6          0          0          0          0          0   _printf_x.o
        18          0          0          0          0         80   exit.o
         8          0          0          0          0         68   ferror.o
         6          0          0          0          0        152   heapauxi.o
         2          0          0          0          0          0   libinit.o
         6          0          0          0          0          0   libinit2.o
         2          0          0          0          0          0   libshutdown.o
         2          0          0          0          0          0   libshutdown2.o
         8          4          0          0         96         68   libspace.o
       238          0          0          0          0        100   lludivv7m.o
        24          4          0          0          0         84   noretval__2printf.o
        78          0          0          0          0         80   rt_memclr_w.o
       100          0          0          0          0         80   rt_memcpy_w.o
         2          0          0          0          0          0   rtexit.o
        10          0          0          0          0          0   rtexit2.o
        74          0          0          0          0         80   sys_stackheap_outer.o
         2          0          0          0          0         68   use_no_semi.o
         2          0          0          0          0         68   use_no_semi_2.o
        10          0          0          0          0        116   fpinit.o

    ----------------------------------------------------------------------
      1190         30         41          0         96       1548   Library Totals
         2          0          1          0          0          0   (incl. Padding)

    ----------------------------------------------------------------------

      Code (inc. data)   RO Data    RW Data    ZI Data      Debug   Library Name

      1178         30         40          0         96       1432   c_w.l
        10          0          0          0          0        116   fz_wv.l

    ----------------------------------------------------------------------
      1190         30         41          0         96       1548   Library Totals

    ----------------------------------------------------------------------

==============================================================================


      Code (inc. data)   RO Data    RW Data    ZI Data      Debug   

     57502       1832      18194         48    2051152    1619815   Grand Totals
     57502       1832      18194         48    2051152    1619815   ELF Image Totals
     57502       1832      18194         48          0          0   ROM Totals

==============================================================================

    Total RO  Size (Code + RO Data)                75696 (  73.92kB)
    Total RW  Size (RW Data + ZI Data)           2051200 (2003.13kB)
    Total ROM Size (Code + RO Data + RW Data)      75744 (  73.97kB)

==============================================================================

