../Drivers/BSP/ov5640/ov5640.c:70:6:atk_mc5640_write_reg	16	static
../Drivers/BSP/ov5640/ov5640.c:81:9:atk_mc5640_read_reg	8	static
../Drivers/BSP/ov5640/ov5640.c:104:13:atk_mc5640_get_isp_input_size	32	static
../Drivers/BSP/ov5640/ov5640.c:293:9:atk_mc5640_init	16	static
../Drivers/BSP/ov5640/ov5640.c:320:9:atk_mc5640_auto_focus_init	16	static
../Drivers/BSP/ov5640/ov5640.c:365:9:atk_mc5640_auto_focus_once	8	static
../Drivers/BSP/ov5640/ov5640.c:393:9:atk_mc5640_auto_focus_continuance	8	static
../Drivers/BSP/ov5640/ov5640.c:439:6:atk_mc5640_led_on	8	static
../Drivers/BSP/ov5640/ov5640.c:451:6:atk_mc5640_led_off	8	static
../Drivers/BSP/ov5640/ov5640.c:463:9:atk_mc5640_set_light_mode	8	static
../Drivers/BSP/ov5640/ov5640.c:560:9:atk_mc5640_set_color_saturation	8	static
../Drivers/BSP/ov5640/ov5640.c:659:9:atk_mc5640_set_brightness	8	static
../Drivers/BSP/ov5640/ov5640.c:749:9:atk_mc5640_set_contrast	8	static
../Drivers/BSP/ov5640/ov5640.c:848:9:atk_mc5640_set_hue	8	static
../Drivers/BSP/ov5640/ov5640.c:974:9:atk_mc5640_set_special_effect	8	static
../Drivers/BSP/ov5640/ov5640.c:1044:9:atk_mc5640_set_exposure_level	8	static
../Drivers/BSP/ov5640/ov5640.c:1172:9:atk_mc5640_set_sharpness_level	8	static
../Drivers/BSP/ov5640/ov5640.c:1257:9:atk_mc5640_set_mirror_flip	8	static
../Drivers/BSP/ov5640/ov5640.c:1326:9:atk_mc5640_set_test_pattern	8	static
../Drivers/BSP/ov5640/ov5640.c:1362:9:atk_mc5640_set_output_format	16	static
../Drivers/BSP/ov5640/ov5640.c:1398:9:atk_mc5640_set_isp_input_window	40	static
../Drivers/BSP/ov5640/ov5640.c:1459:9:atk_mc5640_set_pre_scaling_window	24	static
../Drivers/BSP/ov5640/ov5640.c:1489:9:atk_mc5640_set_output_size	24	static
../Drivers/BSP/ov5640/ov5640.c:1526:9:atk_mc5640_get_frame	32	static
../Drivers/BSP/ov5640/ov5640.c:1607:6:OV5640_Apply_Best_Settings	8	static
