../Core/Src/stm32h7xx_it.c:76:6:NMI_Handler	4	static
../Core/Src/stm32h7xx_it.c:89:6:HardFault_Handler	96	static,ignoring_inline_asm
../Core/Src/stm32h7xx_it.c:145:6:MemManage_Handler	4	static
../Core/Src/stm32h7xx_it.c:158:6:BusFault_Handler	4	static
../Core/Src/stm32h7xx_it.c:171:6:UsageFault_Handler	4	static
../Core/Src/stm32h7xx_it.c:184:6:DebugMon_Handler	4	static
../Core/Src/stm32h7xx_it.c:203:6:USART3_IRQHandler	8	static
../Core/Src/stm32h7xx_it.c:217:6:TIM6_DAC_IRQHandler	8	static
../Core/Src/stm32h7xx_it.c:230:6:DMA2_Stream0_IRQHandler	8	static
../Core/Src/stm32h7xx_it.c:243:6:ETH_IRQHandler	8	static
../Core/Src/stm32h7xx_it.c:256:6:DCMI_IRQHandler	8	static
../Core/Src/stm32h7xx_it.c:269:6:DMA2D_IRQHandler	8	static
../Core/Src/stm32h7xx_it.c:282:6:MDMA_IRQHandler	4	static
