../APP/src/Vision_Pipeline.c:32:13:force_stop	4	static
../APP/src/Vision_Pipeline.c:45:13:extract_gray	16	static
../APP/src/Vision_Pipeline.c:57:16:scan_jpeg	24	static
../APP/src/Vision_Pipeline.c:84:16:capture_one	24	static
../APP/src/Vision_Pipeline.c:107:8:Vision_Init	8	static
../APP/src/Vision_Pipeline.c:121:6:Vision_SetMode	16	static
../APP/src/Vision_Pipeline.c:136:6:Vision_CaptureStart	8	static
../APP/src/Vision_Pipeline.c:155:9:Vision_IsFrameReady	4	static
../APP/src/Vision_Pipeline.c:157:10:Vision_GetFrameBuffer	4	static
../APP/src/Vision_Pipeline.c:159:10:Vision_GetFrameSize	4	static
